<html>
<body>
<pre>
<h1>礦ision Build Log</h1>
<h2>Tool Versions:</h2>
IDE-Version: μVision V5.37.0.0
Copyright (C) 2022 ARM Ltd and ARM Germany GmbH. All rights reserved.
License Information: Li Li, nanjing university, LIC=65ISZ-JZQ2T-RAIDM-XU4DE-JACNG-1XD7T
 
Tool Versions:
Toolchain:       MDK-ARM Plus  Version: 5.37.0.0
Toolchain Path:  C:\Keil_v5\ARM\ARMCC\Bin
C Compiler:      Armcc.exe V5.06 update 7 (build 960)
Assembler:       Armasm.exe V5.06 update 7 (build 960)
Linker/Locator:  ArmLink.exe V5.06 update 7 (build 960)
Library Manager: ArmAr.exe V5.06 update 7 (build 960)
Hex Converter:   FromElf.exe V5.06 update 7 (build 960)
CPU DLL:         SARMCM3.DLL V5.37.0.0
Dialog DLL:      DCM.DLL V1.17.5.0
Target DLL:      CMSIS_AGDI.dll V1.33.12.0
Dialog DLL:      TCM.DLL V1.56.1.0
 
<h2>Project:</h2>
C:\Users\15062\Desktop\Template\频谱仪_2\Project\LED.uvprojx
Project File Date:  05/22/2024

<h2>Output:</h2>
*** Using Compiler 'V5.06 update 7 (build 960)', folder: 'C:\Keil_v5\ARM\ARMCC\Bin'
Build target 'Target 1'
compiling operation.c...
..\USER\Operation\operation.h(206): warning:  #1-D: last line of file ends without a newline
  #endif
..\USER\Operation\operation.c(37): warning:  #223-D: function "sprintf" declared implicitly
  	sprintf((char*)display_str,"%.3fMHz",freqmid);
..\USER\Operation\operation.c(55): warning:  #223-D: function "sprintf" declared implicitly
  	sprintf((char*)display_str,"%.2f-%.2fMHz",freq_begin-10.72,freq_end-10.72);
..\USER\Operation\operation.c(86): warning:  #223-D: function "sprintf" declared implicitly
  	sprintf((char*)display_str,"%.3fmVpp",v_core);
..\USER\Operation\operation.c(151): warning:  #223-D: function "sprintf" declared implicitly
  		sprintf((char*)display_str,"%.1f",j*step+freq_begin-10.72);
..\USER\Operation\operation.c(201): warning:  #223-D: function "sprintf" declared implicitly
  		sprintf((char*)display_str,"%.3fMHz",freqmid); //浮点型数据
..\USER\Operation\operation.c: 6 warnings, 0 errors
linking...
Program Size: Code=67810 RO-data=9238 RW-data=372 ZI-data=981604  
FromELF: creating hex file...
".\OBJ\LED.axf" - 0 Error(s), 6 Warning(s).

<h2>Software Packages used:</h2>

Package Vendor: ARM
                http://www.keil.com/pack/ARM.CMSIS.5.9.0.pack
                ARM.CMSIS.5.9.0
                CMSIS (Common Microcontroller Software Interface Standard)
   * Component: CORE Version: 5.6.0

Package Vendor: Keil
                https://www.keil.com/pack/Keil.STM32F4xx_DFP.2.17.1.pack
                Keil.STM32F4xx_DFP.2.17.1
                STMicroelectronics STM32F4 Series Device Support, Drivers and Examples

<h2>Collection of Component include folders:</h2>
  ./RTE/_Target_1
  C:/Keil_v5/ARM/PACK/ARM/CMSIS/5.9.0/CMSIS/Core/Include
  C:/Keil_v5/ARM/PACK/Keil/STM32F4xx_DFP/2.17.1/Drivers/CMSIS/Device/ST/STM32F4xx/Include

<h2>Collection of Component Files used:</h2>

   * Component: ARM::CMSIS:CORE:5.6.0
Build Time Elapsed:  00:00:01
</pre>
</body>
</html>
