Component: ARM Compiler 5.06 update 7 (build 960) Tool: armlink [4d3601]

==============================================================================

Section Cross References

    main.o(.text) refers to misc.o(.text) for NVIC_PriorityGroupConfig
    main.o(.text) refers to delay.o(.text) for delay_init
    main.o(.text) refers to si5351.o(.text) for I2C2_Init
    main.o(.text) refers to tm1637.o(.text) for TM1637_Init
    main.o(.text) refers to timer.o(.text) for Init_tim3
    main.o(.text) refers to adf4351.o(.text) for ADF4351Init
    main.o(.text) refers to key_it.o(.text) for Init_KEY_RECEIVE
    main.o(.text) refers to function.o(.text) for Binary2Decimal
    main.o(.text) refers to main.o(.data) for freq_current
    main.o(.text) refers to main.o(.bss) for RECEIVE
    startup_stm32f40_41xxx.o(STACK) refers (Special) to heapauxi.o(.text) for __use_two_region_memory
    startup_stm32f40_41xxx.o(HEAP) refers (Special) to heapauxi.o(.text) for __use_two_region_memory
    startup_stm32f40_41xxx.o(RESET) refers (Special) to heapauxi.o(.text) for __use_two_region_memory
    startup_stm32f40_41xxx.o(RESET) refers to startup_stm32f40_41xxx.o(STACK) for __initial_sp
    startup_stm32f40_41xxx.o(RESET) refers to startup_stm32f40_41xxx.o(.text) for Reset_Handler
    startup_stm32f40_41xxx.o(RESET) refers to stm32f4xx_it.o(.text) for NMI_Handler
    startup_stm32f40_41xxx.o(RESET) refers to timer.o(.text) for TIM3_IRQHandler
    startup_stm32f40_41xxx.o(RESET) refers to tfcard_sdio.o(.text) for SDIO_IRQHandler
    startup_stm32f40_41xxx.o(.text) refers (Special) to heapauxi.o(.text) for __use_two_region_memory
    startup_stm32f40_41xxx.o(.text) refers to system_stm32f4xx.o(.text) for SystemInit
    startup_stm32f40_41xxx.o(.text) refers to __main.o(!!!main) for __main
    startup_stm32f40_41xxx.o(.text) refers to startup_stm32f40_41xxx.o(HEAP) for Heap_Mem
    startup_stm32f40_41xxx.o(.text) refers to startup_stm32f40_41xxx.o(STACK) for Stack_Mem
    system_stm32f4xx.o(.text) refers to system_stm32f4xx.o(.data) for SystemCoreClock
    led.o(.text) refers to stm32f4xx_rcc.o(.text) for RCC_AHB1PeriphClockCmd
    led.o(.text) refers to stm32f4xx_gpio.o(.text) for GPIO_Init
    lcd.o(.text) refers to delay.o(.text) for delay_us
    lcd.o(.text) refers to lcd.o(.data) for write_gramcmd
    lcd.o(.text) refers to stm32f4xx_rcc.o(.text) for RCC_AHB1PeriphClockCmd
    lcd.o(.text) refers to stm32f4xx_gpio.o(.text) for GPIO_Init
    lcd.o(.text) refers to stm32f4xx_fsmc.o(.text) for FSMC_NORSRAMInit
    lcd.o(.text) refers to lcd.o(.constdata) for char_1206
    keyboard.o(.text) refers to stm32f4xx_gpio.o(.text) for GPIO_Init
    keyboard.o(.text) refers to stm32f4xx_rcc.o(.text) for RCC_AHB1PeriphClockCmd
    keyboard.o(.text) refers to delay.o(.text) for delay_us
    keyboard.o(.text) refers to dfltll_clz.o(x$fpl$dfltll) for __aeabi_l2d
    keyboard.o(.text) refers to ddiv.o(x$fpl$ddiv) for __aeabi_ddiv
    keyboard.o(.text) refers to keyboard.o(.data) for KBCode
    keyboard.o(.text) refers to key_it.o(.data) for KEYBOARD_16
    keyboard.o(.text) refers to lcd.o(.text) for LCD_DisplayString
    w25qxx.o(.text) refers to spi.o(.text) for SPI1_ReadWriteByte
    w25qxx.o(.text) refers to stm32f4xx_rcc.o(.text) for RCC_AHB1PeriphClockCmd
    w25qxx.o(.text) refers to stm32f4xx_gpio.o(.text) for GPIO_Init
    w25qxx.o(.text) refers to delay.o(.text) for delay_us
    w25qxx.o(.text) refers to w25qxx.o(.data) for W25QXX_ID
    w25qxx.o(.text) refers to w25qxx.o(.bss) for TS_BUFFER
    malloc.o(.text) refers to malloc.o(.constdata) for memtblsize
    malloc.o(.text) refers to malloc.o(.data) for memmap
    malloc.o(.data) refers to malloc.o(.bss) for inmenbase
    malloc.o(.data) refers to malloc.o(.ARM.__AT_0x68000000) for exmen2base
    malloc.o(.data) refers to malloc.o(.ARM.__AT_0x680C8000) for exmemmapbase
    spi.o(.text) refers to stm32f4xx_spi.o(.text) for SPI_I2S_GetFlagStatus
    spi.o(.text) refers to stm32f4xx_rcc.o(.text) for RCC_AHB1PeriphClockCmd
    spi.o(.text) refers to stm32f4xx_gpio.o(.text) for GPIO_Init
    key_it.o(.text) refers to stm32f4xx_rcc.o(.text) for RCC_AHB1PeriphClockCmd
    key_it.o(.text) refers to stm32f4xx_gpio.o(.text) for GPIO_Init
    key_it.o(.text) refers to key_it.o(.data) for STATE_KEYBOARD
    tfcard_sdio.o(.text) refers to stm32f4xx_sdio.o(.text) for SDIO_GetFlagStatus
    tfcard_sdio.o(.text) refers to tfcard_sdio.o(.data) for DeviceMode
    tfcard_sdio.o(.text) refers to tfcard_sdio.o(.bss) for SDIO_CmdInitStructure
    tfcard_sdio.o(.text) refers to stm32f4xx_rcc.o(.text) for RCC_AHB1PeriphClockCmd
    tfcard_sdio.o(.text) refers to stm32f4xx_gpio.o(.text) for GPIO_Init
    tfcard_sdio.o(.text) refers to misc.o(.text) for NVIC_Init
    tfcard_sdio.o(.text) refers to stm32f4xx_dma.o(.text) for DMA_GetCmdStatus
    tfcard_sdio.o(.text) refers to sys.o(.emb_text) for INTX_DISABLE
    tfcard_sdio.o(.text) refers to rt_memcpy_v6.o(.text) for __aeabi_memcpy
[...]
    ..\USER\EXTI\exti.c                      0x00000000   Number         0  exti.o ABSOLUTE
    ..\USER\FATFS\cc936.c                    0x00000000   Number         0  cc936.o ABSOLUTE
    ..\USER\FATFS\src\diskio.c               0x00000000   Number         0  diskio.o ABSOLUTE
    ..\USER\FATFS\src\ff.c                   0x00000000   Number         0  ff.o ABSOLUTE
    ..\USER\FUNCTION\function.c              0x00000000   Number         0  function.o ABSOLUTE
    ..\USER\KEY_IT\key_it.c                  0x00000000   Number         0  key_it.o ABSOLUTE
    ..\USER\KeyBoard\KeyBoard.c              0x00000000   Number         0  keyboard.o ABSOLUTE
    ..\USER\LCD\lcd.c                        0x00000000   Number         0  lcd.o ABSOLUTE
    ..\USER\LED\led.c                        0x00000000   Number         0  led.o ABSOLUTE
    ..\USER\MALLOC\malloc.c                  0x00000000   Number         0  malloc.o ABSOLUTE
    ..\USER\SI5351\si5351.c                  0x00000000   Number         0  si5351.o ABSOLUTE
    ..\USER\SIN\sinx.c                       0x00000000   Number         0  sinx.o ABSOLUTE
    ..\USER\SPI\spi.c                        0x00000000   Number         0  spi.o ABSOLUTE
    ..\USER\TF_SDIO\tfcard_sdio.c            0x00000000   Number         0  tfcard_sdio.o ABSOLUTE
    ..\USER\TIM\timer.c                      0x00000000   Number         0  timer.o ABSOLUTE
    ..\USER\TM1637\tm1637.c                  0x00000000   Number         0  tm1637.o ABSOLUTE
    ..\USER\W25QXX\w25qxx.c                  0x00000000   Number         0  w25qxx.o ABSOLUTE
    ..\\HanZi\\updatefont.c                  0x00000000   Number         0  updatefont.o ABSOLUTE
    ..\\Main\\main.c                         0x00000000   Number         0  main.o ABSOLUTE
    ..\\Main\\stm32f4xx_it.c                 0x00000000   Number         0  stm32f4xx_it.o ABSOLUTE
    ..\\STM32F4_FWLIB\\src\\misc.c           0x00000000   Number         0  misc.o ABSOLUTE
    ..\\STM32F4_FWLIB\\src\\stm32f4xx_dac.c  0x00000000   Number         0  stm32f4xx_dac.o ABSOLUTE
    ..\\STM32F4_FWLIB\\src\\stm32f4xx_dma.c  0x00000000   Number         0  stm32f4xx_dma.o ABSOLUTE
    ..\\STM32F4_FWLIB\\src\\stm32f4xx_exti.c 0x00000000   Number         0  stm32f4xx_exti.o ABSOLUTE
    ..\\STM32F4_FWLIB\\src\\stm32f4xx_fsmc.c 0x00000000   Number         0  stm32f4xx_fsmc.o ABSOLUTE
    ..\\STM32F4_FWLIB\\src\\stm32f4xx_gpio.c 0x00000000   Number         0  stm32f4xx_gpio.o ABSOLUTE
    ..\\STM32F4_FWLIB\\src\\stm32f4xx_i2c.c  0x00000000   Number         0  stm32f4xx_i2c.o ABSOLUTE
    ..\\STM32F4_FWLIB\\src\\stm32f4xx_rcc.c  0x00000000   Number         0  stm32f4xx_rcc.o ABSOLUTE
    ..\\STM32F4_FWLIB\\src\\stm32f4xx_sdio.c 0x00000000   Number         0  stm32f4xx_sdio.o ABSOLUTE
    ..\\STM32F4_FWLIB\\src\\stm32f4xx_spi.c  0x00000000   Number         0  stm32f4xx_spi.o ABSOLUTE
    ..\\STM32F4_FWLIB\\src\\stm32f4xx_syscfg.c 0x00000000   Number         0  stm32f4xx_syscfg.o ABSOLUTE
    ..\\STM32F4_FWLIB\\src\\stm32f4xx_tim.c  0x00000000   Number         0  stm32f4xx_tim.o ABSOLUTE
    ..\\SYSTEM\\delay\\delay.c               0x00000000   Number         0  delay.o ABSOLUTE
    ..\\SYSTEM\\sys\\sys.c                   0x00000000   Number         0  sys.o ABSOLUTE
    ..\\Startup_config\\system_stm32f4xx.c   0x00000000   Number         0  system_stm32f4xx.o ABSOLUTE
    ..\\USER\\ADF4351\\ADF4351.c             0x00000000   Number         0  adf4351.o ABSOLUTE
    ..\\USER\\DAC\\dac.c                     0x00000000   Number         0  dac.o ABSOLUTE
    ..\\USER\\EXTI\\exti.c                   0x00000000   Number         0  exti.o ABSOLUTE
    ..\\USER\\FATFS\\cc936.c                 0x00000000   Number         0  cc936.o ABSOLUTE
    ..\\USER\\FATFS\\src\\diskio.c           0x00000000   Number         0  diskio.o ABSOLUTE
    ..\\USER\\FUNCTION\\function.c           0x00000000   Number         0  function.o ABSOLUTE
    ..\\USER\\KEY_IT\\key_it.c               0x00000000   Number         0  key_it.o ABSOLUTE
    ..\\USER\\KeyBoard\\KeyBoard.c           0x00000000   Number         0  keyboard.o ABSOLUTE
    ..\\USER\\LCD\\lcd.c                     0x00000000   Number         0  lcd.o ABSOLUTE
    ..\\USER\\LED\\led.c                     0x00000000   Number         0  led.o ABSOLUTE
    ..\\USER\\MALLOC\\malloc.c               0x00000000   Number         0  malloc.o ABSOLUTE
    ..\\USER\\SI5351\\si5351.c               0x00000000   Number         0  si5351.o ABSOLUTE
    ..\\USER\\SIN\\sinx.c                    0x00000000   Number         0  sinx.o ABSOLUTE
    ..\\USER\\SPI\\spi.c                     0x00000000   Number         0  spi.o ABSOLUTE
    ..\\USER\\TF_SDIO\\tfcard_sdio.c         0x00000000   Number         0  tfcard_sdio.o ABSOLUTE
    ..\\USER\\TIM\\timer.c                   0x00000000   Number         0  timer.o ABSOLUTE
    ..\\USER\\TM1637\\tm1637.c               0x00000000   Number         0  tm1637.o ABSOLUTE
    ..\\USER\\W25QXX\\w25qxx.c               0x00000000   Number         0  w25qxx.o ABSOLUTE
    dc.s                                     0x00000000   Number         0  dc.o ABSOLUTE
    RESET                                    0x08000000   Section      392  startup_stm32f40_41xxx.o(RESET)
    !!!main                                  0x08000188   Section        8  __main.o(!!!main)
    !!!scatter                               0x08000190   Section       52  __scatter.o(!!!scatter)
    !!handler_copy                           0x080001c4   Section       26  __scatter_copy.o(!!handler_copy)
    !!handler_zi                             0x080001e0   Section       28  __scatter_zi.o(!!handler_zi)
    .ARM.Collect$$libinit$$00000000          0x080001fc   Section        2  libinit.o(.ARM.Collect$$libinit$$00000000)
    .ARM.Collect$$libinit$$00000001          0x080001fe   Section        4  libinit2.o(.ARM.Collect$$libinit$$00000001)
    .ARM.Collect$$libinit$$00000004          0x08000202   Section        0  libinit2.o(.ARM.Collect$$libinit$$00000004)
    .ARM.Collect$$libinit$$0000000A          0x08000202   Section        0  libinit2.o(.ARM.Collect$$libinit$$0000000A)
    .ARM.Collect$$libinit$$0000000C          0x08000202   Section        0  libinit2.o(.ARM.Collect$$libinit$$0000000C)
    .ARM.Collect$$libinit$$0000000E          0x08000202   Section        0  libinit2.o(.ARM.Collect$$libinit$$0000000E)
    .ARM.Collect$$libinit$$00000011          0x08000202   Section        0  libinit2.o(.ARM.Collect$$libinit$$00000011)
    .ARM.Collect$$libinit$$00000013          0x08000202   Section        0  libinit2.o(.ARM.Collect$$libinit$$00000013)
    .ARM.Collect$$libinit$$00000015          0x08000202   Section        0  libinit2.o(.ARM.Collect$$libinit$$00000015)
    .ARM.Collect$$libinit$$00000017          0x08000202   Section        0  libinit2.o(.ARM.Collect$$libinit$$00000017)
    .ARM.Collect$$libinit$$00000019          0x08000202   Section        0  libinit2.o(.ARM.Collect$$libinit$$00000019)
    .ARM.Collect$$libinit$$0000001B          0x08000202   Section        0  libinit2.o(.ARM.Collect$$libinit$$0000001B)
    .ARM.Collect$$libinit$$0000001D          0x08000202   Section        0  libinit2.o(.ARM.Collect$$libinit$$0000001D)
    .ARM.Collect$$libinit$$0000001F          0x08000202   Section        0  libinit2.o(.ARM.Collect$$libinit$$0000001F)
    .ARM.Collect$$libinit$$00000021          0x08000202   Section        0  libinit2.o(.ARM.Collect$$libinit$$00000021)
    .ARM.Collect$$libinit$$00000023          0x08000202   Section        0  libinit2.o(.ARM.Collect$$libinit$$00000023)
    .ARM.Collect$$libinit$$00000025          0x08000202   Section        0  libinit2.o(.ARM.Collect$$libinit$$00000025)
    .ARM.Collect$$libinit$$0000002C          0x08000202   Section        0  libinit2.o(.ARM.Collect$$libinit$$0000002C)
    .ARM.Collect$$libinit$$0000002E          0x08000202   Section        0  libinit2.o(.ARM.Collect$$libinit$$0000002E)
    .ARM.Collect$$libinit$$00000030          0x08000202   Section        0  libinit2.o(.ARM.Collect$$libinit$$00000030)
    .ARM.Collect$$libinit$$00000032          0x08000202   Section        0  libinit2.o(.ARM.Collect$$libinit$$00000032)
    .ARM.Collect$$libinit$$00000033          0x08000202   Section        2  libinit2.o(.ARM.Collect$$libinit$$00000033)
    .ARM.Collect$$libshutdown$$00000000      0x08000204   Section        2  libshutdown.o(.ARM.Collect$$libshutdown$$00000000)
    .ARM.Collect$$libshutdown$$00000002      0x08000206   Section        0  libshutdown2.o(.ARM.Collect$$libshutdown$$00000002)
    .ARM.Collect$$libshutdown$$00000004      0x08000206   Section        0  libshutdown2.o(.ARM.Collect$$libshutdown$$00000004)
    .ARM.Collect$$libshutdown$$00000006      0x08000206   Section        0  libshutdown2.o(.ARM.Collect$$libshutdown$$00000006)
    .ARM.Collect$$libshutdown$$00000009      0x08000206   Section        0  libshutdown2.o(.ARM.Collect$$libshutdown$$00000009)
    .ARM.Collect$$libshutdown$$0000000C      0x08000206   Section        0  libshutdown2.o(.ARM.Collect$$libshutdown$$0000000C)
    .ARM.Collect$$libshutdown$$0000000E      0x08000206   Section        0  libshutdown2.o(.ARM.Collect$$libshutdown$$0000000E)
    .ARM.Collect$$libshutdown$$00000011      0x08000206   Section        0  libshutdown2.o(.ARM.Collect$$libshutdown$$00000011)
    .ARM.Collect$$libshutdown$$00000012      0x08000206   Section        2  libshutdown2.o(.ARM.Collect$$libshutdown$$00000012)
    .ARM.Collect$$rtentry$$00000000          0x08000208   Section        0  __rtentry.o(.ARM.Collect$$rtentry$$00000000)
    .ARM.Collect$$rtentry$$00000002          0x08000208   Section        0  __rtentry2.o(.ARM.Collect$$rtentry$$00000002)
    .ARM.Collect$$rtentry$$00000004          0x08000208   Section        6  __rtentry4.o(.ARM.Collect$$rtentry$$00000004)
    .ARM.Collect$$rtentry$$00000009          0x0800020e   Section        0  __rtentry2.o(.ARM.Collect$$rtentry$$00000009)
    .ARM.Collect$$rtentry$$0000000A          0x0800020e   Section        4  __rtentry2.o(.ARM.Collect$$rtentry$$0000000A)
    .ARM.Collect$$rtentry$$0000000C          0x08000212   Section        0  __rtentry2.o(.ARM.Collect$$rtentry$$0000000C)
    .ARM.Collect$$rtentry$$0000000D          0x08000212   Section        8  __rtentry2.o(.ARM.Collect$$rtentry$$0000000D)
    .ARM.Collect$$rtexit$$00000000           0x0800021a   Section        2  rtexit.o(.ARM.Collect$$rtexit$$00000000)
    .ARM.Collect$$rtexit$$00000002           0x0800021c   Section        0  rtexit2.o(.ARM.Collect$$rtexit$$00000002)
    .ARM.Collect$$rtexit$$00000003           0x0800021c   Section        4  rtexit2.o(.ARM.Collect$$rtexit$$00000003)
    .ARM.Collect$$rtexit$$00000004           0x08000220   Section        6  rtexit2.o(.ARM.Collect$$rtexit$$00000004)
    .emb_text                                0x08000228   Section       16  sys.o(.emb_text)
    $v0                                      0x08000228   Number         0  sys.o(.emb_text)
    .text                                    0x08000238   Section        0  main.o(.text)
    .text                                    0x08000380   Section        0  stm32f4xx_it.o(.text)
    .text                                    0x0800039c   Section       64  startup_stm32f40_41xxx.o(.text)
    $v0                                      0x0800039c   Number         0  startup_stm32f40_41xxx.o(.text)
    .text                                    0x080003dc   Section        0  system_stm32f4xx.o(.text)
    SetSysClock                              0x080003dd   Thumb Code   220  system_stm32f4xx.o(.text)
    .text                                    0x080005ec   Section        0  key_it.o(.text)
    .text                                    0x08000bd0   Section        0  tfcard_sdio.o(.text)
    .text                                    0x08002938   Section        0  timer.o(.text)
    .text                                    0x08002ca4   Section        0  function.o(.text)
    .text                                    0x08002cf4   Section        0  tm1637.o(.text)
    .text                                    0x08002f30   Section        0  si5351.o(.text)
    .text                                    0x08003630   Section        0  adf4351.o(.text)
    .text                                    0x08003c10   Section        0  misc.o(.text)
    .text                                    0x08003cf0   Section        0  stm32f4xx_gpio.o(.text)
    .text                                    0x08003f84   Section        0  stm32f4xx_rcc.o(.text)
    .text                                    0x080045e0   Section        0  stm32f4xx_dma.o(.text)
    .text                                    0x08004988   Section        0  stm32f4xx_sdio.o(.text)
    .text                                    0x08004b64   Section        0  stm32f4xx_tim.o(.text)
    TI4_Config                               0x08005303   Thumb Code    80  stm32f4xx_tim.o(.text)
    TI3_Config                               0x08005365   Thumb Code    72  stm32f4xx_tim.o(.text)
    TI2_Config                               0x080053c7   Thumb Code    90  stm32f4xx_tim.o(.text)
    TI1_Config                               0x08005433   Thumb Code    58  stm32f4xx_tim.o(.text)
    .text                                    0x08005808   Section        0  delay.o(.text)
    .text                                    0x08005904   Section      138  rt_memcpy_v6.o(.text)
    .text                                    0x0800598e   Section        0  heapauxi.o(.text)
    .text                                    0x08005994   Section      100  rt_memcpy_w.o(.text)
    .text                                    0x080059f8   Section       74  sys_stackheap_outer.o(.text)
    .text                                    0x08005a42   Section        0  exit.o(.text)
    .text                                    0x08005a54   Section        8  libspace.o(.text)
    .text                                    0x08005a5c   Section        0  sys_exit.o(.text)
    .text                                    0x08005a68   Section        2  use_no_semi.o(.text)
    .text                                    0x08005a6a   Section        0  indicate_semi.o(.text)
    x$fpl$dcmpinf                            0x08005a6a   Section       24  dcmpi.o(x$fpl$dcmpinf)
    $v0                                      0x08005a6a   Number         0  dcmpi.o(x$fpl$dcmpinf)
    x$fpl$ddiv                               0x08005a84   Section      688  ddiv.o(x$fpl$ddiv)
    $v0                                      0x08005a84   Number         0  ddiv.o(x$fpl$ddiv)
    ddiv_entry                               0x08005a8b   Thumb Code     0  ddiv.o(x$fpl$ddiv)
    x$fpl$dfixu                              0x08005d34   Section       90  dfixu.o(x$fpl$dfixu)
    $v0                                      0x08005d34   Number         0  dfixu.o(x$fpl$dfixu)
    x$fpl$dflt                               0x08005d8e   Section       46  dflt_clz.o(x$fpl$dflt)
    $v0                                      0x08005d8e   Number         0  dflt_clz.o(x$fpl$dflt)
    x$fpl$dfltu                              0x08005dbc   Section       38  dflt_clz.o(x$fpl$dfltu)
    $v0                                      0x08005dbc   Number         0  dflt_clz.o(x$fpl$dfltu)
    x$fpl$dleqf                              0x08005de4   Section      120  dleqf.o(x$fpl$dleqf)
    $v0                                      0x08005de4   Number         0  dleqf.o(x$fpl$dleqf)
    x$fpl$dmul                               0x08005e5c   Section      340  dmul.o(x$fpl$dmul)
    $v0                                      0x08005e5c   Number         0  dmul.o(x$fpl$dmul)
    x$fpl$dnaninf                            0x08005fb0   Section      156  dnaninf.o(x$fpl$dnaninf)
    $v0                                      0x08005fb0   Number         0  dnaninf.o(x$fpl$dnaninf)
    x$fpl$dretinf                            0x0800604c   Section       12  dretinf.o(x$fpl$dretinf)
    $v0                                      0x0800604c   Number         0  dretinf.o(x$fpl$dretinf)
    x$fpl$drleqf                             0x08006058   Section      108  drleqf.o(x$fpl$drleqf)
    $v0                                      0x08006058   Number         0  drleqf.o(x$fpl$drleqf)
    x$fpl$fpinit                             0x080060c4   Section       10  fpinit.o(x$fpl$fpinit)
    $v0                                      0x080060c4   Number         0  fpinit.o(x$fpl$fpinit)
    x$fpl$usenofp                            0x080060ce   Section        0  usenofp.o(x$fpl$usenofp)
    .data                                    0x20000000   Section       56  main.o(.data)
    .data                                    0x20000038   Section       20  system_stm32f4xx.o(.data)
    .data                                    0x2000004c   Section       72  key_it.o(.data)
    .data                                    0x20000094   Section       16  tfcard_sdio.o(.data)
    CardType                                 0x20000094   Data           1  tfcard_sdio.o(.data)
    RCA                                      0x20000098   Data           4  tfcard_sdio.o(.data)
    DeviceMode                               0x2000009c   Data           1  tfcard_sdio.o(.data)
    StopCondition                            0x2000009d   Data           1  tfcard_sdio.o(.data)
    .data                                    0x200000a4   Section       16  stm32f4xx_rcc.o(.data)
    APBAHBPrescTable                         0x200000a4   Data          16  stm32f4xx_rcc.o(.data)
    .data                                    0x200000b4   Section        4  delay.o(.data)
    fac_us                                   0x200000b4   Data           1  delay.o(.data)
    fac_ms                                   0x200000b6   Data           2  delay.o(.data)
    .bss                                     0x200000b8   Section       24  main.o(.bss)
    .bss                                     0x200000d0   Section      704  tfcard_sdio.o(.bss)
    CSD_Tab                                  0x20000114   Data          16  tfcard_sdio.o(.bss)
    CID_Tab                                  0x20000124   Data          16  tfcard_sdio.o(.bss)
    .bss                                     0x20000390   Section       72  adf4351.o(.bss)
    .bss                                     0x200003d8   Section       96  libspace.o(.bss)
    HEAP                                     0x20000438   Section      512  startup_stm32f40_41xxx.o(HEAP)
    Heap_Mem                                 0x20000438   Data         512  startup_stm32f40_41xxx.o(HEAP)
    STACK                                    0x20000638   Section     1024  startup_stm32f40_41xxx.o(STACK)
    Stack_Mem                                0x20000638   Data        1024  startup_stm32f40_41xxx.o(STACK)
    __initial_sp                             0x20000a38   Data           0  startup_stm32f40_41xxx.o(STACK)
    .ARM.__AT_0x68000000                     0x68000000   Section    819200  malloc.o(.ARM.__AT_0x68000000)
    .ARM.__AT_0x680C8000                     0x680c8000   Section    51200  malloc.o(.ARM.__AT_0x680C8000)

    Global Symbols

    Symbol Name                              Value     Ov Type        Size  Object(Section)

    BuildAttributes$$THM_ISAv4$E$P$D$K$B$S$7EM$VFPi3$EXTD16$VFPS$VFMA$PE$A:L22UL41UL21$X:L11$S22US41US21$IEEE1$IW$USESV6$~STKCKD$USESV7$~SHL$OSPACE$ROPI$EBA8$UX$STANDARDLIB$REQ8$PRES8$EABIv2 0x00000000   Number         0  anon$$obj.o ABSOLUTE
    __ARM_use_no_argv                        0x00000000   Number         0  main.o ABSOLUTE
    __ARM_exceptions_init                     - Undefined Weak Reference
    __alloca_initialize                       - Undefined Weak Reference
    __arm_fini_                               - Undefined Weak Reference
    __arm_preinit_                            - Undefined Weak Reference
    __cpp_initialize__aeabi_                  - Undefined Weak Reference
    __cxa_finalize                            - Undefined Weak Reference
    __rt_locale                               - Undefined Weak Reference
    __sigvec_lookup                           - Undefined Weak Reference
    _atexit_init                              - Undefined Weak Reference
    _call_atexit_fns                          - Undefined Weak Reference
    _clock_init                               - Undefined Weak Reference
    _fp_trap_init                             - Undefined Weak Reference
    _fp_trap_shutdown                         - Undefined Weak Reference
    _get_lc_collate                           - Undefined Weak Reference
    _get_lc_ctype                             - Undefined Weak Reference
    _get_lc_monetary                          - Undefined Weak Reference
    _get_lc_numeric                           - Undefined Weak Reference
    _get_lc_time                              - Undefined Weak Reference
    _getenv_init                              - Undefined Weak Reference
    _handle_redirection                       - Undefined Weak Reference
    _init_alloc                               - Undefined Weak Reference
    _init_user_alloc                          - Undefined Weak Reference
    _initio                                   - Undefined Weak Reference
    _rand_init                                - Undefined Weak Reference
    _signal_finish                            - Undefined Weak Reference
    _signal_init                              - Undefined Weak Reference
    _terminate_alloc                          - Undefined Weak Reference
    _terminate_user_alloc                     - Undefined Weak Reference
    _terminateio                              - Undefined Weak Reference
    __Vectors_Size                           0x00000188   Number         0  startup_stm32f40_41xxx.o ABSOLUTE
    __Vectors                                0x08000000   Data           4  startup_stm32f40_41xxx.o(RESET)
    __Vectors_End                            0x08000188   Data           0  startup_stm32f40_41xxx.o(RESET)
    __main                                   0x08000189   Thumb Code     8  __main.o(!!!main)
    __scatterload                            0x08000191   Thumb Code     0  __scatter.o(!!!scatter)
    __scatterload_rt2                        0x08000191   Thumb Code    44  __scatter.o(!!!scatter)
    __scatterload_rt2_thumb_only             0x08000191   Thumb Code     0  __scatter.o(!!!scatter)
    __scatterload_null                       0x0800019f   Thumb Code     0  __scatter.o(!!!scatter)
    __scatterload_copy                       0x080001c5   Thumb Code    26  __scatter_copy.o(!!handler_copy)
    __scatterload_zeroinit                   0x080001e1   Thumb Code    28  __scatter_zi.o(!!handler_zi)
    __rt_lib_init                            0x080001fd   Thumb Code     0  libinit.o(.ARM.Collect$$libinit$$00000000)
    __rt_lib_init_fp_1                       0x080001ff   Thumb Code     0  libinit2.o(.ARM.Collect$$libinit$$00000001)
    __rt_lib_init_alloca_1                   0x08000203   Thumb Code     0  libinit2.o(.ARM.Collect$$libinit$$0000002E)
    __rt_lib_init_argv_1                     0x08000203   Thumb Code     0  libinit2.o(.ARM.Collect$$libinit$$0000002C)
    __rt_lib_init_atexit_1                   0x08000203   Thumb Code     0  libinit2.o(.ARM.Collect$$libinit$$0000001B)
    __rt_lib_init_clock_1                    0x08000203   Thumb Code     0  libinit2.o(.ARM.Collect$$libinit$$00000021)
    __rt_lib_init_cpp_1                      0x08000203   Thumb Code     0  libinit2.o(.ARM.Collect$$libinit$$00000032)
    __rt_lib_init_exceptions_1               0x08000203   Thumb Code     0  libinit2.o(.ARM.Collect$$libinit$$00000030)
    __rt_lib_init_fp_trap_1                  0x08000203   Thumb Code     0  libinit2.o(.ARM.Collect$$libinit$$0000001F)
    __rt_lib_init_getenv_1                   0x08000203   Thumb Code     0  libinit2.o(.ARM.Collect$$libinit$$00000023)
    __rt_lib_init_heap_1                     0x08000203   Thumb Code     0  libinit2.o(.ARM.Collect$$libinit$$0000000A)
    __rt_lib_init_lc_collate_1               0x08000203   Thumb Code     0  libinit2.o(.ARM.Collect$$libinit$$00000011)
    __rt_lib_init_lc_ctype_1                 0x08000203   Thumb Code     0  libinit2.o(.ARM.Collect$$libinit$$00000013)
    __rt_lib_init_lc_monetary_1              0x08000203   Thumb Code     0  libinit2.o(.ARM.Collect$$libinit$$00000015)
    __rt_lib_init_lc_numeric_1               0x08000203   Thumb Code     0  libinit2.o(.ARM.Collect$$libinit$$00000017)
    __rt_lib_init_lc_time_1                  0x08000203   Thumb Code     0  libinit2.o(.ARM.Collect$$libinit$$00000019)
    __rt_lib_init_preinit_1                  0x08000203   Thumb Code     0  libinit2.o(.ARM.Collect$$libinit$$00000004)
    __rt_lib_init_rand_1                     0x08000203   Thumb Code     0  libinit2.o(.ARM.Collect$$libinit$$0000000E)
    __rt_lib_init_return                     0x08000203   Thumb Code     0  libinit2.o(.ARM.Collect$$libinit$$00000033)
    __rt_lib_init_signal_1                   0x08000203   Thumb Code     0  libinit2.o(.ARM.Collect$$libinit$$0000001D)
    __rt_lib_init_stdio_1                    0x08000203   Thumb Code     0  libinit2.o(.ARM.Collect$$libinit$$00000025)
    __rt_lib_init_user_alloc_1               0x08000203   Thumb Code     0  libinit2.o(.ARM.Collect$$libinit$$0000000C)
    __rt_lib_shutdown                        0x08000205   Thumb Code     0  libshutdown.o(.ARM.Collect$$libshutdown$$00000000)
    __rt_lib_shutdown_cpp_1                  0x08000207   Thumb Code     0  libshutdown2.o(.ARM.Collect$$libshutdown$$00000004)
    __rt_lib_shutdown_fini_1                 0x08000207   Thumb Code     0  libshutdown2.o(.ARM.Collect$$libshutdown$$00000002)
    __rt_lib_shutdown_fp_trap_1              0x08000207   Thumb Code     0  libshutdown2.o(.ARM.Collect$$libshutdown$$00000009)
    __rt_lib_shutdown_heap_1                 0x08000207   Thumb Code     0  libshutdown2.o(.ARM.Collect$$libshutdown$$00000011)
    __rt_lib_shutdown_return                 0x08000207   Thumb Code     0  libshutdown2.o(.ARM.Collect$$libshutdown$$00000012)
    __rt_lib_shutdown_signal_1               0x08000207   Thumb Code     0  libshutdown2.o(.ARM.Collect$$libshutdown$$0000000C)
    __rt_lib_shutdown_stdio_1                0x08000207   Thumb Code     0  libshutdown2.o(.ARM.Collect$$libshutdown$$00000006)
    __rt_lib_shutdown_user_alloc_1           0x08000207   Thumb Code     0  libshutdown2.o(.ARM.Collect$$libshutdown$$0000000E)
    __rt_entry                               0x08000209   Thumb Code     0  __rtentry.o(.ARM.Collect$$rtentry$$00000000)
    __rt_entry_presh_1                       0x08000209   Thumb Code     0  __rtentry2.o(.ARM.Collect$$rtentry$$00000002)
    __rt_entry_sh                            0x08000209   Thumb Code     0  __rtentry4.o(.ARM.Collect$$rtentry$$00000004)
    __rt_entry_li                            0x0800020f   Thumb Code     0  __rtentry2.o(.ARM.Collect$$rtentry$$0000000A)
    __rt_entry_postsh_1                      0x0800020f   Thumb Code     0  __rtentry2.o(.ARM.Collect$$rtentry$$00000009)
    __rt_entry_main                          0x08000213   Thumb Code     0  __rtentry2.o(.ARM.Collect$$rtentry$$0000000D)
    __rt_entry_postli_1                      0x08000213   Thumb Code     0  __rtentry2.o(.ARM.Collect$$rtentry$$0000000C)
    __rt_exit                                0x0800021b   Thumb Code     0  rtexit.o(.ARM.Collect$$rtexit$$00000000)
    __rt_exit_ls                             0x0800021d   Thumb Code     0  rtexit2.o(.ARM.Collect$$rtexit$$00000003)
    __rt_exit_prels_1                        0x0800021d   Thumb Code     0  rtexit2.o(.ARM.Collect$$rtexit$$00000002)
    __rt_exit_exit                           0x08000221   Thumb Code     0  rtexit2.o(.ARM.Collect$$rtexit$$00000004)
    WFI_SET                                  0x08000229   Thumb Code     2  sys.o(.emb_text)
    INTX_DISABLE                             0x0800022b   Thumb Code     4  sys.o(.emb_text)
    INTX_ENABLE                              0x0800022f   Thumb Code     4  sys.o(.emb_text)
    MSR_MSP                                  0x08000233   Thumb Code     6  sys.o(.emb_text)
    main                                     0x08000239   Thumb Code   284  main.o(.text)
    NMI_Handler                              0x08000381   Thumb Code     2  stm32f4xx_it.o(.text)
    HardFault_Handler                        0x08000383   Thumb Code     4  stm32f4xx_it.o(.text)
    MemManage_Handler                        0x08000387   Thumb Code     4  stm32f4xx_it.o(.text)
    BusFault_Handler                         0x0800038b   Thumb Code     4  stm32f4xx_it.o(.text)
    UsageFault_Handler                       0x0800038f   Thumb Code     4  stm32f4xx_it.o(.text)
    SVC_Handler                              0x08000393   Thumb Code     2  stm32f4xx_it.o(.text)
    DebugMon_Handler                         0x08000395   Thumb Code     2  stm32f4xx_it.o(.text)
    PendSV_Handler                           0x08000397   Thumb Code     2  stm32f4xx_it.o(.text)
    SysTick_Handler                          0x08000399   Thumb Code     2  stm32f4xx_it.o(.text)
    Reset_Handler                            0x0800039d   Thumb Code     8  startup_stm32f40_41xxx.o(.text)
    ADC_IRQHandler                           0x080003b7   Thumb Code     0  startup_stm32f40_41xxx.o(.text)
    CAN1_RX0_IRQHandler                      0x080003b7   Thumb Code     0  startup_stm32f40_41xxx.o(.text)
    CAN1_RX1_IRQHandler                      0x080003b7   Thumb Code     0  startup_stm32f40_41xxx.o(.text)
    CAN1_SCE_IRQHandler                      0x080003b7   Thumb Code     0  startup_stm32f40_41xxx.o(.text)
    CAN1_TX_IRQHandler                       0x080003b7   Thumb Code     0  startup_stm32f40_41xxx.o(.text)
    CAN2_RX0_IRQHandler                      0x080003b7   Thumb Code     0  startup_stm32f40_41xxx.o(.text)
    CAN2_RX1_IRQHandler                      0x080003b7   Thumb Code     0  startup_stm32f40_41xxx.o(.text)
    CAN2_SCE_IRQHandler                      0x080003b7   Thumb Code     0  startup_stm32f40_41xxx.o(.text)
    CAN2_TX_IRQHandler                       0x080003b7   Thumb Code     0  startup_stm32f40_41xxx.o(.text)
    CRYP_IRQHandler                          0x080003b7   Thumb Code     0  startup_stm32f40_41xxx.o(.text)
    DCMI_IRQHandler                          0x080003b7   Thumb Code     0  startup_stm32f40_41xxx.o(.text)
    DMA1_Stream0_IRQHandler                  0x080003b7   Thumb Code     0  startup_stm32f40_41xxx.o(.text)
    DMA1_Stream1_IRQHandler                  0x080003b7   Thumb Code     0  startup_stm32f40_41xxx.o(.text)
    DMA1_Stream2_IRQHandler                  0x080003b7   Thumb Code     0  startup_stm32f40_41xxx.o(.text)
    DMA1_Stream3_IRQHandler                  0x080003b7   Thumb Code     0  startup_stm32f40_41xxx.o(.text)
    DMA1_Stream4_IRQHandler                  0x080003b7   Thumb Code     0  startup_stm32f40_41xxx.o(.text)
    DMA1_Stream5_IRQHandler                  0x080003b7   Thumb Code     0  startup_stm32f40_41xxx.o(.text)
    DMA1_Stream6_IRQHandler                  0x080003b7   Thumb Code     0  startup_stm32f40_41xxx.o(.text)
    DMA1_Stream7_IRQHandler                  0x080003b7   Thumb Code     0  startup_stm32f40_41xxx.o(.text)
    DMA2_Stream0_IRQHandler                  0x080003b7   Thumb Code     0  startup_stm32f40_41xxx.o(.text)
    DMA2_Stream1_IRQHandler                  0x080003b7   Thumb Code     0  startup_stm32f40_41xxx.o(.text)
    DMA2_Stream2_IRQHandler                  0x080003b7   Thumb Code     0  startup_stm32f40_41xxx.o(.text)
    DMA2_Stream3_IRQHandler                  0x080003b7   Thumb Code     0  startup_stm32f40_41xxx.o(.text)
    DMA2_Stream4_IRQHandler                  0x080003b7   Thumb Code     0  startup_stm32f40_41xxx.o(.text)
    DMA2_Stream5_IRQHandler                  0x080003b7   Thumb Code     0  startup_stm32f40_41xxx.o(.text)
    DMA2_Stream6_IRQHandler                  0x080003b7   Thumb Code     0  startup_stm32f40_41xxx.o(.text)
    DMA2_Stream7_IRQHandler                  0x080003b7   Thumb Code     0  startup_stm32f40_41xxx.o(.text)
    ETH_IRQHandler                           0x080003b7   Thumb Code     0  startup_stm32f40_41xxx.o(.text)
    ETH_WKUP_IRQHandler                      0x080003b7   Thumb Code     0  startup_stm32f40_41xxx.o(.text)
    EXTI0_IRQHandler                         0x080003b7   Thumb Code     0  startup_stm32f40_41xxx.o(.text)
    EXTI15_10_IRQHandler                     0x080003b7   Thumb Code     0  startup_stm32f40_41xxx.o(.text)
    EXTI1_IRQHandler                         0x080003b7   Thumb Code     0  startup_stm32f40_41xxx.o(.text)
    EXTI2_IRQHandler                         0x080003b7   Thumb Code     0  startup_stm32f40_41xxx.o(.text)
    EXTI3_IRQHandler                         0x080003b7   Thumb Code     0  startup_stm32f40_41xxx.o(.text)
    EXTI4_IRQHandler                         0x080003b7   Thumb Code     0  startup_stm32f40_41xxx.o(.text)
    EXTI9_5_IRQHandler                       0x080003b7   Thumb Code     0  startup_stm32f40_41xxx.o(.text)
    FLASH_IRQHandler                         0x080003b7   Thumb Code     0  startup_stm32f40_41xxx.o(.text)
    FPU_IRQHandler                           0x080003b7   Thumb Code     0  startup_stm32f40_41xxx.o(.text)
    FSMC_IRQHandler                          0x080003b7   Thumb Code     0  startup_stm32f40_41xxx.o(.text)
    HASH_RNG_IRQHandler                      0x080003b7   Thumb Code     0  startup_stm32f40_41xxx.o(.text)
    I2C1_ER_IRQHandler                       0x080003b7   Thumb Code     0  startup_stm32f40_41xxx.o(.text)
    I2C1_EV_IRQHandler                       0x080003b7   Thumb Code     0  startup_stm32f40_41xxx.o(.text)
    I2C2_ER_IRQHandler                       0x080003b7   Thumb Code     0  startup_stm32f40_41xxx.o(.text)
    I2C2_EV_IRQHandler                       0x080003b7   Thumb Code     0  startup_stm32f40_41xxx.o(.text)
    I2C3_ER_IRQHandler                       0x080003b7   Thumb Code     0  startup_stm32f40_41xxx.o(.text)
    I2C3_EV_IRQHandler                       0x080003b7   Thumb Code     0  startup_stm32f40_41xxx.o(.text)
    OTG_FS_IRQHandler                        0x080003b7   Thumb Code     0  startup_stm32f40_41xxx.o(.text)
    OTG_FS_WKUP_IRQHandler                   0x080003b7   Thumb Code     0  startup_stm32f40_41xxx.o(.text)
    OTG_HS_EP1_IN_IRQHandler                 0x080003b7   Thumb Code     0  startup_stm32f40_41xxx.o(.text)
    OTG_HS_EP1_OUT_IRQHandler                0x080003b7   Thumb Code     0  startup_stm32f40_41xxx.o(.text)
    OTG_HS_IRQHandler                        0x080003b7   Thumb Code     0  startup_stm32f40_41xxx.o(.text)
    OTG_HS_WKUP_IRQHandler                   0x080003b7   Thumb Code     0  startup_stm32f40_41xxx.o(.text)
    PVD_IRQHandler                           0x080003b7   Thumb Code     0  startup_stm32f40_41xxx.o(.text)
    RCC_IRQHandler                           0x080003b7   Thumb Code     0  startup_stm32f40_41xxx.o(.text)
    RTC_Alarm_IRQHandler                     0x080003b7   Thumb Code     0  startup_stm32f40_41xxx.o(.text)
    RTC_WKUP_IRQHandler                      0x080003b7   Thumb Code     0  startup_stm32f40_41xxx.o(.text)
    SPI1_IRQHandler                          0x080003b7   Thumb Code     0  startup_stm32f40_41xxx.o(.text)
    SPI2_IRQHandler                          0x080003b7   Thumb Code     0  startup_stm32f40_41xxx.o(.text)
    SPI3_IRQHandler                          0x080003b7   Thumb Code     0  startup_stm32f40_41xxx.o(.text)
    TAMP_STAMP_IRQHandler                    0x080003b7   Thumb Code     0  startup_stm32f40_41xxx.o(.text)
    TIM1_BRK_TIM9_IRQHandler                 0x080003b7   Thumb Code     0  startup_stm32f40_41xxx.o(.text)
    TIM1_CC_IRQHandler                       0x080003b7   Thumb Code     0  startup_stm32f40_41xxx.o(.text)
    TIM1_TRG_COM_TIM11_IRQHandler            0x080003b7   Thumb Code     0  startup_stm32f40_41xxx.o(.text)
    TIM1_UP_TIM10_IRQHandler                 0x080003b7   Thumb Code     0  startup_stm32f40_41xxx.o(.text)
    TIM2_IRQHandler                          0x080003b7   Thumb Code     0  startup_stm32f40_41xxx.o(.text)
    TIM4_IRQHandler                          0x080003b7   Thumb Code     0  startup_stm32f40_41xxx.o(.text)
    TIM6_DAC_IRQHandler                      0x080003b7   Thumb Code     0  startup_stm32f40_41xxx.o(.text)
    TIM7_IRQHandler                          0x080003b7   Thumb Code     0  startup_stm32f40_41xxx.o(.text)
    TIM8_BRK_TIM12_IRQHandler                0x080003b7   Thumb Code     0  startup_stm32f40_41xxx.o(.text)
    TIM8_CC_IRQHandler                       0x080003b7   Thumb Code     0  startup_stm32f40_41xxx.o(.text)
    TIM8_TRG_COM_TIM14_IRQHandler            0x080003b7   Thumb Code     0  startup_stm32f40_41xxx.o(.text)
    TIM8_UP_TIM13_IRQHandler                 0x080003b7   Thumb Code     0  startup_stm32f40_41xxx.o(.text)
    UART4_IRQHandler                         0x080003b7   Thumb Code     0  startup_stm32f40_41xxx.o(.text)
    UART5_IRQHandler                         0x080003b7   Thumb Code     0  startup_stm32f40_41xxx.o(.text)
    USART1_IRQHandler                        0x080003b7   Thumb Code     0  startup_stm32f40_41xxx.o(.text)
    USART2_IRQHandler                        0x080003b7   Thumb Code     0  startup_stm32f40_41xxx.o(.text)
    USART3_IRQHandler                        0x080003b7   Thumb Code     0  startup_stm32f40_41xxx.o(.text)
    USART6_IRQHandler                        0x080003b7   Thumb Code     0  startup_stm32f40_41xxx.o(.text)
    WWDG_IRQHandler                          0x080003b7   Thumb Code     0  startup_stm32f40_41xxx.o(.text)
    __user_initial_stackheap                 0x080003b9   Thumb Code     0  startup_stm32f40_41xxx.o(.text)
    SystemInit                               0x080004b9   Thumb Code    88  system_stm32f4xx.o(.text)
    SystemCoreClockUpdate                    0x08000511   Thumb Code   174  system_stm32f4xx.o(.text)
    KEY_Init                                 0x080005ed   Thumb Code    44  key_it.o(.text)
    Init_KEY_RECEIVE                         0x08000619   Thumb Code    44  key_it.o(.text)
    KEYBOARDPRESS                            0x08000645   Thumb Code   364  key_it.o(.text)
    KEY_0_PRESS                              0x080007b1   Thumb Code   184  key_it.o(.text)
    KEY_1_PRESS                              0x08000869   Thumb Code   192  key_it.o(.text)
    KEY_2_PRESS                              0x08000929   Thumb Code   192  key_it.o(.text)
    KEY_3_PRESS                              0x080009e9   Thumb Code   272  key_it.o(.text)
    KEY_RECEIVE_PRESS                        0x08000af9   Thumb Code   184  key_it.o(.text)
    SDIO_Register_Deinit                     0x08000bd1   Thumb Code    48  tfcard_sdio.o(.text)
    SD_SetDeviceMode                         0x08000c01   Thumb Code    20  tfcard_sdio.o(.text)
    SDIO_Clock_Set                           0x08000c15   Thumb Code    18  tfcard_sdio.o(.text)
    CmdResp1Error                            0x08000c27   Thumb Code    96  tfcard_sdio.o(.text)
    FindSCR                                  0x08000c87   Thumb Code   390  tfcard_sdio.o(.text)
    SDEnWideBus                              0x08000e0d   Thumb Code   160  tfcard_sdio.o(.text)
    SD_EnableWideBusOperation                0x08000ead   Thumb Code    98  tfcard_sdio.o(.text)
    SD_SelectDeselect                        0x08000f0f   Thumb Code    42  tfcard_sdio.o(.text)
    SD_GetCardInfo                           0x08000f39   Thumb Code   802  tfcard_sdio.o(.text)
    CmdResp2Error                            0x0800125b   Thumb Code    80  tfcard_sdio.o(.text)
    CmdResp6Error                            0x080012ab   Thumb Code   144  tfcard_sdio.o(.text)
    SD_InitializeCards                       0x0800133b   Thumb Code   354  tfcard_sdio.o(.text)
    CmdResp3Error                            0x0800149d   Thumb Code    52  tfcard_sdio.o(.text)
    CmdResp7Error                            0x080014d1   Thumb Code    72  tfcard_sdio.o(.text)
    CmdError                                 0x08001519   Thumb Code    48  tfcard_sdio.o(.text)
    SD_PowerON                               0x08001549   Thumb Code   460  tfcard_sdio.o(.text)
    SD_Init                                  0x08001715   Thumb Code   334  tfcard_sdio.o(.text)
    SD_PowerOFF                              0x08001863   Thumb Code    12  tfcard_sdio.o(.text)
    SD_DMA_Config                            0x0800186f   Thumb Code   118  tfcard_sdio.o(.text)
    convert_from_bytes_to_power_of_two       0x080018e5   Thumb Code    18  tfcard_sdio.o(.text)
    SD_ReadBlock                             0x080018f7   Thumb Code   578  tfcard_sdio.o(.text)
    SD_ReadMultiBlocks                       0x08001b39   Thumb Code   762  tfcard_sdio.o(.text)
    IsCardProgramming                        0x08001e33   Thumb Code   150  tfcard_sdio.o(.text)
    SD_WriteBlock                            0x08001ec9   Thumb Code   914  tfcard_sdio.o(.text)
    SD_WriteMultiBlocks                      0x0800225b   Thumb Code   976  tfcard_sdio.o(.text)
    SD_ProcessIRQSrc                         0x0800262b   Thumb Code   322  tfcard_sdio.o(.text)
    SDIO_IRQHandler                          0x0800276d   Thumb Code     8  tfcard_sdio.o(.text)
    SD_SendStatus                            0x08002775   Thumb Code    74  tfcard_sdio.o(.text)
    SD_GetState                              0x080027bf   Thumb Code    26  tfcard_sdio.o(.text)
    SD_ReadSDisk                             0x080027d9   Thumb Code   192  tfcard_sdio.o(.text)
    SD_WriteSDisk                            0x08002899   Thumb Code   152  tfcard_sdio.o(.text)
    TIM5_Init                                0x08002939   Thumb Code    88  timer.o(.text)
    TIM5_IRQHandler                          0x08002991   Thumb Code    28  timer.o(.text)
    Init_tim3                                0x080029ad   Thumb Code   214  timer.o(.text)
    TIM3_IRQHandler                          0x08002a83   Thumb Code   164  timer.o(.text)
    Tim4_CLK_Init_B6                         0x08002b27   Thumb Code   166  timer.o(.text)
    Tim2_CLK_Init_A3                         0x08002bcd   Thumb Code   170  timer.o(.text)
    Binary2Decimal                           0x08002ca5   Thumb Code    28  function.o(.text)
    Counter                                  0x08002cc1   Thumb Code    24  function.o(.text)
    Check                                    0x08002cd9   Thumb Code    26  function.o(.text)
    TM1637Stop                               0x08002cf5   Thumb Code    62  tm1637.o(.text)
    TM1637ReadResult                         0x08002d33   Thumb Code    46  tm1637.o(.text)
    TM1637WriteByte                          0x08002d61   Thumb Code    78  tm1637.o(.text)
    TM1637Start                              0x08002daf   Thumb Code    40  tm1637.o(.text)
    TM1637_Display_Byte                      0x08002dd7   Thumb Code    62  tm1637.o(.text)
    TM1637_Clear                             0x08002e15   Thumb Code    24  tm1637.o(.text)
    TM1637SetBrightness                      0x08002e2d   Thumb Code    38  tm1637.o(.text)
    TM1637_Init                              0x08002e53   Thumb Code   100  tm1637.o(.text)
    TM1637ShowOne                            0x08002eb7   Thumb Code    18  tm1637.o(.text)
    TM1637_Display4                          0x08002ec9   Thumb Code    96  tm1637.o(.text)
    I2C2_Stop                                0x08002f31   Thumb Code   110  si5351.o(.text)
    I2C2_Init                                0x08002f9f   Thumb Code    50  si5351.o(.text)
    I2C2_Start                               0x08002fd1   Thumb Code    94  si5351.o(.text)
    I2C2_Ack                                 0x0800302f   Thumb Code    78  si5351.o(.text)
    I2C2_NAck                                0x0800307d   Thumb Code    68  si5351.o(.text)
    I2C2_Wait_Ack                            0x080030c1   Thumb Code   104  si5351.o(.text)
    I2C2_Send_Byte                           0x08003129   Thumb Code    88  si5351.o(.text)
    I2C2_Read_Byte                           0x08003181   Thumb Code    74  si5351.o(.text)
    I2C_Write_REG                            0x080031cb   Thumb Code    92  si5351.o(.text)
    I2C2_Read_REG                            0x08003227   Thumb Code   112  si5351.o(.text)
    I2C2_Write_NByte                         0x08003297   Thumb Code   108  si5351.o(.text)
    I2C2_CheckDevice                         0x08003303   Thumb Code    56  si5351.o(.text)
    I2C_sendREG                              0x0800333b   Thumb Code    90  si5351.o(.text)
    my_I2C2_Read_REG                         0x08003395   Thumb Code   108  si5351.o(.text)
    setupPLL                                 0x08003401   Thumb Code   206  si5351.o(.text)
    setupMultisynth                          0x080034cf   Thumb Code   118  si5351.o(.text)
    si5351aSetFrequency                      0x08003545   Thumb Code   216  si5351.o(.text)
    ADF_Output_GPIOInit                      0x08003631   Thumb Code   122  adf4351.o(.text)
    ADF_DOUT_GPIOInit                        0x080036ab   Thumb Code    42  adf4351.o(.text)
    delay                                    0x080036d5   Thumb Code    10  adf4351.o(.text)
    WriteToADF4351                           0x080036df   Thumb Code   174  adf4351.o(.text)
    ReadToADF4351                            0x0800378d   Thumb Code   166  adf4351.o(.text)
    ADF4351MEGInit                           0x08003833   Thumb Code    72  adf4351.o(.text)
    TransformInt32ToU8                       0x0800387b   Thumb Code    16  adf4351.o(.text)
    ADF4351Init                              0x0800388b   Thumb Code   124  adf4351.o(.text)
    WriteOneRegToADF4351                     0x08003907   Thumb Code    42  adf4351.o(.text)
    ADF4351_Init_some                        0x08003931   Thumb Code    24  adf4351.o(.text)
    ADF4351WriteFreq                         0x08003949   Thumb Code   690  adf4351.o(.text)
    NVIC_PriorityGroupConfig                 0x08003c11   Thumb Code    10  misc.o(.text)
    NVIC_Init                                0x08003c1b   Thumb Code   106  misc.o(.text)
    NVIC_SetVectorTable                      0x08003c85   Thumb Code    14  misc.o(.text)
    NVIC_SystemLPConfig                      0x08003c93   Thumb Code    34  misc.o(.text)
    SysTick_CLKSourceConfig                  0x08003cb5   Thumb Code    40  misc.o(.text)
    GPIO_DeInit                              0x08003cf1   Thumb Code   268  stm32f4xx_gpio.o(.text)
    GPIO_Init                                0x08003dfd   Thumb Code   144  stm32f4xx_gpio.o(.text)
    GPIO_StructInit                          0x08003e8d   Thumb Code    18  stm32f4xx_gpio.o(.text)
    GPIO_PinLockConfig                       0x08003e9f   Thumb Code    34  stm32f4xx_gpio.o(.text)
    GPIO_ReadInputDataBit                    0x08003ec1   Thumb Code    18  stm32f4xx_gpio.o(.text)
    GPIO_ReadInputData                       0x08003ed3   Thumb Code     8  stm32f4xx_gpio.o(.text)
    GPIO_ReadOutputDataBit                   0x08003edb   Thumb Code    18  stm32f4xx_gpio.o(.text)
    GPIO_ReadOutputData                      0x08003eed   Thumb Code     8  stm32f4xx_gpio.o(.text)
    GPIO_SetBits                             0x08003ef5   Thumb Code     4  stm32f4xx_gpio.o(.text)
    GPIO_ResetBits                           0x08003ef9   Thumb Code     4  stm32f4xx_gpio.o(.text)
    GPIO_WriteBit                            0x08003efd   Thumb Code    10  stm32f4xx_gpio.o(.text)
    GPIO_Write                               0x08003f07   Thumb Code     4  stm32f4xx_gpio.o(.text)
    GPIO_ToggleBits                          0x08003f0b   Thumb Code     8  stm32f4xx_gpio.o(.text)
    GPIO_PinAFConfig                         0x08003f13   Thumb Code    70  stm32f4xx_gpio.o(.text)
    RCC_DeInit                               0x08003f85   Thumb Code    82  stm32f4xx_rcc.o(.text)
    RCC_HSEConfig                            0x08003fd7   Thumb Code    14  stm32f4xx_rcc.o(.text)
    RCC_GetFlagStatus                        0x08003fe5   Thumb Code    60  stm32f4xx_rcc.o(.text)
    RCC_WaitForHSEStartUp                    0x08004021   Thumb Code    56  stm32f4xx_rcc.o(.text)
    RCC_AdjustHSICalibrationValue            0x08004059   Thumb Code    20  stm32f4xx_rcc.o(.text)
    RCC_HSICmd                               0x0800406d   Thumb Code     6  stm32f4xx_rcc.o(.text)
    RCC_LSEConfig                            0x08004073   Thumb Code    46  stm32f4xx_rcc.o(.text)
    RCC_LSICmd                               0x080040a1   Thumb Code     6  stm32f4xx_rcc.o(.text)
    RCC_PLLConfig                            0x080040a7   Thumb Code    32  stm32f4xx_rcc.o(.text)
    RCC_PLLCmd                               0x080040c7   Thumb Code     6  stm32f4xx_rcc.o(.text)
    RCC_PLLI2SConfig                         0x080040cd   Thumb Code    14  stm32f4xx_rcc.o(.text)
    RCC_PLLI2SCmd                            0x080040db   Thumb Code     6  stm32f4xx_rcc.o(.text)
    RCC_PLLSAIConfig                         0x080040e1   Thumb Code    20  stm32f4xx_rcc.o(.text)
    RCC_PLLSAICmd                            0x080040f5   Thumb Code     6  stm32f4xx_rcc.o(.text)
    RCC_ClockSecuritySystemCmd               0x080040fb   Thumb Code     6  stm32f4xx_rcc.o(.text)
    RCC_MCO1Config                           0x08004101   Thumb Code    28  stm32f4xx_rcc.o(.text)
    RCC_MCO2Config                           0x0800411d   Thumb Code    28  stm32f4xx_rcc.o(.text)
    RCC_SYSCLKConfig                         0x08004139   Thumb Code    20  stm32f4xx_rcc.o(.text)
    RCC_GetSYSCLKSource                      0x0800414d   Thumb Code    12  stm32f4xx_rcc.o(.text)
    RCC_HCLKConfig                           0x08004159   Thumb Code    20  stm32f4xx_rcc.o(.text)
    RCC_PCLK1Config                          0x0800416d   Thumb Code    20  stm32f4xx_rcc.o(.text)
    RCC_PCLK2Config                          0x08004181   Thumb Code    22  stm32f4xx_rcc.o(.text)
    RCC_GetClocksFreq                        0x08004197   Thumb Code   222  stm32f4xx_rcc.o(.text)
    RCC_RTCCLKConfig                         0x08004275   Thumb Code    54  stm32f4xx_rcc.o(.text)
    RCC_RTCCLKCmd                            0x080042ab   Thumb Code     8  stm32f4xx_rcc.o(.text)
    RCC_BackupResetCmd                       0x080042b3   Thumb Code     8  stm32f4xx_rcc.o(.text)
    RCC_I2SCLKConfig                         0x080042bb   Thumb Code     6  stm32f4xx_rcc.o(.text)
    RCC_SAIPLLI2SClkDivConfig                0x080042c1   Thumb Code    26  stm32f4xx_rcc.o(.text)
    RCC_SAIPLLSAIClkDivConfig                0x080042db   Thumb Code    28  stm32f4xx_rcc.o(.text)
    RCC_SAIBlockACLKConfig                   0x080042f7   Thumb Code    20  stm32f4xx_rcc.o(.text)
    RCC_SAIBlockBCLKConfig                   0x0800430b   Thumb Code    20  stm32f4xx_rcc.o(.text)
    RCC_LTDCCLKDivConfig                     0x0800431f   Thumb Code    20  stm32f4xx_rcc.o(.text)
    RCC_TIMCLKPresConfig                     0x08004333   Thumb Code     6  stm32f4xx_rcc.o(.text)
    RCC_AHB1PeriphClockCmd                   0x08004339   Thumb Code    34  stm32f4xx_rcc.o(.text)
    RCC_AHB2PeriphClockCmd                   0x0800435b   Thumb Code    78  stm32f4xx_rcc.o(.text)
    RCC_AHB3PeriphClockCmd                   0x080043a9   Thumb Code    34  stm32f4xx_rcc.o(.text)
    RCC_APB1PeriphClockCmd                   0x080043cb   Thumb Code    34  stm32f4xx_rcc.o(.text)
    RCC_APB2PeriphClockCmd                   0x080043ed   Thumb Code    34  stm32f4xx_rcc.o(.text)
    RCC_AHB1PeriphResetCmd                   0x0800440f   Thumb Code    34  stm32f4xx_rcc.o(.text)
    RCC_AHB2PeriphResetCmd                   0x08004431   Thumb Code    34  stm32f4xx_rcc.o(.text)
    RCC_AHB3PeriphResetCmd                   0x08004453   Thumb Code    34  stm32f4xx_rcc.o(.text)
    RCC_APB1PeriphResetCmd                   0x08004475   Thumb Code    34  stm32f4xx_rcc.o(.text)
    RCC_APB2PeriphResetCmd                   0x08004497   Thumb Code    34  stm32f4xx_rcc.o(.text)
    RCC_AHB1PeriphClockLPModeCmd             0x080044b9   Thumb Code    34  stm32f4xx_rcc.o(.text)
    RCC_AHB2PeriphClockLPModeCmd             0x080044db   Thumb Code    34  stm32f4xx_rcc.o(.text)
    RCC_AHB3PeriphClockLPModeCmd             0x080044fd   Thumb Code    34  stm32f4xx_rcc.o(.text)
    RCC_APB1PeriphClockLPModeCmd             0x0800451f   Thumb Code    34  stm32f4xx_rcc.o(.text)
    RCC_APB2PeriphClockLPModeCmd             0x08004541   Thumb Code    34  stm32f4xx_rcc.o(.text)
    RCC_LSEModeConfig                        0x08004563   Thumb Code    40  stm32f4xx_rcc.o(.text)
    RCC_ITConfig                             0x0800458b   Thumb Code    34  stm32f4xx_rcc.o(.text)
    RCC_ClearFlag                            0x080045ad   Thumb Code    18  stm32f4xx_rcc.o(.text)
    RCC_GetITStatus                          0x080045bf   Thumb Code    22  stm32f4xx_rcc.o(.text)
    RCC_ClearITPendingBit                    0x080045d5   Thumb Code     8  stm32f4xx_rcc.o(.text)
    DMA_DeInit                               0x080045e1   Thumb Code   324  stm32f4xx_dma.o(.text)
    DMA_Init                                 0x08004725   Thumb Code    82  stm32f4xx_dma.o(.text)
    DMA_StructInit                           0x08004777   Thumb Code    34  stm32f4xx_dma.o(.text)
    DMA_Cmd                                  0x08004799   Thumb Code    22  stm32f4xx_dma.o(.text)
    DMA_PeriphIncOffsetSizeConfig            0x080047af   Thumb Code    22  stm32f4xx_dma.o(.text)
    DMA_FlowControllerConfig                 0x080047c5   Thumb Code    22  stm32f4xx_dma.o(.text)
    DMA_SetCurrDataCounter                   0x080047db   Thumb Code     4  stm32f4xx_dma.o(.text)
    DMA_GetCurrDataCounter                   0x080047df   Thumb Code     8  stm32f4xx_dma.o(.text)
    DMA_DoubleBufferModeConfig               0x080047e7   Thumb Code    24  stm32f4xx_dma.o(.text)
    DMA_DoubleBufferModeCmd                  0x080047ff   Thumb Code    22  stm32f4xx_dma.o(.text)
    DMA_MemoryTargetConfig                   0x08004815   Thumb Code    10  stm32f4xx_dma.o(.text)
    DMA_GetCurrentMemoryTarget               0x0800481f   Thumb Code    20  stm32f4xx_dma.o(.text)
    DMA_GetCmdStatus                         0x08004833   Thumb Code    20  stm32f4xx_dma.o(.text)
    DMA_GetFIFOStatus                        0x08004847   Thumb Code    12  stm32f4xx_dma.o(.text)
    DMA_GetFlagStatus                        0x08004853   Thumb Code    56  stm32f4xx_dma.o(.text)
    DMA_ClearFlag                            0x0800488b   Thumb Code    40  stm32f4xx_dma.o(.text)
    DMA_ITConfig                             0x080048b3   Thumb Code    58  stm32f4xx_dma.o(.text)
    DMA_GetITStatus                          0x080048ed   Thumb Code    84  stm32f4xx_dma.o(.text)
    DMA_ClearITPendingBit                    0x08004941   Thumb Code    40  stm32f4xx_dma.o(.text)
    SDIO_DeInit                              0x08004989   Thumb Code    22  stm32f4xx_sdio.o(.text)
    SDIO_Init                                0x0800499f   Thumb Code    42  stm32f4xx_sdio.o(.text)
    SDIO_StructInit                          0x080049c9   Thumb Code    16  stm32f4xx_sdio.o(.text)
    SDIO_ClockCmd                            0x080049d9   Thumb Code     6  stm32f4xx_sdio.o(.text)
    SDIO_SetPowerState                       0x080049df   Thumb Code     8  stm32f4xx_sdio.o(.text)
    SDIO_GetPowerState                       0x080049e7   Thumb Code    12  stm32f4xx_sdio.o(.text)
    SDIO_SendCommand                         0x080049f3   Thumb Code    42  stm32f4xx_sdio.o(.text)
    SDIO_CmdStructInit                       0x08004a1d   Thumb Code    14  stm32f4xx_sdio.o(.text)
    SDIO_GetCommandResponse                  0x08004a2b   Thumb Code    10  stm32f4xx_sdio.o(.text)
    SDIO_GetResponse                         0x08004a35   Thumb Code    22  stm32f4xx_sdio.o(.text)
    SDIO_DataConfig                          0x08004a4b   Thumb Code    48  stm32f4xx_sdio.o(.text)
    SDIO_DataStructInit                      0x08004a7b   Thumb Code    20  stm32f4xx_sdio.o(.text)
    SDIO_GetDataCounter                      0x08004a8f   Thumb Code     8  stm32f4xx_sdio.o(.text)
    SDIO_ReadData                            0x08004a97   Thumb Code     8  stm32f4xx_sdio.o(.text)
    SDIO_WriteData                           0x08004a9f   Thumb Code     8  stm32f4xx_sdio.o(.text)
    SDIO_GetFIFOCount                        0x08004aa7   Thumb Code     8  stm32f4xx_sdio.o(.text)
    SDIO_StartSDIOReadWait                   0x08004aaf   Thumb Code     6  stm32f4xx_sdio.o(.text)
    SDIO_StopSDIOReadWait                    0x08004ab5   Thumb Code     8  stm32f4xx_sdio.o(.text)
    SDIO_SetSDIOReadWaitMode                 0x08004abd   Thumb Code     8  stm32f4xx_sdio.o(.text)
    SDIO_SetSDIOOperation                    0x08004ac5   Thumb Code     8  stm32f4xx_sdio.o(.text)
    SDIO_SendSDIOSuspendCmd                  0x08004acd   Thumb Code     6  stm32f4xx_sdio.o(.text)
    SDIO_CommandCompletionCmd                0x08004ad3   Thumb Code     8  stm32f4xx_sdio.o(.text)
    SDIO_CEATAITCmd                          0x08004adb   Thumb Code    12  stm32f4xx_sdio.o(.text)
    SDIO_SendCEATACmd                        0x08004ae7   Thumb Code     8  stm32f4xx_sdio.o(.text)
    SDIO_DMACmd                              0x08004aef   Thumb Code     8  stm32f4xx_sdio.o(.text)
    SDIO_ITConfig                            0x08004af7   Thumb Code    34  stm32f4xx_sdio.o(.text)
    SDIO_GetFlagStatus                       0x08004b19   Thumb Code    22  stm32f4xx_sdio.o(.text)
    SDIO_ClearFlag                           0x08004b2f   Thumb Code     8  stm32f4xx_sdio.o(.text)
    SDIO_GetITStatus                         0x08004b37   Thumb Code    22  stm32f4xx_sdio.o(.text)
    SDIO_ClearITPendingBit                   0x08004b4d   Thumb Code     8  stm32f4xx_sdio.o(.text)
    TIM_DeInit                               0x08004b65   Thumb Code   346  stm32f4xx_tim.o(.text)
    TIM_TimeBaseInit                         0x08004cbf   Thumb Code   104  stm32f4xx_tim.o(.text)
    TIM_TimeBaseStructInit                   0x08004d27   Thumb Code    18  stm32f4xx_tim.o(.text)
    TIM_PrescalerConfig                      0x08004d39   Thumb Code     6  stm32f4xx_tim.o(.text)
    TIM_CounterModeConfig                    0x08004d3f   Thumb Code    18  stm32f4xx_tim.o(.text)
    TIM_SetCounter                           0x08004d51   Thumb Code     4  stm32f4xx_tim.o(.text)
    TIM_SetAutoreload                        0x08004d55   Thumb Code     4  stm32f4xx_tim.o(.text)
    TIM_GetCounter                           0x08004d59   Thumb Code     6  stm32f4xx_tim.o(.text)
    TIM_GetPrescaler                         0x08004d5f   Thumb Code     6  stm32f4xx_tim.o(.text)
    TIM_UpdateDisableConfig                  0x08004d65   Thumb Code    24  stm32f4xx_tim.o(.text)
    TIM_UpdateRequestConfig                  0x08004d7d   Thumb Code    24  stm32f4xx_tim.o(.text)
    TIM_ARRPreloadConfig                     0x08004d95   Thumb Code    24  stm32f4xx_tim.o(.text)
    TIM_SelectOnePulseMode                   0x08004dad   Thumb Code    18  stm32f4xx_tim.o(.text)
    TIM_SetClockDivision                     0x08004dbf   Thumb Code    18  stm32f4xx_tim.o(.text)
    TIM_Cmd                                  0x08004dd1   Thumb Code    24  stm32f4xx_tim.o(.text)
    TIM_OC1Init                              0x08004de9   Thumb Code   114  stm32f4xx_tim.o(.text)
    TIM_OC2Init                              0x08004e5b   Thumb Code   154  stm32f4xx_tim.o(.text)
    TIM_OC3Init                              0x08004ef5   Thumb Code   204  stm32f4xx_tim.o(.text)
    TIM_OC4Init                              0x08004fc1   Thumb Code   112  stm32f4xx_tim.o(.text)
    TIM_OCStructInit                         0x08005031   Thumb Code    20  stm32f4xx_tim.o(.text)
    TIM_SelectOCxM                           0x08005045   Thumb Code    86  stm32f4xx_tim.o(.text)
    TIM_SetCompare1                          0x0800509b   Thumb Code     4  stm32f4xx_tim.o(.text)
    TIM_SetCompare2                          0x0800509f   Thumb Code     4  stm32f4xx_tim.o(.text)
    TIM_SetCompare3                          0x080050a3   Thumb Code     4  stm32f4xx_tim.o(.text)
    TIM_SetCompare4                          0x080050a7   Thumb Code     4  stm32f4xx_tim.o(.text)
    TIM_ForcedOC1Config                      0x080050ab   Thumb Code    18  stm32f4xx_tim.o(.text)
    TIM_ForcedOC2Config                      0x080050bd   Thumb Code    26  stm32f4xx_tim.o(.text)
    TIM_ForcedOC3Config                      0x080050d7   Thumb Code    18  stm32f4xx_tim.o(.text)
    TIM_ForcedOC4Config                      0x080050e9   Thumb Code    26  stm32f4xx_tim.o(.text)
    TIM_OC1PreloadConfig                     0x08005103   Thumb Code    18  stm32f4xx_tim.o(.text)
    TIM_OC2PreloadConfig                     0x08005115   Thumb Code    26  stm32f4xx_tim.o(.text)
    TIM_OC3PreloadConfig                     0x0800512f   Thumb Code    18  stm32f4xx_tim.o(.text)
    TIM_OC4PreloadConfig                     0x08005141   Thumb Code    26  stm32f4xx_tim.o(.text)
    TIM_OC1FastConfig                        0x0800515b   Thumb Code    18  stm32f4xx_tim.o(.text)
    TIM_OC2FastConfig                        0x0800516d   Thumb Code    26  stm32f4xx_tim.o(.text)
    TIM_OC3FastConfig                        0x08005187   Thumb Code    18  stm32f4xx_tim.o(.text)
    TIM_OC4FastConfig                        0x08005199   Thumb Code    26  stm32f4xx_tim.o(.text)
    TIM_ClearOC1Ref                          0x080051b3   Thumb Code    18  stm32f4xx_tim.o(.text)
    TIM_ClearOC2Ref                          0x080051c5   Thumb Code    24  stm32f4xx_tim.o(.text)
    TIM_ClearOC3Ref                          0x080051dd   Thumb Code    18  stm32f4xx_tim.o(.text)
    TIM_ClearOC4Ref                          0x080051ef   Thumb Code    24  stm32f4xx_tim.o(.text)
    TIM_OC1PolarityConfig                    0x08005207   Thumb Code    18  stm32f4xx_tim.o(.text)
    TIM_OC1NPolarityConfig                   0x08005219   Thumb Code    18  stm32f4xx_tim.o(.text)
    TIM_OC2PolarityConfig                    0x0800522b   Thumb Code    26  stm32f4xx_tim.o(.text)
    TIM_OC2NPolarityConfig                   0x08005245   Thumb Code    26  stm32f4xx_tim.o(.text)
    TIM_OC3PolarityConfig                    0x0800525f   Thumb Code    26  stm32f4xx_tim.o(.text)
    TIM_OC3NPolarityConfig                   0x08005279   Thumb Code    26  stm32f4xx_tim.o(.text)
    TIM_OC4PolarityConfig                    0x08005293   Thumb Code    26  stm32f4xx_tim.o(.text)
    TIM_CCxCmd                               0x080052ad   Thumb Code    30  stm32f4xx_tim.o(.text)
    TIM_CCxNCmd                              0x080052cb   Thumb Code    30  stm32f4xx_tim.o(.text)
    TIM_SetIC4Prescaler                      0x080052e9   Thumb Code    26  stm32f4xx_tim.o(.text)
    TIM_SetIC3Prescaler                      0x08005353   Thumb Code    18  stm32f4xx_tim.o(.text)
    TIM_SetIC2Prescaler                      0x080053ad   Thumb Code    26  stm32f4xx_tim.o(.text)
    TIM_SetIC1Prescaler                      0x08005421   Thumb Code    18  stm32f4xx_tim.o(.text)
    TIM_ICInit                               0x0800546d   Thumb Code   110  stm32f4xx_tim.o(.text)
    TIM_ICStructInit                         0x080054db   Thumb Code    18  stm32f4xx_tim.o(.text)
    TIM_PWMIConfig                           0x080054ed   Thumb Code   124  stm32f4xx_tim.o(.text)
    TIM_GetCapture1                          0x08005569   Thumb Code     6  stm32f4xx_tim.o(.text)
    TIM_GetCapture2                          0x0800556f   Thumb Code     6  stm32f4xx_tim.o(.text)
    TIM_GetCapture3                          0x08005575   Thumb Code     6  stm32f4xx_tim.o(.text)
    TIM_GetCapture4                          0x0800557b   Thumb Code     6  stm32f4xx_tim.o(.text)
    TIM_BDTRConfig                           0x08005581   Thumb Code    32  stm32f4xx_tim.o(.text)
    TIM_BDTRStructInit                       0x080055a1   Thumb Code    18  stm32f4xx_tim.o(.text)
    TIM_CtrlPWMOutputs                       0x080055b3   Thumb Code    30  stm32f4xx_tim.o(.text)
    TIM_SelectCOM                            0x080055d1   Thumb Code    24  stm32f4xx_tim.o(.text)
    TIM_CCPreloadControl                     0x080055e9   Thumb Code    24  stm32f4xx_tim.o(.text)
    TIM_ITConfig                             0x08005601   Thumb Code    18  stm32f4xx_tim.o(.text)
    TIM_GenerateEvent                        0x08005613   Thumb Code     4  stm32f4xx_tim.o(.text)
    TIM_GetFlagStatus                        0x08005617   Thumb Code    18  stm32f4xx_tim.o(.text)
    TIM_ClearFlag                            0x08005629   Thumb Code     6  stm32f4xx_tim.o(.text)
    TIM_GetITStatus                          0x0800562f   Thumb Code    34  stm32f4xx_tim.o(.text)
    TIM_ClearITPendingBit                    0x08005651   Thumb Code     6  stm32f4xx_tim.o(.text)
    TIM_DMAConfig                            0x08005657   Thumb Code    10  stm32f4xx_tim.o(.text)
    TIM_DMACmd                               0x08005661   Thumb Code    18  stm32f4xx_tim.o(.text)
    TIM_SelectCCDMA                          0x08005673   Thumb Code    24  stm32f4xx_tim.o(.text)
    TIM_InternalClockConfig                  0x0800568b   Thumb Code    12  stm32f4xx_tim.o(.text)
    TIM_SelectInputTrigger                   0x08005697   Thumb Code    18  stm32f4xx_tim.o(.text)
    TIM_ITRxExternalClockConfig              0x080056a9   Thumb Code    24  stm32f4xx_tim.o(.text)
    TIM_TIxExternalClockConfig               0x080056c1   Thumb Code    62  stm32f4xx_tim.o(.text)
    TIM_ETRConfig                            0x080056ff   Thumb Code    28  stm32f4xx_tim.o(.text)
    TIM_ETRClockMode1Config                  0x0800571b   Thumb Code    54  stm32f4xx_tim.o(.text)
    TIM_ETRClockMode2Config                  0x08005751   Thumb Code    32  stm32f4xx_tim.o(.text)
    TIM_SelectOutputTrigger                  0x08005771   Thumb Code    18  stm32f4xx_tim.o(.text)
    TIM_SelectSlaveMode                      0x08005783   Thumb Code    18  stm32f4xx_tim.o(.text)
    TIM_SelectMasterSlaveMode                0x08005795   Thumb Code    18  stm32f4xx_tim.o(.text)
    TIM_EncoderInterfaceConfig               0x080057a7   Thumb Code    66  stm32f4xx_tim.o(.text)
    TIM_SelectHallSensor                     0x080057e9   Thumb Code    24  stm32f4xx_tim.o(.text)
    TIM_RemapConfig                          0x08005801   Thumb Code     6  stm32f4xx_tim.o(.text)
    delay_init                               0x08005809   Thumb Code    42  delay.o(.text)
    delay_us                                 0x08005833   Thumb Code    72  delay.o(.text)
    delay_xms                                0x0800587b   Thumb Code    72  delay.o(.text)
    delay_ms                                 0x080058c3   Thumb Code    56  delay.o(.text)
    __aeabi_memcpy                           0x08005905   Thumb Code     0  rt_memcpy_v6.o(.text)
    __rt_memcpy                              0x08005905   Thumb Code   138  rt_memcpy_v6.o(.text)
    _memcpy_lastbytes                        0x0800596b   Thumb Code     0  rt_memcpy_v6.o(.text)
    __use_two_region_memory                  0x0800598f   Thumb Code     2  heapauxi.o(.text)
    __rt_heap_escrow$2region                 0x08005991   Thumb Code     2  heapauxi.o(.text)
    __rt_heap_expand$2region                 0x08005993   Thumb Code     2  heapauxi.o(.text)
    __aeabi_memcpy4                          0x08005995   Thumb Code     0  rt_memcpy_w.o(.text)
    __aeabi_memcpy8                          0x08005995   Thumb Code     0  rt_memcpy_w.o(.text)
    __rt_memcpy_w                            0x08005995   Thumb Code   100  rt_memcpy_w.o(.text)
    _memcpy_lastbytes_aligned                0x080059dd   Thumb Code     0  rt_memcpy_w.o(.text)
    __user_setup_stackheap                   0x080059f9   Thumb Code    74  sys_stackheap_outer.o(.text)
    exit                                     0x08005a43   Thumb Code    18  exit.o(.text)
    __user_libspace                          0x08005a55   Thumb Code     8  libspace.o(.text)
    __user_perproc_libspace                  0x08005a55   Thumb Code     0  libspace.o(.text)
    __user_perthread_libspace                0x08005a55   Thumb Code     0  libspace.o(.text)
    _sys_exit                                0x08005a5d   Thumb Code     8  sys_exit.o(.text)
    __I$use$semihosting                      0x08005a69   Thumb Code     0  use_no_semi.o(.text)
    __use_no_semihosting_swi                 0x08005a69   Thumb Code     2  use_no_semi.o(.text)
    __fpl_dcmp_Inf                           0x08005a6b   Thumb Code    24  dcmpi.o(x$fpl$dcmpinf)
    __semihosting_library_function           0x08005a6b   Thumb Code     0  indicate_semi.o(.text)
    __aeabi_ddiv                             0x08005a85   Thumb Code     0  ddiv.o(x$fpl$ddiv)
    _ddiv                                    0x08005a85   Thumb Code   552  ddiv.o(x$fpl$ddiv)
    __aeabi_d2uiz                            0x08005d35   Thumb Code     0  dfixu.o(x$fpl$dfixu)
    _dfixu                                   0x08005d35   Thumb Code    90  dfixu.o(x$fpl$dfixu)
    __aeabi_i2d                              0x08005d8f   Thumb Code     0  dflt_clz.o(x$fpl$dflt)
    _dflt                                    0x08005d8f   Thumb Code    46  dflt_clz.o(x$fpl$dflt)
    __aeabi_ui2d                             0x08005dbd   Thumb Code     0  dflt_clz.o(x$fpl$dfltu)
    _dfltu                                   0x08005dbd   Thumb Code    38  dflt_clz.o(x$fpl$dfltu)
    __aeabi_cdcmple                          0x08005de5   Thumb Code     0  dleqf.o(x$fpl$dleqf)
    _dcmple                                  0x08005de5   Thumb Code   120  dleqf.o(x$fpl$dleqf)
    __fpl_dcmple_InfNaN                      0x08005e47   Thumb Code     0  dleqf.o(x$fpl$dleqf)
    __aeabi_dmul                             0x08005e5d   Thumb Code     0  dmul.o(x$fpl$dmul)
    _dmul                                    0x08005e5d   Thumb Code   332  dmul.o(x$fpl$dmul)
    __fpl_dnaninf                            0x08005fb1   Thumb Code   156  dnaninf.o(x$fpl$dnaninf)
    __fpl_dretinf                            0x0800604d   Thumb Code    12  dretinf.o(x$fpl$dretinf)
    __aeabi_cdrcmple                         0x08006059   Thumb Code     0  drleqf.o(x$fpl$drleqf)
    _drcmple                                 0x08006059   Thumb Code   108  drleqf.o(x$fpl$drleqf)
    _fp_init                                 0x080060c5   Thumb Code    10  fpinit.o(x$fpl$fpinit)
    __fplib_config_fpu_vfp                   0x080060cd   Thumb Code     0  fpinit.o(x$fpl$fpinit)
    __fplib_config_pureend_doubles           0x080060cd   Thumb Code     0  fpinit.o(x$fpl$fpinit)
    __I$use$fp                               0x080060ce   Number         0  usenofp.o(x$fpl$usenofp)
    Region$$Table$$Base                      0x080060d0   Number         0  anon$$obj.o(Region$$Table)
    Region$$Table$$Limit                     0x080060f0   Number         0  anon$$obj.o(Region$$Table)
    segmentMap                               0x20000000   Data          17  main.o(.data)
    IC2Value                                 0x20000014   Data           4  main.o(.data)
    index_re                                 0x20000018   Data           4  main.o(.data)
    RECEIVE_Finish                           0x2000001c   Data           4  main.o(.data)
    RECEIVE_Start                            0x20000020   Data           4  main.o(.data)
    cnt                                      0x20000024   Data           4  main.o(.data)
    freq_current                             0x20000028   Data           8  main.o(.data)
    freq_before                              0x20000030   Data           8  main.o(.data)
    SystemCoreClock                          0x20000038   Data           4  system_stm32f4xx.o(.data)
    AHBPrescTable                            0x2000003c   Data          16  system_stm32f4xx.o(.data)
    CNT_KEYBOARD                             0x2000004c   Data           4  key_it.o(.data)
    STATE_KEYBOARD                           0x20000050   Data           4  key_it.o(.data)
    KEYBOARD_16                              0x20000054   Data           4  key_it.o(.data)
    CNT_KEY0                                 0x20000058   Data           4  key_it.o(.data)
    STATE_KEY0                               0x2000005c   Data           4  key_it.o(.data)
    KEY0PRESS                                0x20000060   Data           4  key_it.o(.data)
    CNT_KEY1                                 0x20000064   Data           4  key_it.o(.data)
    STATE_KEY1                               0x20000068   Data           4  key_it.o(.data)
    KEY1PRESS                                0x2000006c   Data           4  key_it.o(.data)
    CNT_KEY2                                 0x20000070   Data           4  key_it.o(.data)
    STATE_KEY2                               0x20000074   Data           4  key_it.o(.data)
    KEY2PRESS                                0x20000078   Data           4  key_it.o(.data)
    CNT_KEY3                                 0x2000007c   Data           4  key_it.o(.data)
    STATE_KEY3                               0x20000080   Data           4  key_it.o(.data)
    KEY3PRESS                                0x20000084   Data           4  key_it.o(.data)
    KEY_RPRESS                               0x20000088   Data           4  key_it.o(.data)
    CNT_RECEIVE                              0x2000008c   Data           4  key_it.o(.data)
    STATE_RECEIVE                            0x20000090   Data           4  key_it.o(.data)
    TransferError                            0x2000009e   Data           1  tfcard_sdio.o(.data)
    TransferEnd                              0x2000009f   Data           1  tfcard_sdio.o(.data)
    tempbuff                                 0x200000a0   Data           4  tfcard_sdio.o(.data)
    RECEIVE                                  0x200000b8   Data          24  main.o(.bss)
    SDIO_InitStructure                       0x200000d0   Data          24  tfcard_sdio.o(.bss)
    SDIO_CmdInitStructure                    0x200000e8   Data          20  tfcard_sdio.o(.bss)
    SDIO_DataInitStructure                   0x200000fc   Data          24  tfcard_sdio.o(.bss)
    SDCardInfo                               0x20000138   Data          88  tfcard_sdio.o(.bss)
    SDIO_DATA_BUFFER                         0x20000190   Data         512  tfcard_sdio.o(.bss)
    ADF4351                                  0x20000390   Data          72  adf4351.o(.bss)
    __libspace_start                         0x200003d8   Data          96  libspace.o(.bss)
    __temporary_stack_top$libspace           0x20000438   Data           0  libspace.o(.bss)
    exmen2base                               0x68000000   Data       819200  malloc.o(.ARM.__AT_0x68000000)
    exmemmapbase                             0x680c8000   Data       51200  malloc.o(.ARM.__AT_0x680C8000)



==============================================================================

Memory Map of the image

  Image Entry point : 0x08000189

  Load Region LR_IROM1 (Base: 0x08000000, Size: 0x000061a8, Max: 0x00100000, ABSOLUTE)

    Execution Region ER_IROM1 (Exec base: 0x08000000, Load base: 0x08000000, Size: 0x000060f0, Max: 0x00100000, ABSOLUTE)

    Exec Addr    Load Addr    Size         Type   Attr      Idx    E Section Name        Object

    0x08000000   0x08000000   0x00000188   Data   RO          193    RESET               startup_stm32f40_41xxx.o
    0x08000188   0x08000188   0x00000008   Code   RO         1170  * !!!main             c_w.l(__main.o)
    0x08000190   0x08000190   0x00000034   Code   RO         1374    !!!scatter          c_w.l(__scatter.o)
    0x080001c4   0x080001c4   0x0000001a   Code   RO         1376    !!handler_copy      c_w.l(__scatter_copy.o)
    0x080001de   0x080001de   0x00000002   PAD
    0x080001e0   0x080001e0   0x0000001c   Code   RO         1378    !!handler_zi        c_w.l(__scatter_zi.o)
    0x080001fc   0x080001fc   0x00000002   Code   RO         1238    .ARM.Collect$$libinit$$00000000  c_w.l(libinit.o)
    0x080001fe   0x080001fe   0x00000004   Code   RO         1248    .ARM.Collect$$libinit$$00000001  c_w.l(libinit2.o)
    0x08000202   0x08000202   0x00000000   Code   RO         1251    .ARM.Collect$$libinit$$00000004  c_w.l(libinit2.o)
    0x08000202   0x08000202   0x00000000   Code   RO         1254    .ARM.Collect$$libinit$$0000000A  c_w.l(libinit2.o)
    0x08000202   0x08000202   0x00000000   Code   RO         1256    .ARM.Collect$$libinit$$0000000C  c_w.l(libinit2.o)
    0x08000202   0x08000202   0x00000000   Code   RO         1258    .ARM.Collect$$libinit$$0000000E  c_w.l(libinit2.o)
    0x08000202   0x08000202   0x00000000   Code   RO         1261    .ARM.Collect$$libinit$$00000011  c_w.l(libinit2.o)
    0x08000202   0x08000202   0x00000000   Code   RO         1263    .ARM.Collect$$libinit$$00000013  c_w.l(libinit2.o)
    0x08000202   0x08000202   0x00000000   Code   RO         1265    .ARM.Collect$$libinit$$00000015  c_w.l(libinit2.o)
    0x08000202   0x08000202   0x00000000   Code   RO         1267    .ARM.Collect$$libinit$$00000017  c_w.l(libinit2.o)
    0x08000202   0x08000202   0x00000000   Code   RO         1269    .ARM.Collect$$libinit$$00000019  c_w.l(libinit2.o)
    0x08000202   0x08000202   0x00000000   Code   RO         1271    .ARM.Collect$$libinit$$0000001B  c_w.l(libinit2.o)
    0x08000202   0x08000202   0x00000000   Code   RO         1273    .ARM.Collect$$libinit$$0000001D  c_w.l(libinit2.o)
    0x08000202   0x08000202   0x00000000   Code   RO         1275    .ARM.Collect$$libinit$$0000001F  c_w.l(libinit2.o)
    0x08000202   0x08000202   0x00000000   Code   RO         1277    .ARM.Collect$$libinit$$00000021  c_w.l(libinit2.o)
    0x08000202   0x08000202   0x00000000   Code   RO         1279    .ARM.Collect$$libinit$$00000023  c_w.l(libinit2.o)
    0x08000202   0x08000202   0x00000000   Code   RO         1281    .ARM.Collect$$libinit$$00000025  c_w.l(libinit2.o)
    0x08000202   0x08000202   0x00000000   Code   RO         1285    .ARM.Collect$$libinit$$0000002C  c_w.l(libinit2.o)
    0x08000202   0x08000202   0x00000000   Code   RO         1287    .ARM.Collect$$libinit$$0000002E  c_w.l(libinit2.o)
    0x08000202   0x08000202   0x00000000   Code   RO         1289    .ARM.Collect$$libinit$$00000030  c_w.l(libinit2.o)
    0x08000202   0x08000202   0x00000000   Code   RO         1291    .ARM.Collect$$libinit$$00000032  c_w.l(libinit2.o)
    0x08000202   0x08000202   0x00000002   Code   RO         1292    .ARM.Collect$$libinit$$00000033  c_w.l(libinit2.o)
    0x08000204   0x08000204   0x00000002   Code   RO         1322    .ARM.Collect$$libshutdown$$00000000  c_w.l(libshutdown.o)
    0x08000206   0x08000206   0x00000000   Code   RO         1339    .ARM.Collect$$libshutdown$$00000002  c_w.l(libshutdown2.o)
    0x08000206   0x08000206   0x00000000   Code   RO         1341    .ARM.Collect$$libshutdown$$00000004  c_w.l(libshutdown2.o)
    0x08000206   0x08000206   0x00000000   Code   RO         1343    .ARM.Collect$$libshutdown$$00000006  c_w.l(libshutdown2.o)
    0x08000206   0x08000206   0x00000000   Code   RO         1346    .ARM.Collect$$libshutdown$$00000009  c_w.l(libshutdown2.o)
    0x08000206   0x08000206   0x00000000   Code   RO         1349    .ARM.Collect$$libshutdown$$0000000C  c_w.l(libshutdown2.o)
    0x08000206   0x08000206   0x00000000   Code   RO         1351    .ARM.Collect$$libshutdown$$0000000E  c_w.l(libshutdown2.o)
    0x08000206   0x08000206   0x00000000   Code   RO         1354    .ARM.Collect$$libshutdown$$00000011  c_w.l(libshutdown2.o)
    0x08000206   0x08000206   0x00000002   Code   RO         1355    .ARM.Collect$$libshutdown$$00000012  c_w.l(libshutdown2.o)
    0x08000208   0x08000208   0x00000000   Code   RO         1196    .ARM.Collect$$rtentry$$00000000  c_w.l(__rtentry.o)
    0x08000208   0x08000208   0x00000000   Code   RO         1209    .ARM.Collect$$rtentry$$00000002  c_w.l(__rtentry2.o)
    0x08000208   0x08000208   0x00000006   Code   RO         1221    .ARM.Collect$$rtentry$$00000004  c_w.l(__rtentry4.o)
    0x0800020e   0x0800020e   0x00000000   Code   RO         1211    .ARM.Collect$$rtentry$$00000009  c_w.l(__rtentry2.o)
    0x0800020e   0x0800020e   0x00000004   Code   RO         1212    .ARM.Collect$$rtentry$$0000000A  c_w.l(__rtentry2.o)
    0x08000212   0x08000212   0x00000000   Code   RO         1214    .ARM.Collect$$rtentry$$0000000C  c_w.l(__rtentry2.o)
    0x08000212   0x08000212   0x00000008   Code   RO         1215    .ARM.Collect$$rtentry$$0000000D  c_w.l(__rtentry2.o)
    0x0800021a   0x0800021a   0x00000002   Code   RO         1242    .ARM.Collect$$rtexit$$00000000  c_w.l(rtexit.o)
    0x0800021c   0x0800021c   0x00000000   Code   RO         1294    .ARM.Collect$$rtexit$$00000002  c_w.l(rtexit2.o)
    0x0800021c   0x0800021c   0x00000004   Code   RO         1295    .ARM.Collect$$rtexit$$00000003  c_w.l(rtexit2.o)
    0x08000220   0x08000220   0x00000006   Code   RO         1296    .ARM.Collect$$rtexit$$00000004  c_w.l(rtexit2.o)
    0x08000226   0x08000226   0x00000002   PAD
    0x08000228   0x08000228   0x00000010   Code   RO          972    .emb_text           sys.o
    0x08000238   0x08000238   0x00000148   Code   RO            3    .text               main.o
    0x08000380   0x08000380   0x0000001a   Code   RO          170    .text               stm32f4xx_it.o
    0x0800039a   0x0800039a   0x00000002   PAD
    0x0800039c   0x0800039c   0x00000040   Code   RO          194    .text               startup_stm32f40_41xxx.o
    0x080003dc   0x080003dc   0x00000210   Code   RO          200    .text               system_stm32f4xx.o
    0x080005ec   0x080005ec   0x000005e4   Code   RO          392    .text               key_it.o
    0x08000bd0   0x08000bd0   0x00001d68   Code   RO          435    .text               tfcard_sdio.o
    0x08002938   0x08002938   0x0000036c   Code   RO          551    .text               timer.o
    0x08002ca4   0x08002ca4   0x0000004e   Code   RO          615    .text               function.o
    0x08002cf2   0x08002cf2   0x00000002   PAD
    0x08002cf4   0x08002cf4   0x0000023c   Code   RO          635    .text               tm1637.o
    0x08002f30   0x08002f30   0x00000700   Code   RO          659    .text               si5351.o
    0x08003630   0x08003630   0x000005e0   Code   RO          679    .text               adf4351.o
    0x08003c10   0x08003c10   0x000000e0   Code   RO          705    .text               misc.o
    0x08003cf0   0x08003cf0   0x00000294   Code   RO          725    .text               stm32f4xx_gpio.o
    0x08003f84   0x08003f84   0x0000065c   Code   RO          745    .text               stm32f4xx_rcc.o
    0x080045e0   0x080045e0   0x000003a8   Code   RO          810    .text               stm32f4xx_dma.o
    0x08004988   0x08004988   0x000001dc   Code   RO          830    .text               stm32f4xx_sdio.o
    0x08004b64   0x08004b64   0x00000ca2   Code   RO          890    .text               stm32f4xx_tim.o
    0x08005806   0x08005806   0x00000002   PAD
    0x08005808   0x08005808   0x000000fc   Code   RO          950    .text               delay.o
    0x08005904   0x08005904   0x0000008a   Code   RO         1166    .text               c_w.l(rt_memcpy_v6.o)
    0x0800598e   0x0800598e   0x00000006   Code   RO         1168    .text               c_w.l(heapauxi.o)
    0x08005994   0x08005994   0x00000064   Code   RO         1199    .text               c_w.l(rt_memcpy_w.o)
    0x080059f8   0x080059f8   0x0000004a   Code   RO         1227    .text               c_w.l(sys_stackheap_outer.o)
    0x08005a42   0x08005a42   0x00000012   Code   RO         1231    .text               c_w.l(exit.o)
    0x08005a54   0x08005a54   0x00000008   Code   RO         1239    .text               c_w.l(libspace.o)
    0x08005a5c   0x08005a5c   0x0000000c   Code   RO         1310    .text               c_w.l(sys_exit.o)
    0x08005a68   0x08005a68   0x00000002   Code   RO         1327    .text               c_w.l(use_no_semi.o)
    0x08005a6a   0x08005a6a   0x00000000   Code   RO         1329    .text               c_w.l(indicate_semi.o)
    0x08005a6a   0x08005a6a   0x00000018   Code   RO         1201    x$fpl$dcmpinf       fz_wm.l(dcmpi.o)
    0x08005a82   0x08005a82   0x00000002   PAD
    0x08005a84   0x08005a84   0x000002b0   Code   RO         1173    x$fpl$ddiv          fz_wm.l(ddiv.o)
    0x08005d34   0x08005d34   0x0000005a   Code   RO         1176    x$fpl$dfixu         fz_wm.l(dfixu.o)
    0x08005d8e   0x08005d8e   0x0000002e   Code   RO         1181    x$fpl$dflt          fz_wm.l(dflt_clz.o)
    0x08005dbc   0x08005dbc   0x00000026   Code   RO         1180    x$fpl$dfltu         fz_wm.l(dflt_clz.o)
    0x08005de2   0x08005de2   0x00000002   PAD
    0x08005de4   0x08005de4   0x00000078   Code   RO         1190    x$fpl$dleqf         fz_wm.l(dleqf.o)
    0x08005e5c   0x08005e5c   0x00000154   Code   RO         1192    x$fpl$dmul          fz_wm.l(dmul.o)
    0x08005fb0   0x08005fb0   0x0000009c   Code   RO         1203    x$fpl$dnaninf       fz_wm.l(dnaninf.o)
    0x0800604c   0x0800604c   0x0000000c   Code   RO         1205    x$fpl$dretinf       fz_wm.l(dretinf.o)
    0x08006058   0x08006058   0x0000006c   Code   RO         1194    x$fpl$drleqf        fz_wm.l(drleqf.o)
    0x080060c4   0x080060c4   0x0000000a   Code   RO         1308    x$fpl$fpinit        fz_wm.l(fpinit.o)
    0x080060ce   0x080060ce   0x00000000   Code   RO         1207    x$fpl$usenofp       fz_wm.l(usenofp.o)
    0x080060ce   0x080060ce   0x00000002   PAD
    0x080060d0   0x080060d0   0x00000020   Data   RO         1372    Region$$Table       anon$$obj.o


    Execution Region RW_IRAM1 (Exec base: 0x20000000, Load base: 0x080060f0, Size: 0x00000a38, Max: 0x00020000, ABSOLUTE)

    Exec Addr    Load Addr    Size         Type   Attr      Idx    E Section Name        Object

    0x20000000   0x080060f0   0x00000038   Data   RW            5    .data               main.o
    0x20000038   0x08006128   0x00000014   Data   RW          201    .data               system_stm32f4xx.o
    0x2000004c   0x0800613c   0x00000048   Data   RW          393    .data               key_it.o
    0x20000094   0x08006184   0x00000010   Data   RW          437    .data               tfcard_sdio.o
    0x200000a4   0x08006194   0x00000010   Data   RW          746    .data               stm32f4xx_rcc.o
    0x200000b4   0x080061a4   0x00000004   Data   RW          951    .data               delay.o
    0x200000b8        -       0x00000018   Zero   RW            4    .bss                main.o
    0x200000d0        -       0x000002c0   Zero   RW          436    .bss                tfcard_sdio.o
    0x20000390        -       0x00000048   Zero   RW          680    .bss                adf4351.o
    0x200003d8        -       0x00000060   Zero   RW         1240    .bss                c_w.l(libspace.o)
    0x20000438        -       0x00000200   Zero   RW          192    HEAP                startup_stm32f40_41xxx.o
    0x20000638        -       0x00000400   Zero   RW          191    STACK               startup_stm32f40_41xxx.o



  Load Region LR$$.ARM.__AT_0x68000000 (Base: 0x68000000, Size: 0x00000000, Max: 0x000c8000, ABSOLUTE)

    Execution Region ER$$.ARM.__AT_0x68000000 (Exec base: 0x68000000, Load base: 0x68000000, Size: 0x000c8000, Max: 0x000c8000, ABSOLUTE, UNINIT)

    Exec Addr    Load Addr    Size         Type   Attr      Idx    E Section Name        Object

    0x68000000        -       0x000c8000   Zero   RW          343    .ARM.__AT_0x68000000  malloc.o



  Load Region LR$$.ARM.__AT_0x680C8000 (Base: 0x680c8000, Size: 0x00000000, Max: 0x0000c800, ABSOLUTE)

    Execution Region ER$$.ARM.__AT_0x680C8000 (Exec base: 0x680c8000, Load base: 0x680c8000, Size: 0x0000c800, Max: 0x0000c800, ABSOLUTE, UNINIT)

    Exec Addr    Load Addr    Size         Type   Attr      Idx    E Section Name        Object

    0x680c8000        -       0x0000c800   Zero   RW          344    .ARM.__AT_0x680C8000  malloc.o


==============================================================================

Image component sizes


      Code (inc. data)   RO Data    RW Data    ZI Data      Debug   Object Name

      1504        134          0          0         72       5751   adf4351.o
       252         10          0          4          0       1453   delay.o
        78          0          0          0          0       1351   function.o
      1508        148          0         72          0       3099   key_it.o
       328         44          0         56         24     308204   main.o
         0          0          0          0     870400       1045   malloc.o
       224         20          0          0          0       1881   misc.o
      1792         28          0          0          0       6024   si5351.o
        64         26        392          0       1536        860   startup_stm32f40_41xxx.o
       936         32          0          0          0       6461   stm32f4xx_dma.o
       660         44          0          0          0       4225   stm32f4xx_gpio.o
        26          0          0          0          0       1250   stm32f4xx_it.o
      1628         52          0         16          0      13116   stm32f4xx_rcc.o
       476         16          0          0          0       7484   stm32f4xx_sdio.o
      3234         60          0          0          0      23080   stm32f4xx_tim.o
        16          0          0          0          0        496   sys.o
       528         46          0         20          0       1923   system_stm32f4xx.o
      7528        286          0         16        704      17547   tfcard_sdio.o
       876         46          0          0          0       2320   timer.o
       572          8          0          0          0       2321   tm1637.o

    ----------------------------------------------------------------------
     22236       1000        424        184     872736     409891   Object Totals
         0          0         32          0          0          0   (incl. Generated)
         6          0          0          0          0          0   (incl. Padding)

    ----------------------------------------------------------------------

      Code (inc. data)   RO Data    RW Data    ZI Data      Debug   Library Member Name

         8          0          0          0          0         68   __main.o
         0          0          0          0          0          0   __rtentry.o
        12          0          0          0          0          0   __rtentry2.o
         6          0          0          0          0          0   __rtentry4.o
        52          8          0          0          0          0   __scatter.o
        26          0          0          0          0          0   __scatter_copy.o
        28          0          0          0          0          0   __scatter_zi.o
        18          0          0          0          0         80   exit.o
         6          0          0          0          0        152   heapauxi.o
         0          0          0          0          0          0   indicate_semi.o
         2          0          0          0          0          0   libinit.o
         6          0          0          0          0          0   libinit2.o
         2          0          0          0          0          0   libshutdown.o
         2          0          0          0          0          0   libshutdown2.o
         8          4          0          0         96         68   libspace.o
       138          0          0          0          0         68   rt_memcpy_v6.o
       100          0          0          0          0         80   rt_memcpy_w.o
         2          0          0          0          0          0   rtexit.o
        10          0          0          0          0          0   rtexit2.o
        12          4          0          0          0         68   sys_exit.o
        74          0          0          0          0         80   sys_stackheap_outer.o
         2          0          0          0          0         68   use_no_semi.o
        24          0          0          0          0        116   dcmpi.o
       688        140          0          0          0        256   ddiv.o
        90          4          0          0          0        140   dfixu.o
        84          0          0          0          0        232   dflt_clz.o
       120          4          0          0          0        140   dleqf.o
       340         12          0          0          0        152   dmul.o
       156          4          0          0          0        140   dnaninf.o
        12          0          0          0          0        116   dretinf.o
       108          0          0          0          0        128   drleqf.o
        10          0          0          0          0        116   fpinit.o
         0          0          0          0          0          0   usenofp.o

    ----------------------------------------------------------------------
      2156        180          0          0         96       2268   Library Totals
        10          0          0          0          0          0   (incl. Padding)

    ----------------------------------------------------------------------

      Code (inc. data)   RO Data    RW Data    ZI Data      Debug   Library Name

       514         16          0          0         96        732   c_w.l
      1632        164          0          0          0       1536   fz_wm.l

    ----------------------------------------------------------------------
      2156        180          0          0         96       2268   Library Totals

    ----------------------------------------------------------------------

==============================================================================


      Code (inc. data)   RO Data    RW Data    ZI Data      Debug   

     24392       1180        424        184     872832     407199   Grand Totals
     24392       1180        424        184     872832     407199   ELF Image Totals
     24392       1180        424        184          0          0   ROM Totals

==============================================================================

    Total RO  Size (Code + RO Data)                24816 (  24.23kB)
    Total RW  Size (RW Data + ZI Data)            873016 ( 852.55kB)
    Total ROM Size (Code + RO Data + RW Data)      25000 (  24.41kB)

==============================================================================

