<html>
<body>
<pre>
<h1>礦ision Build Log</h1>
<h2>Tool Versions:</h2>
IDE-Version: μVision V5.37.0.0
Copyright (C) 2022 ARM Ltd and ARM Germany GmbH. All rights reserved.
License Information: Li Li, nanjing university, LIC=65ISZ-JZQ2T-RAIDM-XU4DE-JACNG-1XD7T
 
Tool Versions:
Toolchain:       MDK-ARM Plus  Version: 5.37.0.0
Toolchain Path:  C:\Keil_v5\ARM\ARMCC\Bin
C Compiler:      Armcc.exe V5.06 update 7 (build 960)
Assembler:       Armasm.exe V5.06 update 7 (build 960)
Linker/Locator:  ArmLink.exe V5.06 update 7 (build 960)
Library Manager: ArmAr.exe V5.06 update 7 (build 960)
Hex Converter:   FromElf.exe V5.06 update 7 (build 960)
CPU DLL:         SARMCM3.DLL V5.37.0.0
Dialog DLL:      DCM.DLL V1.17.5.0
Target DLL:      STLink\ST-LINKIII-KEIL_SWO.dll V3.0.9.0
Dialog DLL:      TCM.DLL V1.56.1.0
 
<h2>Project:</h2>
C:\Users\15062\Desktop\Template\发射接收代码\Project\LED.uvprojx
Project File Date:  07/08/2024

<h2>Output:</h2>
*** Using Compiler 'V5.06 update 7 (build 960)', folder: 'C:\Keil_v5\ARM\ARMCC\Bin'
Build target 'Target 1'
compiling exti.c...
..\USER\EXTI\exti.h(12): warning:  #1-D: last line of file ends without a newline
  #endif
..\USER\KeyBoard\KeyBoard.h(112): warning:  #1295-D: Deprecated declaration InitRowColValue - give arg types
  void InitRowColValue();
..\USER\KEY_IT\key_it.h(51): warning:  #1295-D: Deprecated declaration KEY_RECEIVE_PRESS - give arg types
  void KEY_RECEIVE_PRESS();
..\Main\main.h(4): warning:  #1-D: last line of file ends without a newline
  #endif
..\USER\EXTI\exti.c(75): warning:  #1-D: last line of file ends without a newline
  #endif
..\USER\EXTI\exti.c: 5 warnings, 0 errors
compiling timer.c...
..\Main\main.h(4): warning:  #1-D: last line of file ends without a newline
  #endif
..\USER\TIM\timer.h(33): warning:  #1295-D: Deprecated declaration Init_tim3 - give arg types
  void Init_tim3();
..\USER\TIM\timer.h(46): warning:  #1-D: last line of file ends without a newline
  #endif
..\USER\KeyBoard\KeyBoard.h(112): warning:  #1295-D: Deprecated declaration InitRowColValue - give arg types
  void InitRowColValue();
..\USER\KEY_IT\key_it.h(51): warning:  #1295-D: Deprecated declaration KEY_RECEIVE_PRESS - give arg types
  void KEY_RECEIVE_PRESS();
..\USER\TIM\timer.c: 5 warnings, 0 errors
compiling key_it.c...
..\USER\KeyBoard\KeyBoard.h(112): warning:  #1295-D: Deprecated declaration InitRowColValue - give arg types
  void InitRowColValue();
..\USER\KEY_IT\key_it.h(51): warning:  #1295-D: Deprecated declaration KEY_RECEIVE_PRESS - give arg types
  void KEY_RECEIVE_PRESS();
..\USER\KEY_IT\key_it.c: 2 warnings, 0 errors
compiling main.c...
..\Main\main.h(4): warning:  #1-D: last line of file ends without a newline
  #endif
..\USER\TIM\timer.h(33): warning:  #1295-D: Deprecated declaration Init_tim3 - give arg types
  void Init_tim3();
..\USER\TIM\timer.h(46): warning:  #1-D: last line of file ends without a newline
  #endif
..\USER\FUNCTION\function.h(32): warning:  #1-D: last line of file ends without a newline
  #endif
..\USER\KeyBoard\KeyBoard.h(112): warning:  #1295-D: Deprecated declaration InitRowColValue - give arg types
  void InitRowColValue();
..\USER\KEY_IT\key_it.h(51): warning:  #1295-D: Deprecated declaration KEY_RECEIVE_PRESS - give arg types
  void KEY_RECEIVE_PRESS();
..\Main\main.c: 6 warnings, 0 errors
compiling KeyBoard.c...
..\USER\KEY_IT\key_it.h(51): warning:  #1295-D: Deprecated declaration KEY_RECEIVE_PRESS - give arg types
  void KEY_RECEIVE_PRESS();
..\USER\KeyBoard\KeyBoard.h(112): warning:  #1295-D: Deprecated declaration InitRowColValue - give arg types
  void InitRowColValue();
..\USER\KeyBoard\KeyBoard.c(14): warning:  #177-D: variable "i"  was declared but never referenced
  		int i=0;
..\USER\KeyBoard\KeyBoard.c: 3 warnings, 0 errors
linking...
Program Size: Code=24392 RO-data=424 RW-data=184 ZI-data=872832  
FromELF: creating hex file...
".\OBJ\LED.axf" - 0 Error(s), 21 Warning(s).

<h2>Software Packages used:</h2>

Package Vendor: ARM
                http://www.keil.com/pack/ARM.CMSIS.5.9.0.pack
                ARM.CMSIS.5.9.0
                CMSIS (Common Microcontroller Software Interface Standard)
   * Component: CORE Version: 5.6.0

Package Vendor: Keil
                https://www.keil.com/pack/Keil.STM32F4xx_DFP.2.17.1.pack
                Keil.STM32F4xx_DFP.2.17.1
                STMicroelectronics STM32F4 Series Device Support, Drivers and Examples

<h2>Collection of Component include folders:</h2>
  ./RTE/_Target_1
  C:/Keil_v5/ARM/PACK/ARM/CMSIS/5.9.0/CMSIS/Core/Include
  C:/Keil_v5/ARM/PACK/Keil/STM32F4xx_DFP/2.17.1/Drivers/CMSIS/Device/ST/STM32F4xx/Include

<h2>Collection of Component Files used:</h2>

   * Component: ARM::CMSIS:CORE:5.6.0
Build Time Elapsed:  00:00:01
</pre>
</body>
</html>
