Component: ARM Compiler 5.06 update 7 (build 960) Tool: armlink [4d3601]

==============================================================================

Section Cross References

    main.o(.text) refers to _printf_percent.o(.ARM.Collect$$_printf_percent$$00000000) for _printf_percent
    main.o(.text) refers to _printf_f.o(.ARM.Collect$$_printf_percent$$00000003) for _printf_f
    main.o(.text) refers to printf1.o(x$fpl$printf1) for _printf_fp_dec
    main.o(.text) refers to misc.o(.text) for NVIC_PriorityGroupConfig
    main.o(.text) refers to delay.o(.text) for delay_init
    main.o(.text) refers to led.o(.text) for LED_Init
    main.o(.text) refers to lcd.o(.text) for LCD_Init
    main.o(.text) refers to key_it.o(.text) for KEY_Init
    main.o(.text) refers to adc.o(.text) for ADC1_Init
    main.o(.text) refers to keyboard.o(.text) for Keyboard_GPIO_Config
    main.o(.text) refers to adf4351.o(.text) for ADF4351Init
    main.o(.text) refers to pe4302.o(.text) for PE_GPIO_Init
    main.o(.text) refers to timer.o(.text) for TIM2_Init
    main.o(.text) refers to exti.o(.text) for EXTIX_Init
    main.o(.text) refers to updatefont.o(.text) for font_init
    main.o(.text) refers to stm32f4xx_adc.o(.text) for ADC_Cmd
    main.o(.text) refers to operation.o(.text) for DrawStatic
    main.o(.text) refers to stm32f4xx_gpio.o(.text) for GPIO_ResetBits
    main.o(.text) refers to log10.o(i.__hardfp_log10) for __hardfp_log10
    main.o(.text) refers to dmul.o(x$fpl$dmul) for __aeabi_dmul
    main.o(.text) refers to daddsub_clz.o(x$fpl$dadd) for __aeabi_dadd
    main.o(.text) refers to dfixu.o(x$fpl$dfixu) for __aeabi_d2uiz
    main.o(.text) refers to dflt_clz.o(x$fpl$dflt) for __aeabi_i2d
    main.o(.text) refers to noretval__2sprintf.o(.text) for __2sprintf
    main.o(.text) refers to daddsub_clz.o(x$fpl$dsub) for __aeabi_dsub
    main.o(.text) refers to ddiv.o(x$fpl$ddiv) for __aeabi_ddiv
    main.o(.text) refers to main.o(.data) for CURRENT_PAGE
    main.o(.text) refers to key_it.o(.data) for KEYBOARD_16
    main.o(.text) refers to keyboard.o(.data) for ENSURE_INPUT
    main.o(.text) refers to main.o(.bss) for am_data_high
    main.o(.data) refers to main.o(.bss) for am_data_high
    startup_stm32f40_41xxx.o(STACK) refers (Special) to heapauxi.o(.text) for __use_two_region_memory
    startup_stm32f40_41xxx.o(HEAP) refers (Special) to heapauxi.o(.text) for __use_two_region_memory
    startup_stm32f40_41xxx.o(RESET) refers (Special) to heapauxi.o(.text) for __use_two_region_memory
    startup_stm32f40_41xxx.o(RESET) refers to startup_stm32f40_41xxx.o(STACK) for __initial_sp
    startup_stm32f40_41xxx.o(RESET) refers to startup_stm32f40_41xxx.o(.text) for Reset_Handler
    startup_stm32f40_41xxx.o(RESET) refers to stm32f4xx_it.o(.text) for NMI_Handler
    startup_stm32f40_41xxx.o(RESET) refers to exti.o(.text) for EXTI0_IRQHandler
    startup_stm32f40_41xxx.o(RESET) refers to timer.o(.text) for TIM2_IRQHandler
    startup_stm32f40_41xxx.o(RESET) refers to tfcard_sdio.o(.text) for SDIO_IRQHandler
    startup_stm32f40_41xxx.o(.text) refers (Special) to heapauxi.o(.text) for __use_two_region_memory
    startup_stm32f40_41xxx.o(.text) refers to system_stm32f4xx.o(.text) for SystemInit
    startup_stm32f40_41xxx.o(.text) refers to __main.o(!!!main) for __main
    startup_stm32f40_41xxx.o(.text) refers to startup_stm32f40_41xxx.o(HEAP) for Heap_Mem
    startup_stm32f40_41xxx.o(.text) refers to startup_stm32f40_41xxx.o(STACK) for Stack_Mem
    system_stm32f4xx.o(.text) refers to system_stm32f4xx.o(.data) for SystemCoreClock
    led.o(.text) refers to stm32f4xx_rcc.o(.text) for RCC_AHB1PeriphClockCmd
    led.o(.text) refers to stm32f4xx_gpio.o(.text) for GPIO_Init
    lcd.o(.text) refers to delay.o(.text) for delay_us
    lcd.o(.text) refers to lcd.o(.data) for write_gramcmd
    lcd.o(.text) refers to stm32f4xx_rcc.o(.text) for RCC_AHB1PeriphClockCmd
    lcd.o(.text) refers to stm32f4xx_gpio.o(.text) for GPIO_Init
    lcd.o(.text) refers to stm32f4xx_fsmc.o(.text) for FSMC_NORSRAMInit
    lcd.o(.text) refers to lcd.o(.constdata) for char_1206
    adf4351.o(.text) refers to stm32f4xx_rcc.o(.text) for RCC_AHB1PeriphClockCmd
    adf4351.o(.text) refers to stm32f4xx_gpio.o(.text) for GPIO_Init
    adf4351.o(.text) refers to delay.o(.text) for delay_us
    adf4351.o(.text) refers to dleqf.o(x$fpl$dleqf) for __aeabi_cdcmple
    adf4351.o(.text) refers to drleqf.o(x$fpl$drleqf) for __aeabi_cdrcmple
    adf4351.o(.text) refers to dmul.o(x$fpl$dmul) for __aeabi_dmul
    adf4351.o(.text) refers to dfixu.o(x$fpl$dfixu) for __aeabi_d2uiz
    adf4351.o(.text) refers to dflt_clz.o(x$fpl$dfltu) for __aeabi_ui2d
    adf4351.o(.text) refers to ddiv.o(x$fpl$ddiv) for __aeabi_ddiv
    adf4351.o(.text) refers to adf4351.o(.bss) for ADF4351
    adf4351.o(.text) refers to dflt_clz.o(x$fpl$dflt) for __aeabi_i2d
    pe4302.o(.text) refers to stm32f4xx_rcc.o(.text) for RCC_AHB1PeriphClockCmd
[...]
    KEYBOARDPRESS                            0x080044fd   Thumb Code   372  key_it.o(.text)
    KEY_0_PRESS                              0x08004671   Thumb Code   184  key_it.o(.text)
    KEY_1_PRESS                              0x08004729   Thumb Code   192  key_it.o(.text)
    KEY_2_PRESS                              0x080047e9   Thumb Code   192  key_it.o(.text)
    KEY_3_PRESS                              0x080048a9   Thumb Code   270  key_it.o(.text)
    Output_exti_Init                         0x080049c9   Thumb Code    54  exti.o(.text)
    Input_exit_Init                          0x080049ff   Thumb Code    42  exti.o(.text)
    EXTIX_Init                               0x08004a29   Thumb Code    82  exti.o(.text)
    EXTI0_IRQHandler                         0x08004a7b   Thumb Code   246  exti.o(.text)
    SDIO_Register_Deinit                     0x08004bad   Thumb Code    48  tfcard_sdio.o(.text)
    SD_SetDeviceMode                         0x08004bdd   Thumb Code    20  tfcard_sdio.o(.text)
    SDIO_Clock_Set                           0x08004bf1   Thumb Code    18  tfcard_sdio.o(.text)
    CmdResp1Error                            0x08004c03   Thumb Code    96  tfcard_sdio.o(.text)
    FindSCR                                  0x08004c63   Thumb Code   390  tfcard_sdio.o(.text)
    SDEnWideBus                              0x08004de9   Thumb Code   160  tfcard_sdio.o(.text)
    SD_EnableWideBusOperation                0x08004e89   Thumb Code    98  tfcard_sdio.o(.text)
    SD_SelectDeselect                        0x08004eeb   Thumb Code    42  tfcard_sdio.o(.text)
    SD_GetCardInfo                           0x08004f15   Thumb Code   802  tfcard_sdio.o(.text)
    CmdResp2Error                            0x08005237   Thumb Code    80  tfcard_sdio.o(.text)
    CmdResp6Error                            0x08005287   Thumb Code   144  tfcard_sdio.o(.text)
    SD_InitializeCards                       0x08005317   Thumb Code   354  tfcard_sdio.o(.text)
    CmdResp3Error                            0x08005479   Thumb Code    52  tfcard_sdio.o(.text)
    CmdResp7Error                            0x080054ad   Thumb Code    72  tfcard_sdio.o(.text)
    CmdError                                 0x080054f5   Thumb Code    48  tfcard_sdio.o(.text)
    SD_PowerON                               0x08005525   Thumb Code   460  tfcard_sdio.o(.text)
    SD_Init                                  0x080056f1   Thumb Code   334  tfcard_sdio.o(.text)
    SD_PowerOFF                              0x0800583f   Thumb Code    12  tfcard_sdio.o(.text)
    SD_DMA_Config                            0x0800584b   Thumb Code   118  tfcard_sdio.o(.text)
    convert_from_bytes_to_power_of_two       0x080058c1   Thumb Code    18  tfcard_sdio.o(.text)
    SD_ReadBlock                             0x080058d3   Thumb Code   578  tfcard_sdio.o(.text)
    SD_ReadMultiBlocks                       0x08005b15   Thumb Code   762  tfcard_sdio.o(.text)
    IsCardProgramming                        0x08005e0f   Thumb Code   150  tfcard_sdio.o(.text)
    SD_WriteBlock                            0x08005ea5   Thumb Code   914  tfcard_sdio.o(.text)
    SD_WriteMultiBlocks                      0x08006237   Thumb Code   976  tfcard_sdio.o(.text)
    SD_ProcessIRQSrc                         0x08006607   Thumb Code   322  tfcard_sdio.o(.text)
    SDIO_IRQHandler                          0x08006749   Thumb Code     8  tfcard_sdio.o(.text)
    SD_SendStatus                            0x08006751   Thumb Code    74  tfcard_sdio.o(.text)
    SD_GetState                              0x0800679b   Thumb Code    26  tfcard_sdio.o(.text)
    SD_ReadSDisk                             0x080067b5   Thumb Code   192  tfcard_sdio.o(.text)
    SD_WriteSDisk                            0x08006875   Thumb Code   152  tfcard_sdio.o(.text)
    disk_initialize                          0x08006915   Thumb Code    52  diskio.o(.text)
    disk_status                              0x08006949   Thumb Code     6  diskio.o(.text)
    disk_read                                0x0800694f   Thumb Code    98  diskio.o(.text)
    disk_write                               0x080069b1   Thumb Code    98  diskio.o(.text)
    disk_ioctl                               0x08006a13   Thumb Code   170  diskio.o(.text)
    get_fattime                              0x08006abd   Thumb Code     4  diskio.o(.text)
    ff_memalloc                              0x08006ac1   Thumb Code    14  diskio.o(.text)
    ff_memfree                               0x08006acf   Thumb Code    14  diskio.o(.text)
    ff_convert                               0x08006ae5   Thumb Code   146  cc936.o(.text)
    ff_wtoupper                              0x08006b77   Thumb Code    46  cc936.o(.text)
    clust2sect                               0x08006d5f   Thumb Code    26  ff.o(.text)
    get_fat                                  0x08006d79   Thumb Code   232  ff.o(.text)
    put_fat                                  0x08006e61   Thumb Code   310  ff.o(.text)
    f_mount                                  0x08008173   Thumb Code    86  ff.o(.text)
    f_open                                   0x080081c9   Thumb Code   384  ff.o(.text)
    f_read                                   0x08008349   Thumb Code   450  ff.o(.text)
    f_write                                  0x0800850b   Thumb Code   498  ff.o(.text)
    f_sync                                   0x080086fd   Thumb Code   176  ff.o(.text)
    f_close                                  0x080087ad   Thumb Code    32  ff.o(.text)
    f_lseek                                  0x080087cd   Thumb Code   654  ff.o(.text)
    f_opendir                                0x08008a5b   Thumb Code   136  ff.o(.text)
    f_closedir                               0x08008ae3   Thumb Code    22  ff.o(.text)
    f_readdir                                0x08008af9   Thumb Code   114  ff.o(.text)
    f_stat                                   0x08008b6b   Thumb Code    84  ff.o(.text)
    f_getfree                                0x08008bbf   Thumb Code   258  ff.o(.text)
    f_truncate                               0x08008cc1   Thumb Code   184  ff.o(.text)
    f_unlink                                 0x08008d79   Thumb Code   194  ff.o(.text)
    f_mkdir                                  0x08008e3b   Thumb Code   380  ff.o(.text)
    f_chmod                                  0x08008fb7   Thumb Code   112  ff.o(.text)
    f_utime                                  0x08009027   Thumb Code   110  ff.o(.text)
    f_rename                                 0x08009095   Thumb Code   314  ff.o(.text)
    f_getlabel                               0x080091cf   Thumb Code   190  ff.o(.text)
    f_setlabel                               0x0800928d   Thumb Code   470  ff.o(.text)
    f_mkfs                                   0x08009463   Thumb Code  1570  ff.o(.text)
    f_gets                                   0x08009a85   Thumb Code    82  ff.o(.text)
    f_putc                                   0x08009b1b   Thumb Code    64  ff.o(.text)
    f_puts                                   0x08009b5b   Thumb Code    74  ff.o(.text)
    f_printf                                 0x08009ba5   Thumb Code   674  ff.o(.text)
    NVIC_PriorityGroupConfig                 0x08009e49   Thumb Code    10  misc.o(.text)
    NVIC_Init                                0x08009e53   Thumb Code   106  misc.o(.text)
    NVIC_SetVectorTable                      0x08009ebd   Thumb Code    14  misc.o(.text)
    NVIC_SystemLPConfig                      0x08009ecb   Thumb Code    34  misc.o(.text)
    SysTick_CLKSourceConfig                  0x08009eed   Thumb Code    40  misc.o(.text)
    GPIO_DeInit                              0x08009f29   Thumb Code   268  stm32f4xx_gpio.o(.text)
    GPIO_Init                                0x0800a035   Thumb Code   144  stm32f4xx_gpio.o(.text)
    GPIO_StructInit                          0x0800a0c5   Thumb Code    18  stm32f4xx_gpio.o(.text)
    GPIO_PinLockConfig                       0x0800a0d7   Thumb Code    34  stm32f4xx_gpio.o(.text)
    GPIO_ReadInputDataBit                    0x0800a0f9   Thumb Code    18  stm32f4xx_gpio.o(.text)
    GPIO_ReadInputData                       0x0800a10b   Thumb Code     8  stm32f4xx_gpio.o(.text)
    GPIO_ReadOutputDataBit                   0x0800a113   Thumb Code    18  stm32f4xx_gpio.o(.text)
    GPIO_ReadOutputData                      0x0800a125   Thumb Code     8  stm32f4xx_gpio.o(.text)
    GPIO_SetBits                             0x0800a12d   Thumb Code     4  stm32f4xx_gpio.o(.text)
    GPIO_ResetBits                           0x0800a131   Thumb Code     4  stm32f4xx_gpio.o(.text)
    GPIO_WriteBit                            0x0800a135   Thumb Code    10  stm32f4xx_gpio.o(.text)
    GPIO_Write                               0x0800a13f   Thumb Code     4  stm32f4xx_gpio.o(.text)
    GPIO_ToggleBits                          0x0800a143   Thumb Code     8  stm32f4xx_gpio.o(.text)
    GPIO_PinAFConfig                         0x0800a14b   Thumb Code    70  stm32f4xx_gpio.o(.text)
    RCC_DeInit                               0x0800a1bd   Thumb Code    82  stm32f4xx_rcc.o(.text)
    RCC_HSEConfig                            0x0800a20f   Thumb Code    14  stm32f4xx_rcc.o(.text)
    RCC_GetFlagStatus                        0x0800a21d   Thumb Code    60  stm32f4xx_rcc.o(.text)
    RCC_WaitForHSEStartUp                    0x0800a259   Thumb Code    56  stm32f4xx_rcc.o(.text)
    RCC_AdjustHSICalibrationValue            0x0800a291   Thumb Code    20  stm32f4xx_rcc.o(.text)
    RCC_HSICmd                               0x0800a2a5   Thumb Code     6  stm32f4xx_rcc.o(.text)
    RCC_LSEConfig                            0x0800a2ab   Thumb Code    46  stm32f4xx_rcc.o(.text)
    RCC_LSICmd                               0x0800a2d9   Thumb Code     6  stm32f4xx_rcc.o(.text)
    RCC_PLLConfig                            0x0800a2df   Thumb Code    32  stm32f4xx_rcc.o(.text)
    RCC_PLLCmd                               0x0800a2ff   Thumb Code     6  stm32f4xx_rcc.o(.text)
    RCC_PLLI2SConfig                         0x0800a305   Thumb Code    14  stm32f4xx_rcc.o(.text)
    RCC_PLLI2SCmd                            0x0800a313   Thumb Code     6  stm32f4xx_rcc.o(.text)
    RCC_PLLSAIConfig                         0x0800a319   Thumb Code    20  stm32f4xx_rcc.o(.text)
    RCC_PLLSAICmd                            0x0800a32d   Thumb Code     6  stm32f4xx_rcc.o(.text)
    RCC_ClockSecuritySystemCmd               0x0800a333   Thumb Code     6  stm32f4xx_rcc.o(.text)
    RCC_MCO1Config                           0x0800a339   Thumb Code    28  stm32f4xx_rcc.o(.text)
    RCC_MCO2Config                           0x0800a355   Thumb Code    28  stm32f4xx_rcc.o(.text)
    RCC_SYSCLKConfig                         0x0800a371   Thumb Code    20  stm32f4xx_rcc.o(.text)
    RCC_GetSYSCLKSource                      0x0800a385   Thumb Code    12  stm32f4xx_rcc.o(.text)
    RCC_HCLKConfig                           0x0800a391   Thumb Code    20  stm32f4xx_rcc.o(.text)
    RCC_PCLK1Config                          0x0800a3a5   Thumb Code    20  stm32f4xx_rcc.o(.text)
    RCC_PCLK2Config                          0x0800a3b9   Thumb Code    22  stm32f4xx_rcc.o(.text)
    RCC_GetClocksFreq                        0x0800a3cf   Thumb Code   222  stm32f4xx_rcc.o(.text)
    RCC_RTCCLKConfig                         0x0800a4ad   Thumb Code    54  stm32f4xx_rcc.o(.text)
    RCC_RTCCLKCmd                            0x0800a4e3   Thumb Code     8  stm32f4xx_rcc.o(.text)
    RCC_BackupResetCmd                       0x0800a4eb   Thumb Code     8  stm32f4xx_rcc.o(.text)
    RCC_I2SCLKConfig                         0x0800a4f3   Thumb Code     6  stm32f4xx_rcc.o(.text)
    RCC_SAIPLLI2SClkDivConfig                0x0800a4f9   Thumb Code    26  stm32f4xx_rcc.o(.text)
    RCC_SAIPLLSAIClkDivConfig                0x0800a513   Thumb Code    28  stm32f4xx_rcc.o(.text)
    RCC_SAIBlockACLKConfig                   0x0800a52f   Thumb Code    20  stm32f4xx_rcc.o(.text)
    RCC_SAIBlockBCLKConfig                   0x0800a543   Thumb Code    20  stm32f4xx_rcc.o(.text)
    RCC_LTDCCLKDivConfig                     0x0800a557   Thumb Code    20  stm32f4xx_rcc.o(.text)
    RCC_TIMCLKPresConfig                     0x0800a56b   Thumb Code     6  stm32f4xx_rcc.o(.text)
    RCC_AHB1PeriphClockCmd                   0x0800a571   Thumb Code    34  stm32f4xx_rcc.o(.text)
    RCC_AHB2PeriphClockCmd                   0x0800a593   Thumb Code    78  stm32f4xx_rcc.o(.text)
    RCC_AHB3PeriphClockCmd                   0x0800a5e1   Thumb Code    34  stm32f4xx_rcc.o(.text)
    RCC_APB1PeriphClockCmd                   0x0800a603   Thumb Code    34  stm32f4xx_rcc.o(.text)
    RCC_APB2PeriphClockCmd                   0x0800a625   Thumb Code    34  stm32f4xx_rcc.o(.text)
    RCC_AHB1PeriphResetCmd                   0x0800a647   Thumb Code    34  stm32f4xx_rcc.o(.text)
    RCC_AHB2PeriphResetCmd                   0x0800a669   Thumb Code    34  stm32f4xx_rcc.o(.text)
    RCC_AHB3PeriphResetCmd                   0x0800a68b   Thumb Code    34  stm32f4xx_rcc.o(.text)
    RCC_APB1PeriphResetCmd                   0x0800a6ad   Thumb Code    34  stm32f4xx_rcc.o(.text)
    RCC_APB2PeriphResetCmd                   0x0800a6cf   Thumb Code    34  stm32f4xx_rcc.o(.text)
    RCC_AHB1PeriphClockLPModeCmd             0x0800a6f1   Thumb Code    34  stm32f4xx_rcc.o(.text)
    RCC_AHB2PeriphClockLPModeCmd             0x0800a713   Thumb Code    34  stm32f4xx_rcc.o(.text)
    RCC_AHB3PeriphClockLPModeCmd             0x0800a735   Thumb Code    34  stm32f4xx_rcc.o(.text)
    RCC_APB1PeriphClockLPModeCmd             0x0800a757   Thumb Code    34  stm32f4xx_rcc.o(.text)
    RCC_APB2PeriphClockLPModeCmd             0x0800a779   Thumb Code    34  stm32f4xx_rcc.o(.text)
    RCC_LSEModeConfig                        0x0800a79b   Thumb Code    40  stm32f4xx_rcc.o(.text)
    RCC_ITConfig                             0x0800a7c3   Thumb Code    34  stm32f4xx_rcc.o(.text)
    RCC_ClearFlag                            0x0800a7e5   Thumb Code    18  stm32f4xx_rcc.o(.text)
    RCC_GetITStatus                          0x0800a7f7   Thumb Code    22  stm32f4xx_rcc.o(.text)
    RCC_ClearITPendingBit                    0x0800a80d   Thumb Code     8  stm32f4xx_rcc.o(.text)
    FSMC_NORSRAMDeInit                       0x0800a819   Thumb Code    54  stm32f4xx_fsmc.o(.text)
    FSMC_NORSRAMInit                         0x0800a84f   Thumb Code   230  stm32f4xx_fsmc.o(.text)
    FSMC_NORSRAMStructInit                   0x0800a935   Thumb Code    48  stm32f4xx_fsmc.o(.text)
    FSMC_NORSRAMCmd                          0x0800a965   Thumb Code    46  stm32f4xx_fsmc.o(.text)
    FSMC_NANDDeInit                          0x0800a993   Thumb Code    62  stm32f4xx_fsmc.o(.text)
    FSMC_NANDInit                            0x0800a9d1   Thumb Code   132  stm32f4xx_fsmc.o(.text)
    FSMC_NANDStructInit                      0x0800aa55   Thumb Code    54  stm32f4xx_fsmc.o(.text)
    FSMC_NANDCmd                             0x0800aa8b   Thumb Code    86  stm32f4xx_fsmc.o(.text)
    FSMC_NANDECCCmd                          0x0800aae1   Thumb Code    86  stm32f4xx_fsmc.o(.text)
    FSMC_GetECC                              0x0800ab37   Thumb Code    24  stm32f4xx_fsmc.o(.text)
    FSMC_PCCARDDeInit                        0x0800ab4f   Thumb Code    36  stm32f4xx_fsmc.o(.text)
    FSMC_PCCARDInit                          0x0800ab73   Thumb Code   130  stm32f4xx_fsmc.o(.text)
    FSMC_PCCARDStructInit                    0x0800abf5   Thumb Code    60  stm32f4xx_fsmc.o(.text)
    FSMC_PCCARDCmd                           0x0800ac31   Thumb Code    44  stm32f4xx_fsmc.o(.text)
    FSMC_ITConfig                            0x0800ac5d   Thumb Code   128  stm32f4xx_fsmc.o(.text)
    FSMC_GetFlagStatus                       0x0800acdd   Thumb Code    54  stm32f4xx_fsmc.o(.text)
    FSMC_ClearFlag                           0x0800ad13   Thumb Code    74  stm32f4xx_fsmc.o(.text)
    FSMC_GetITStatus                         0x0800ad5d   Thumb Code    62  stm32f4xx_fsmc.o(.text)
    FSMC_ClearITPendingBit                   0x0800ad9b   Thumb Code    66  stm32f4xx_fsmc.o(.text)
    ADC_DeInit                               0x0800ade1   Thumb Code    22  stm32f4xx_adc.o(.text)
    ADC_Init                                 0x0800adf7   Thumb Code    74  stm32f4xx_adc.o(.text)
    ADC_StructInit                           0x0800ae41   Thumb Code    20  stm32f4xx_adc.o(.text)
    ADC_CommonInit                           0x0800ae55   Thumb Code    34  stm32f4xx_adc.o(.text)
    ADC_CommonStructInit                     0x0800ae77   Thumb Code    12  stm32f4xx_adc.o(.text)
    ADC_Cmd                                  0x0800ae83   Thumb Code    22  stm32f4xx_adc.o(.text)
    ADC_AnalogWatchdogCmd                    0x0800ae99   Thumb Code    16  stm32f4xx_adc.o(.text)
    ADC_AnalogWatchdogThresholdsConfig       0x0800aea9   Thumb Code     6  stm32f4xx_adc.o(.text)
    ADC_AnalogWatchdogSingleChannelConfig    0x0800aeaf   Thumb Code    16  stm32f4xx_adc.o(.text)
    ADC_TempSensorVrefintCmd                 0x0800aebf   Thumb Code    34  stm32f4xx_adc.o(.text)
    ADC_VBATCmd                              0x0800aee1   Thumb Code    34  stm32f4xx_adc.o(.text)
    ADC_RegularChannelConfig                 0x0800af03   Thumb Code   184  stm32f4xx_adc.o(.text)
    ADC_SoftwareStartConv                    0x0800afbb   Thumb Code    10  stm32f4xx_adc.o(.text)
    ADC_GetSoftwareStartConvStatus           0x0800afc5   Thumb Code    20  stm32f4xx_adc.o(.text)
    ADC_EOCOnEachRegularChannelCmd           0x0800afd9   Thumb Code    22  stm32f4xx_adc.o(.text)
    ADC_ContinuousModeCmd                    0x0800afef   Thumb Code    22  stm32f4xx_adc.o(.text)
    ADC_DiscModeChannelCountConfig           0x0800b005   Thumb Code    24  stm32f4xx_adc.o(.text)
    ADC_DiscModeCmd                          0x0800b01d   Thumb Code    22  stm32f4xx_adc.o(.text)
    ADC_GetConversionValue                   0x0800b033   Thumb Code     8  stm32f4xx_adc.o(.text)
    ADC_GetMultiModeConversionValue          0x0800b03b   Thumb Code     8  stm32f4xx_adc.o(.text)
    ADC_DMACmd                               0x0800b043   Thumb Code    22  stm32f4xx_adc.o(.text)
    ADC_DMARequestAfterLastTransferCmd       0x0800b059   Thumb Code    22  stm32f4xx_adc.o(.text)
    ADC_MultiModeDMARequestAfterLastTransferCmd 0x0800b06f   Thumb Code    34  stm32f4xx_adc.o(.text)
    ADC_InjectedChannelConfig                0x0800b091   Thumb Code   130  stm32f4xx_adc.o(.text)
    ADC_InjectedSequencerLengthConfig        0x0800b113   Thumb Code    24  stm32f4xx_adc.o(.text)
    ADC_SetInjectedOffset                    0x0800b12b   Thumb Code    20  stm32f4xx_adc.o(.text)
    ADC_ExternalTrigInjectedConvConfig       0x0800b13f   Thumb Code    16  stm32f4xx_adc.o(.text)
    ADC_ExternalTrigInjectedConvEdgeConfig   0x0800b14f   Thumb Code    16  stm32f4xx_adc.o(.text)
    ADC_SoftwareStartInjectedConv            0x0800b15f   Thumb Code    10  stm32f4xx_adc.o(.text)
    ADC_GetSoftwareStartInjectedConvCmdStatus 0x0800b169   Thumb Code    20  stm32f4xx_adc.o(.text)
    ADC_AutoInjectedConvCmd                  0x0800b17d   Thumb Code    22  stm32f4xx_adc.o(.text)
    ADC_InjectedDiscModeCmd                  0x0800b193   Thumb Code    22  stm32f4xx_adc.o(.text)
    ADC_GetInjectedConversionValue           0x0800b1a9   Thumb Code    28  stm32f4xx_adc.o(.text)
    ADC_ITConfig                             0x0800b1c5   Thumb Code    56  stm32f4xx_adc.o(.text)
    ADC_GetFlagStatus                        0x0800b1fd   Thumb Code    18  stm32f4xx_adc.o(.text)
    ADC_ClearFlag                            0x0800b20f   Thumb Code     6  stm32f4xx_adc.o(.text)
    ADC_GetITStatus                          0x0800b215   Thumb Code    38  stm32f4xx_adc.o(.text)
    ADC_ClearITPendingBit                    0x0800b23b   Thumb Code    10  stm32f4xx_adc.o(.text)
    SPI_I2S_DeInit                           0x0800b245   Thumb Code   152  stm32f4xx_spi.o(.text)
    SPI_Init                                 0x0800b2dd   Thumb Code    60  stm32f4xx_spi.o(.text)
    I2S_Init                                 0x0800b319   Thumb Code   396  stm32f4xx_spi.o(.text)
    SPI_StructInit                           0x0800b4a5   Thumb Code    24  stm32f4xx_spi.o(.text)
    I2S_StructInit                           0x0800b4bd   Thumb Code    20  stm32f4xx_spi.o(.text)
    SPI_Cmd                                  0x0800b4d1   Thumb Code    24  stm32f4xx_spi.o(.text)
    I2S_Cmd                                  0x0800b4e9   Thumb Code    24  stm32f4xx_spi.o(.text)
    SPI_DataSizeConfig                       0x0800b501   Thumb Code    18  stm32f4xx_spi.o(.text)
    SPI_BiDirectionalLineConfig              0x0800b513   Thumb Code    28  stm32f4xx_spi.o(.text)
    SPI_NSSInternalSoftwareConfig            0x0800b52f   Thumb Code    30  stm32f4xx_spi.o(.text)
    SPI_SSOutputCmd                          0x0800b54d   Thumb Code    24  stm32f4xx_spi.o(.text)
    SPI_TIModeCmd                            0x0800b565   Thumb Code    24  stm32f4xx_spi.o(.text)
    I2S_FullDuplexConfig                     0x0800b57d   Thumb Code    80  stm32f4xx_spi.o(.text)
    SPI_I2S_ReceiveData                      0x0800b5cd   Thumb Code     6  stm32f4xx_spi.o(.text)
    SPI_I2S_SendData                         0x0800b5d3   Thumb Code     4  stm32f4xx_spi.o(.text)
    SPI_CalculateCRC                         0x0800b5d7   Thumb Code    24  stm32f4xx_spi.o(.text)
    SPI_TransmitCRC                          0x0800b5ef   Thumb Code    10  stm32f4xx_spi.o(.text)
    SPI_GetCRC                               0x0800b5f9   Thumb Code    16  stm32f4xx_spi.o(.text)
    SPI_GetCRCPolynomial                     0x0800b609   Thumb Code     6  stm32f4xx_spi.o(.text)
    SPI_I2S_DMACmd                           0x0800b60f   Thumb Code    18  stm32f4xx_spi.o(.text)
    SPI_I2S_ITConfig                         0x0800b621   Thumb Code    68  stm32f4xx_spi.o(.text)
    SPI_I2S_GetFlagStatus                    0x0800b665   Thumb Code    18  stm32f4xx_spi.o(.text)
    SPI_I2S_ClearFlag                        0x0800b677   Thumb Code     6  stm32f4xx_spi.o(.text)
    SPI_I2S_GetITStatus                      0x0800b67d   Thumb Code    52  stm32f4xx_spi.o(.text)
    SPI_I2S_ClearITPendingBit                0x0800b6b1   Thumb Code    20  stm32f4xx_spi.o(.text)
    DMA_DeInit                               0x0800b6c5   Thumb Code   324  stm32f4xx_dma.o(.text)
    DMA_Init                                 0x0800b809   Thumb Code    82  stm32f4xx_dma.o(.text)
    DMA_StructInit                           0x0800b85b   Thumb Code    34  stm32f4xx_dma.o(.text)
    DMA_Cmd                                  0x0800b87d   Thumb Code    22  stm32f4xx_dma.o(.text)
    DMA_PeriphIncOffsetSizeConfig            0x0800b893   Thumb Code    22  stm32f4xx_dma.o(.text)
    DMA_FlowControllerConfig                 0x0800b8a9   Thumb Code    22  stm32f4xx_dma.o(.text)
    DMA_SetCurrDataCounter                   0x0800b8bf   Thumb Code     4  stm32f4xx_dma.o(.text)
    DMA_GetCurrDataCounter                   0x0800b8c3   Thumb Code     8  stm32f4xx_dma.o(.text)
    DMA_DoubleBufferModeConfig               0x0800b8cb   Thumb Code    24  stm32f4xx_dma.o(.text)
    DMA_DoubleBufferModeCmd                  0x0800b8e3   Thumb Code    22  stm32f4xx_dma.o(.text)
    DMA_MemoryTargetConfig                   0x0800b8f9   Thumb Code    10  stm32f4xx_dma.o(.text)
    DMA_GetCurrentMemoryTarget               0x0800b903   Thumb Code    20  stm32f4xx_dma.o(.text)
    DMA_GetCmdStatus                         0x0800b917   Thumb Code    20  stm32f4xx_dma.o(.text)
    DMA_GetFIFOStatus                        0x0800b92b   Thumb Code    12  stm32f4xx_dma.o(.text)
    DMA_GetFlagStatus                        0x0800b937   Thumb Code    56  stm32f4xx_dma.o(.text)
    DMA_ClearFlag                            0x0800b96f   Thumb Code    40  stm32f4xx_dma.o(.text)
    DMA_ITConfig                             0x0800b997   Thumb Code    58  stm32f4xx_dma.o(.text)
    DMA_GetITStatus                          0x0800b9d1   Thumb Code    84  stm32f4xx_dma.o(.text)
    DMA_ClearITPendingBit                    0x0800ba25   Thumb Code    40  stm32f4xx_dma.o(.text)
    SDIO_DeInit                              0x0800ba6d   Thumb Code    22  stm32f4xx_sdio.o(.text)
    SDIO_Init                                0x0800ba83   Thumb Code    42  stm32f4xx_sdio.o(.text)
    SDIO_StructInit                          0x0800baad   Thumb Code    16  stm32f4xx_sdio.o(.text)
    SDIO_ClockCmd                            0x0800babd   Thumb Code     6  stm32f4xx_sdio.o(.text)
    SDIO_SetPowerState                       0x0800bac3   Thumb Code     8  stm32f4xx_sdio.o(.text)
    SDIO_GetPowerState                       0x0800bacb   Thumb Code    12  stm32f4xx_sdio.o(.text)
    SDIO_SendCommand                         0x0800bad7   Thumb Code    42  stm32f4xx_sdio.o(.text)
    SDIO_CmdStructInit                       0x0800bb01   Thumb Code    14  stm32f4xx_sdio.o(.text)
    SDIO_GetCommandResponse                  0x0800bb0f   Thumb Code    10  stm32f4xx_sdio.o(.text)
    SDIO_GetResponse                         0x0800bb19   Thumb Code    22  stm32f4xx_sdio.o(.text)
    SDIO_DataConfig                          0x0800bb2f   Thumb Code    48  stm32f4xx_sdio.o(.text)
    SDIO_DataStructInit                      0x0800bb5f   Thumb Code    20  stm32f4xx_sdio.o(.text)
    SDIO_GetDataCounter                      0x0800bb73   Thumb Code     8  stm32f4xx_sdio.o(.text)
    SDIO_ReadData                            0x0800bb7b   Thumb Code     8  stm32f4xx_sdio.o(.text)
    SDIO_WriteData                           0x0800bb83   Thumb Code     8  stm32f4xx_sdio.o(.text)
    SDIO_GetFIFOCount                        0x0800bb8b   Thumb Code     8  stm32f4xx_sdio.o(.text)
    SDIO_StartSDIOReadWait                   0x0800bb93   Thumb Code     6  stm32f4xx_sdio.o(.text)
    SDIO_StopSDIOReadWait                    0x0800bb99   Thumb Code     8  stm32f4xx_sdio.o(.text)
    SDIO_SetSDIOReadWaitMode                 0x0800bba1   Thumb Code     8  stm32f4xx_sdio.o(.text)
    SDIO_SetSDIOOperation                    0x0800bba9   Thumb Code     8  stm32f4xx_sdio.o(.text)
    SDIO_SendSDIOSuspendCmd                  0x0800bbb1   Thumb Code     6  stm32f4xx_sdio.o(.text)
    SDIO_CommandCompletionCmd                0x0800bbb7   Thumb Code     8  stm32f4xx_sdio.o(.text)
    SDIO_CEATAITCmd                          0x0800bbbf   Thumb Code    12  stm32f4xx_sdio.o(.text)
    SDIO_SendCEATACmd                        0x0800bbcb   Thumb Code     8  stm32f4xx_sdio.o(.text)
    SDIO_DMACmd                              0x0800bbd3   Thumb Code     8  stm32f4xx_sdio.o(.text)
    SDIO_ITConfig                            0x0800bbdb   Thumb Code    34  stm32f4xx_sdio.o(.text)
    SDIO_GetFlagStatus                       0x0800bbfd   Thumb Code    22  stm32f4xx_sdio.o(.text)
    SDIO_ClearFlag                           0x0800bc13   Thumb Code     8  stm32f4xx_sdio.o(.text)
    SDIO_GetITStatus                         0x0800bc1b   Thumb Code    22  stm32f4xx_sdio.o(.text)
    SDIO_ClearITPendingBit                   0x0800bc31   Thumb Code     8  stm32f4xx_sdio.o(.text)
    EXTI_DeInit                              0x0800bc49   Thumb Code    28  stm32f4xx_exti.o(.text)
    EXTI_Init                                0x0800bc65   Thumb Code   142  stm32f4xx_exti.o(.text)
    EXTI_StructInit                          0x0800bcf3   Thumb Code    16  stm32f4xx_exti.o(.text)
    EXTI_GenerateSWInterrupt                 0x0800bd03   Thumb Code    16  stm32f4xx_exti.o(.text)
    EXTI_GetFlagStatus                       0x0800bd13   Thumb Code    22  stm32f4xx_exti.o(.text)
    EXTI_ClearFlag                           0x0800bd29   Thumb Code     8  stm32f4xx_exti.o(.text)
    EXTI_GetITStatus                         0x0800bd31   Thumb Code    22  stm32f4xx_exti.o(.text)
    EXTI_ClearITPendingBit                   0x0800bd47   Thumb Code     8  stm32f4xx_exti.o(.text)
    SYSCFG_DeInit                            0x0800bd59   Thumb Code    22  stm32f4xx_syscfg.o(.text)
    SYSCFG_MemoryRemapConfig                 0x0800bd6f   Thumb Code     6  stm32f4xx_syscfg.o(.text)
    SYSCFG_MemorySwappingBank                0x0800bd75   Thumb Code     6  stm32f4xx_syscfg.o(.text)
    SYSCFG_EXTILineConfig                    0x0800bd7b   Thumb Code    66  stm32f4xx_syscfg.o(.text)
    SYSCFG_ETH_MediaInterfaceConfig          0x0800bdbd   Thumb Code     8  stm32f4xx_syscfg.o(.text)
    SYSCFG_CompensationCellCmd               0x0800bdc5   Thumb Code     6  stm32f4xx_syscfg.o(.text)
    SYSCFG_GetCompensationCellStatus         0x0800bdcb   Thumb Code    22  stm32f4xx_syscfg.o(.text)
    TIM_DeInit                               0x0800bded   Thumb Code   346  stm32f4xx_tim.o(.text)
    TIM_TimeBaseInit                         0x0800bf47   Thumb Code   104  stm32f4xx_tim.o(.text)
    TIM_TimeBaseStructInit                   0x0800bfaf   Thumb Code    18  stm32f4xx_tim.o(.text)
    TIM_PrescalerConfig                      0x0800bfc1   Thumb Code     6  stm32f4xx_tim.o(.text)
    TIM_CounterModeConfig                    0x0800bfc7   Thumb Code    18  stm32f4xx_tim.o(.text)
    TIM_SetCounter                           0x0800bfd9   Thumb Code     4  stm32f4xx_tim.o(.text)
    TIM_SetAutoreload                        0x0800bfdd   Thumb Code     4  stm32f4xx_tim.o(.text)
    TIM_GetCounter                           0x0800bfe1   Thumb Code     6  stm32f4xx_tim.o(.text)
    TIM_GetPrescaler                         0x0800bfe7   Thumb Code     6  stm32f4xx_tim.o(.text)
    TIM_UpdateDisableConfig                  0x0800bfed   Thumb Code    24  stm32f4xx_tim.o(.text)
    TIM_UpdateRequestConfig                  0x0800c005   Thumb Code    24  stm32f4xx_tim.o(.text)
    TIM_ARRPreloadConfig                     0x0800c01d   Thumb Code    24  stm32f4xx_tim.o(.text)
    TIM_SelectOnePulseMode                   0x0800c035   Thumb Code    18  stm32f4xx_tim.o(.text)
    TIM_SetClockDivision                     0x0800c047   Thumb Code    18  stm32f4xx_tim.o(.text)
    TIM_Cmd                                  0x0800c059   Thumb Code    24  stm32f4xx_tim.o(.text)
    TIM_OC1Init                              0x0800c071   Thumb Code   114  stm32f4xx_tim.o(.text)
    TIM_OC2Init                              0x0800c0e3   Thumb Code   154  stm32f4xx_tim.o(.text)
    TIM_OC3Init                              0x0800c17d   Thumb Code   204  stm32f4xx_tim.o(.text)
    TIM_OC4Init                              0x0800c249   Thumb Code   112  stm32f4xx_tim.o(.text)
    TIM_OCStructInit                         0x0800c2b9   Thumb Code    20  stm32f4xx_tim.o(.text)
    TIM_SelectOCxM                           0x0800c2cd   Thumb Code    86  stm32f4xx_tim.o(.text)
    TIM_SetCompare1                          0x0800c323   Thumb Code     4  stm32f4xx_tim.o(.text)
    TIM_SetCompare2                          0x0800c327   Thumb Code     4  stm32f4xx_tim.o(.text)
    TIM_SetCompare3                          0x0800c32b   Thumb Code     4  stm32f4xx_tim.o(.text)
    TIM_SetCompare4                          0x0800c32f   Thumb Code     4  stm32f4xx_tim.o(.text)
    TIM_ForcedOC1Config                      0x0800c333   Thumb Code    18  stm32f4xx_tim.o(.text)
    TIM_ForcedOC2Config                      0x0800c345   Thumb Code    26  stm32f4xx_tim.o(.text)
    TIM_ForcedOC3Config                      0x0800c35f   Thumb Code    18  stm32f4xx_tim.o(.text)
    TIM_ForcedOC4Config                      0x0800c371   Thumb Code    26  stm32f4xx_tim.o(.text)
    TIM_OC1PreloadConfig                     0x0800c38b   Thumb Code    18  stm32f4xx_tim.o(.text)
    TIM_OC2PreloadConfig                     0x0800c39d   Thumb Code    26  stm32f4xx_tim.o(.text)
    TIM_OC3PreloadConfig                     0x0800c3b7   Thumb Code    18  stm32f4xx_tim.o(.text)
    TIM_OC4PreloadConfig                     0x0800c3c9   Thumb Code    26  stm32f4xx_tim.o(.text)
    TIM_OC1FastConfig                        0x0800c3e3   Thumb Code    18  stm32f4xx_tim.o(.text)
    TIM_OC2FastConfig                        0x0800c3f5   Thumb Code    26  stm32f4xx_tim.o(.text)
    TIM_OC3FastConfig                        0x0800c40f   Thumb Code    18  stm32f4xx_tim.o(.text)
    TIM_OC4FastConfig                        0x0800c421   Thumb Code    26  stm32f4xx_tim.o(.text)
    TIM_ClearOC1Ref                          0x0800c43b   Thumb Code    18  stm32f4xx_tim.o(.text)
    TIM_ClearOC2Ref                          0x0800c44d   Thumb Code    24  stm32f4xx_tim.o(.text)
    TIM_ClearOC3Ref                          0x0800c465   Thumb Code    18  stm32f4xx_tim.o(.text)
    TIM_ClearOC4Ref                          0x0800c477   Thumb Code    24  stm32f4xx_tim.o(.text)
    TIM_OC1PolarityConfig                    0x0800c48f   Thumb Code    18  stm32f4xx_tim.o(.text)
    TIM_OC1NPolarityConfig                   0x0800c4a1   Thumb Code    18  stm32f4xx_tim.o(.text)
    TIM_OC2PolarityConfig                    0x0800c4b3   Thumb Code    26  stm32f4xx_tim.o(.text)
    TIM_OC2NPolarityConfig                   0x0800c4cd   Thumb Code    26  stm32f4xx_tim.o(.text)
    TIM_OC3PolarityConfig                    0x0800c4e7   Thumb Code    26  stm32f4xx_tim.o(.text)
    TIM_OC3NPolarityConfig                   0x0800c501   Thumb Code    26  stm32f4xx_tim.o(.text)
    TIM_OC4PolarityConfig                    0x0800c51b   Thumb Code    26  stm32f4xx_tim.o(.text)
    TIM_CCxCmd                               0x0800c535   Thumb Code    30  stm32f4xx_tim.o(.text)
    TIM_CCxNCmd                              0x0800c553   Thumb Code    30  stm32f4xx_tim.o(.text)
    TIM_SetIC4Prescaler                      0x0800c571   Thumb Code    26  stm32f4xx_tim.o(.text)
    TIM_SetIC3Prescaler                      0x0800c5db   Thumb Code    18  stm32f4xx_tim.o(.text)
    TIM_SetIC2Prescaler                      0x0800c635   Thumb Code    26  stm32f4xx_tim.o(.text)
    TIM_SetIC1Prescaler                      0x0800c6a9   Thumb Code    18  stm32f4xx_tim.o(.text)
    TIM_ICInit                               0x0800c6f5   Thumb Code   110  stm32f4xx_tim.o(.text)
    TIM_ICStructInit                         0x0800c763   Thumb Code    18  stm32f4xx_tim.o(.text)
    TIM_PWMIConfig                           0x0800c775   Thumb Code   124  stm32f4xx_tim.o(.text)
    TIM_GetCapture1                          0x0800c7f1   Thumb Code     6  stm32f4xx_tim.o(.text)
    TIM_GetCapture2                          0x0800c7f7   Thumb Code     6  stm32f4xx_tim.o(.text)
    TIM_GetCapture3                          0x0800c7fd   Thumb Code     6  stm32f4xx_tim.o(.text)
    TIM_GetCapture4                          0x0800c803   Thumb Code     6  stm32f4xx_tim.o(.text)
    TIM_BDTRConfig                           0x0800c809   Thumb Code    32  stm32f4xx_tim.o(.text)
    TIM_BDTRStructInit                       0x0800c829   Thumb Code    18  stm32f4xx_tim.o(.text)
    TIM_CtrlPWMOutputs                       0x0800c83b   Thumb Code    30  stm32f4xx_tim.o(.text)
    TIM_SelectCOM                            0x0800c859   Thumb Code    24  stm32f4xx_tim.o(.text)
    TIM_CCPreloadControl                     0x0800c871   Thumb Code    24  stm32f4xx_tim.o(.text)
    TIM_ITConfig                             0x0800c889   Thumb Code    18  stm32f4xx_tim.o(.text)
    TIM_GenerateEvent                        0x0800c89b   Thumb Code     4  stm32f4xx_tim.o(.text)
    TIM_GetFlagStatus                        0x0800c89f   Thumb Code    18  stm32f4xx_tim.o(.text)
    TIM_ClearFlag                            0x0800c8b1   Thumb Code     6  stm32f4xx_tim.o(.text)
    TIM_GetITStatus                          0x0800c8b7   Thumb Code    34  stm32f4xx_tim.o(.text)
    TIM_ClearITPendingBit                    0x0800c8d9   Thumb Code     6  stm32f4xx_tim.o(.text)
    TIM_DMAConfig                            0x0800c8df   Thumb Code    10  stm32f4xx_tim.o(.text)
    TIM_DMACmd                               0x0800c8e9   Thumb Code    18  stm32f4xx_tim.o(.text)
    TIM_SelectCCDMA                          0x0800c8fb   Thumb Code    24  stm32f4xx_tim.o(.text)
    TIM_InternalClockConfig                  0x0800c913   Thumb Code    12  stm32f4xx_tim.o(.text)
    TIM_SelectInputTrigger                   0x0800c91f   Thumb Code    18  stm32f4xx_tim.o(.text)
    TIM_ITRxExternalClockConfig              0x0800c931   Thumb Code    24  stm32f4xx_tim.o(.text)
    TIM_TIxExternalClockConfig               0x0800c949   Thumb Code    62  stm32f4xx_tim.o(.text)
    TIM_ETRConfig                            0x0800c987   Thumb Code    28  stm32f4xx_tim.o(.text)
    TIM_ETRClockMode1Config                  0x0800c9a3   Thumb Code    54  stm32f4xx_tim.o(.text)
    TIM_ETRClockMode2Config                  0x0800c9d9   Thumb Code    32  stm32f4xx_tim.o(.text)
    TIM_SelectOutputTrigger                  0x0800c9f9   Thumb Code    18  stm32f4xx_tim.o(.text)
    TIM_SelectSlaveMode                      0x0800ca0b   Thumb Code    18  stm32f4xx_tim.o(.text)
    TIM_SelectMasterSlaveMode                0x0800ca1d   Thumb Code    18  stm32f4xx_tim.o(.text)
    TIM_EncoderInterfaceConfig               0x0800ca2f   Thumb Code    66  stm32f4xx_tim.o(.text)
    TIM_SelectHallSensor                     0x0800ca71   Thumb Code    24  stm32f4xx_tim.o(.text)
    TIM_RemapConfig                          0x0800ca89   Thumb Code     6  stm32f4xx_tim.o(.text)
    delay_init                               0x0800ca91   Thumb Code    42  delay.o(.text)
    delay_us                                 0x0800cabb   Thumb Code    72  delay.o(.text)
    delay_xms                                0x0800cb03   Thumb Code    72  delay.o(.text)
    delay_ms                                 0x0800cb4b   Thumb Code    56  delay.o(.text)
    fupd_prog                                0x0800cb8d   Thumb Code   144  updatefont.o(.text)
    updata_fontx                             0x0800cc1d   Thumb Code   346  updatefont.o(.text)
    update_hzfont                            0x0800cd77   Thumb Code  1040  updatefont.o(.text)
    font_init                                0x0800d187   Thumb Code    64  updatefont.o(.text)
    Get_HzMat                                0x0800d221   Thumb Code   220  showhz.o(.text)
    LCD_Display1HZ                           0x0800d2fd   Thumb Code   186  showhz.o(.text)
    LCD_DisplayHZstr                         0x0800d3b7   Thumb Code   136  showhz.o(.text)
    Show_Str_Mid                             0x0800d43f   Thumb Code    86  showhz.o(.text)
    __aeabi_ldivmod                          0x0800d4a5   Thumb Code     0  llsdiv.o(.text)
    _ll_sdiv                                 0x0800d4a5   Thumb Code    72  llsdiv.o(.text)
    __2sprintf                               0x0800d4ed   Thumb Code    34  noretval__2sprintf.o(.text)
    _printf_int_dec                          0x0800d515   Thumb Code   104  _printf_dec.o(.text)
    __printf                                 0x0800d58d   Thumb Code   270  __printf_wp.o(.text)
    strcpy                                   0x0800d69b   Thumb Code    72  strcpy.o(.text)
    strlen                                   0x0800d6e3   Thumb Code    62  strlen.o(.text)
    __aeabi_memcpy                           0x0800d721   Thumb Code     0  rt_memcpy_v6.o(.text)
    __rt_memcpy                              0x0800d721   Thumb Code   138  rt_memcpy_v6.o(.text)
    _memcpy_lastbytes                        0x0800d787   Thumb Code     0  rt_memcpy_v6.o(.text)
    __use_two_region_memory                  0x0800d7ab   Thumb Code     2  heapauxi.o(.text)
    __rt_heap_escrow$2region                 0x0800d7ad   Thumb Code     2  heapauxi.o(.text)
    __rt_heap_expand$2region                 0x0800d7af   Thumb Code     2  heapauxi.o(.text)
    __aeabi_uldivmod                         0x0800d7b1   Thumb Code     0  lludivv7m.o(.text)
    _ll_udiv                                 0x0800d7b1   Thumb Code   238  lludivv7m.o(.text)
    __read_errno                             0x0800d89f   Thumb Code    10  _rserrno.o(.text)
    __set_errno                              0x0800d8a9   Thumb Code    12  _rserrno.o(.text)
    _printf_int_common                       0x0800d8b5   Thumb Code   178  _printf_intcommon.o(.text)
    __lib_sel_fp_printf                      0x0800d967   Thumb Code     2  _printf_fp_dec.o(.text)
    _printf_fp_dec_real                      0x0800db19   Thumb Code   620  _printf_fp_dec.o(.text)
    _printf_char_common                      0x0800dd8f   Thumb Code    32  _printf_char_common.o(.text)
    _sputc                                   0x0800ddb5   Thumb Code    10  _sputc.o(.text)
    __aeabi_memcpy4                          0x0800ddbf   Thumb Code     0  rt_memcpy_w.o(.text)
    __aeabi_memcpy8                          0x0800ddbf   Thumb Code     0  rt_memcpy_w.o(.text)
    __rt_memcpy_w                            0x0800ddbf   Thumb Code   100  rt_memcpy_w.o(.text)
    _memcpy_lastbytes_aligned                0x0800de07   Thumb Code     0  rt_memcpy_w.o(.text)
    __rt_locale                              0x0800de25   Thumb Code     8  rt_locale_intlibspace.o(.text)
    __aeabi_errno_addr                       0x0800de2d   Thumb Code     8  rt_errno_addr_intlibspace.o(.text)
    __errno$intlibspace                      0x0800de2d   Thumb Code     0  rt_errno_addr_intlibspace.o(.text)
    __rt_errno_addr$intlibspace              0x0800de2d   Thumb Code     0  rt_errno_addr_intlibspace.o(.text)
    _ll_udiv10                               0x0800de35   Thumb Code   138  lludiv10.o(.text)
    _printf_fp_infnan                        0x0800dec1   Thumb Code   112  _printf_fp_infnan.o(.text)
    _btod_etento                             0x0800df41   Thumb Code   224  bigflt0.o(.text)
    __user_libspace                          0x0800e025   Thumb Code     8  libspace.o(.text)
    __user_perproc_libspace                  0x0800e025   Thumb Code     0  libspace.o(.text)
    __user_perthread_libspace                0x0800e025   Thumb Code     0  libspace.o(.text)
    __user_setup_stackheap                   0x0800e02d   Thumb Code    74  sys_stackheap_outer.o(.text)
    exit                                     0x0800e077   Thumb Code    18  exit.o(.text)
    strcmp                                   0x0800e089   Thumb Code   128  strcmpv7m.o(.text)
    _sys_exit                                0x0800e109   Thumb Code     8  sys_exit.o(.text)
    __I$use$semihosting                      0x0800e115   Thumb Code     0  use_no_semi.o(.text)
    __use_no_semihosting_swi                 0x0800e115   Thumb Code     2  use_no_semi.o(.text)
    __semihosting_library_function           0x0800e117   Thumb Code     0  indicate_semi.o(.text)
    _btod_d2e                                0x0800e117   Thumb Code    62  btod.o(CL$$btod_d2e)
    _d2e_denorm_low                          0x0800e155   Thumb Code    70  btod.o(CL$$btod_d2e_denorm_low)
    _d2e_norm_op1                            0x0800e19b   Thumb Code    96  btod.o(CL$$btod_d2e_norm_op1)
    __btod_div_common                        0x0800e1fb   Thumb Code   696  btod.o(CL$$btod_div_common)
    _e2e                                     0x0800e533   Thumb Code   220  btod.o(CL$$btod_e2e)
    _btod_ediv                               0x0800e60f   Thumb Code    42  btod.o(CL$$btod_ediv)
    _btod_emul                               0x0800e639   Thumb Code    42  btod.o(CL$$btod_emul)
    __btod_mult_common                       0x0800e663   Thumb Code   580  btod.o(CL$$btod_mult_common)
    __ARM_fpclassify                         0x0800e8a7   Thumb Code    48  fpclassify.o(i.__ARM_fpclassify)
    __hardfp_log                             0x0800e8d9   Thumb Code   872  log.o(i.__hardfp_log)
    __hardfp_log10                           0x0800eca1   Thumb Code   260  log10.o(i.__hardfp_log10)
    __hardfp_pow                             0x0800edd1   Thumb Code  3072  pow.o(i.__hardfp_pow)
    __kernel_poly                            0x0800fa21   Thumb Code   248  poly.o(i.__kernel_poly)
    __mathlib_dbl_divzero                    0x0800fb19   Thumb Code    28  dunder.o(i.__mathlib_dbl_divzero)
    __mathlib_dbl_infnan                     0x0800fb49   Thumb Code    20  dunder.o(i.__mathlib_dbl_infnan)
    __mathlib_dbl_infnan2                    0x0800fb5d   Thumb Code    20  dunder.o(i.__mathlib_dbl_infnan2)
    __mathlib_dbl_invalid                    0x0800fb71   Thumb Code    24  dunder.o(i.__mathlib_dbl_invalid)
    __mathlib_dbl_overflow                   0x0800fb91   Thumb Code    24  dunder.o(i.__mathlib_dbl_overflow)
    __mathlib_dbl_underflow                  0x0800fbb1   Thumb Code    24  dunder.o(i.__mathlib_dbl_underflow)
    _is_digit                                0x0800fbd1   Thumb Code    14  __printf_wp.o(i._is_digit)
    fabs                                     0x0800fbdf   Thumb Code    24  fabs.o(i.fabs)
    log                                      0x0800fbf7   Thumb Code    16  log.o(i.log)
    sqrt                                     0x0800fc07   Thumb Code   110  sqrt.o(i.sqrt)
    _get_lc_numeric                          0x0800fc75   Thumb Code    44  lc_numeric_c.o(locale$$code)
    __aeabi_dneg                             0x0800fca1   Thumb Code     0  basic.o(x$fpl$basic)
    _dneg                                    0x0800fca1   Thumb Code     6  basic.o(x$fpl$basic)
    __aeabi_fneg                             0x0800fca7   Thumb Code     0  basic.o(x$fpl$basic)
    _fneg                                    0x0800fca7   Thumb Code     6  basic.o(x$fpl$basic)
    _dabs                                    0x0800fcad   Thumb Code     6  basic.o(x$fpl$basic)
    _fabs                                    0x0800fcb3   Thumb Code     6  basic.o(x$fpl$basic)
    __aeabi_dadd                             0x0800fcb9   Thumb Code     0  daddsub_clz.o(x$fpl$dadd)
    _dadd                                    0x0800fcb9   Thumb Code   332  daddsub_clz.o(x$fpl$dadd)
    __fpl_dcheck_NaN1                        0x0800fe09   Thumb Code    10  dcheck1.o(x$fpl$dcheck1)
    __fpl_dcmp_Inf                           0x0800fe19   Thumb Code    24  dcmpi.o(x$fpl$dcmpinf)
    __aeabi_ddiv                             0x0800fe31   Thumb Code     0  ddiv.o(x$fpl$ddiv)
    _ddiv                                    0x0800fe31   Thumb Code   552  ddiv.o(x$fpl$ddiv)
    __aeabi_cdcmpeq                          0x080100e1   Thumb Code     0  deqf.o(x$fpl$deqf)
    _dcmpeq                                  0x080100e1   Thumb Code   120  deqf.o(x$fpl$deqf)
    __aeabi_d2iz                             0x08010159   Thumb Code     0  dfix.o(x$fpl$dfix)
    _dfix                                    0x08010159   Thumb Code    94  dfix.o(x$fpl$dfix)
    __aeabi_d2uiz                            0x080101b9   Thumb Code     0  dfixu.o(x$fpl$dfixu)
    _dfixu                                   0x080101b9   Thumb Code    90  dfixu.o(x$fpl$dfixu)
    __aeabi_i2d                              0x08010213   Thumb Code     0  dflt_clz.o(x$fpl$dflt)
    _dflt                                    0x08010213   Thumb Code    46  dflt_clz.o(x$fpl$dflt)
    __aeabi_l2d                              0x08010241   Thumb Code     0  dfltll_clz.o(x$fpl$dfltll)
    _ll_sto_d                                0x08010241   Thumb Code   162  dfltll_clz.o(x$fpl$dfltll)
    __aeabi_ui2d                             0x080102e3   Thumb Code     0  dflt_clz.o(x$fpl$dfltu)
    _dfltu                                   0x080102e3   Thumb Code    38  dflt_clz.o(x$fpl$dfltu)
    __aeabi_cdcmple                          0x08010309   Thumb Code     0  dleqf.o(x$fpl$dleqf)
    _dcmple                                  0x08010309   Thumb Code   120  dleqf.o(x$fpl$dleqf)
    __fpl_dcmple_InfNaN                      0x0801036b   Thumb Code     0  dleqf.o(x$fpl$dleqf)
    __aeabi_dmul                             0x08010381   Thumb Code     0  dmul.o(x$fpl$dmul)
    _dmul                                    0x08010381   Thumb Code   332  dmul.o(x$fpl$dmul)
    __fpl_dnaninf                            0x080104d5   Thumb Code   156  dnaninf.o(x$fpl$dnaninf)
    __fpl_dretinf                            0x08010571   Thumb Code    12  dretinf.o(x$fpl$dretinf)
    __aeabi_cdrcmple                         0x0801057d   Thumb Code     0  drleqf.o(x$fpl$drleqf)
    _drcmple                                 0x0801057d   Thumb Code   108  drleqf.o(x$fpl$drleqf)
    __aeabi_drsub                            0x080105e9   Thumb Code     0  daddsub_clz.o(x$fpl$drsb)
    _drsb                                    0x080105e9   Thumb Code    22  daddsub_clz.o(x$fpl$drsb)
    _dsqrt                                   0x08010601   Thumb Code   404  dsqrt_umaal.o(x$fpl$dsqrt)
    __aeabi_dsub                             0x08010799   Thumb Code     0  daddsub_clz.o(x$fpl$dsub)
    _dsub                                    0x08010799   Thumb Code   464  daddsub_clz.o(x$fpl$dsub)
    _fp_init                                 0x0801096d   Thumb Code    10  fpinit.o(x$fpl$fpinit)
    __fplib_config_fpu_vfp                   0x08010975   Thumb Code     0  fpinit.o(x$fpl$fpinit)
    __fplib_config_pureend_doubles           0x08010975   Thumb Code     0  fpinit.o(x$fpl$fpinit)
    _printf_fp_dec                           0x08010977   Thumb Code     4  printf1.o(x$fpl$printf1)
    __fpl_return_NaN                         0x0801097b   Thumb Code   100  retnan.o(x$fpl$retnan)
    __ARM_scalbn                             0x080109df   Thumb Code    92  scalbn.o(x$fpl$scalbn)
    __fpl_cmpreturn                          0x08010a3b   Thumb Code    48  trapv.o(x$fpl$trapveneer)
    __I$use$fp                               0x08010a6a   Number         0  usenofp.o(x$fpl$usenofp)
    char_1206                                0x08010a6a   Data        1140  lcd.o(.constdata)
    char_1608                                0x08010ede   Data        1520  lcd.o(.constdata)
    char_2412                                0x080114ce   Data        4560  lcd.o(.constdata)
    memtblsize                               0x080126a0   Data           8  malloc.o(.constdata)
    memblksize                               0x080126a8   Data           8  malloc.o(.constdata)
    memsize                                  0x080126b0   Data           8  malloc.o(.constdata)
    FSMC_DefaultTimingStruct                 0x08012ab4   Data          28  stm32f4xx_fsmc.o(.constdata)
    GBK24_PATH                               0x08012ad0   Data           4  updatefont.o(.constdata)
    GBK16_PATH                               0x08012ad4   Data           4  updatefont.o(.constdata)
    GBK12_PATH                               0x08012ad8   Data           4  updatefont.o(.constdata)
    UNIGBK_PATH                              0x08012adc   Data           4  updatefont.o(.constdata)
    __mathlib_zero                           0x08012ba0   Data           8  qnan.o(.constdata)
    Region$$Table$$Base                      0x08012cbc   Number         0  anon$$obj.o(Region$$Table)
    Region$$Table$$Limit                     0x08012cdc   Number         0  anon$$obj.o(Region$$Table)
    CURRENT_PAGE                             0x20000000   Data           4  main.o(.data)
    LAST_PAGE                                0x20000004   Data           4  main.o(.data)
    CMD_OPTION                               0x20000008   Data           4  main.o(.data)
    EXCHANGEPAGE                             0x2000000c   Data           4  main.o(.data)
    OPTION_TOP                               0x20000010   Data           1  main.o(.data)
    OPTION_SUB0                              0x20000011   Data           1  main.o(.data)
    OPTION_SUB1                              0x20000012   Data           1  main.o(.data)
    OPTION_SUB2                              0x20000013   Data           1  main.o(.data)
    OPTION_SUB3                              0x20000014   Data           1  main.o(.data)
    freq_option                              0x20000018   Data           8  main.o(.data)
    v_option                                 0x20000020   Data           8  main.o(.data)
    SCAN_PAR_MODE                            0x20000028   Data           4  main.o(.data)
    Option_Scan                              0x2000002c   Data           4  main.o(.data)
    freq_step                                0x20000030   Data           8  main.o(.data)
    freq_begin                               0x20000038   Data           8  main.o(.data)
    freq_end                                 0x20000040   Data           8  main.o(.data)
    freq                                     0x20000048   Data           8  main.o(.data)
    flag_twice                               0x20000050   Data           4  main.o(.data)
    finish                                   0x20000054   Data           4  main.o(.data)
    x_point                                  0x20000058   Data           4  main.o(.data)
    y_point                                  0x2000005c   Data           4  main.o(.data)
    p_data_high                              0x20000060   Data           4  main.o(.data)
    p_data                                   0x20000064   Data           4  main.o(.data)
    k                                        0x20000068   Data           4  main.o(.data)
    count                                    0x2000006c   Data           4  main.o(.data)
    readvalue_keyboard                       0x20000070   Data           8  main.o(.data)
    freqmid                                  0x20000078   Data           8  main.o(.data)
    v_core                                   0x20000080   Data           8  main.o(.data)
    SystemCoreClock                          0x20000088   Data           4  system_stm32f4xx.o(.data)
    AHBPrescTable                            0x2000008c   Data          16  system_stm32f4xx.o(.data)
    BRUSH_COLOR                              0x2000009c   Data           2  lcd.o(.data)
    BACK_COLOR                               0x2000009e   Data           2  lcd.o(.data)
    lcd_id                                   0x200000a0   Data           2  lcd.o(.data)
    dir_flag                                 0x200000a2   Data           1  lcd.o(.data)
    lcd_width                                0x200000a4   Data           2  lcd.o(.data)
    lcd_height                               0x200000a6   Data           2  lcd.o(.data)
    write_gramcmd                            0x200000a8   Data           2  lcd.o(.data)
    setxcmd                                  0x200000aa   Data           2  lcd.o(.data)
    setycmd                                  0x200000ac   Data           2  lcd.o(.data)
    KBCode                                   0x200000b0   Data           8  keyboard.o(.data)
    ENSURE_INPUT                             0x200000b8   Data           4  keyboard.o(.data)
    RNSURE_INPUT_SINGLE                      0x200000bc   Data           4  keyboard.o(.data)
    W25QXX_ID                                0x200000d8   Data           2  w25qxx.o(.data)
    membase                                  0x200000dc   Data           8  malloc.o(.data)
    memmap                                   0x200000e4   Data           8  malloc.o(.data)
    memrdy                                   0x200000ec   Data           2  malloc.o(.data)
    temp                                     0x200000f0   Data           8  timer.o(.data)
    x                                        0x200000f8   Data           8  timer.o(.data)
    timer5_flag                              0x20000100   Data           4  timer.o(.data)
    CNT_KEYBOARD                             0x20000104   Data           4  key_it.o(.data)
    STATE_KEYBOARD                           0x20000108   Data           4  key_it.o(.data)
    KEYBOARD_16                              0x2000010c   Data           4  key_it.o(.data)
    CNT_KEY0                                 0x20000110   Data           4  key_it.o(.data)
    STATE_KEY0                               0x20000114   Data           4  key_it.o(.data)
    KEY0PRESS                                0x20000118   Data           4  key_it.o(.data)
    CNT_KEY1                                 0x2000011c   Data           4  key_it.o(.data)
    STATE_KEY1                               0x20000120   Data           4  key_it.o(.data)
    KEY1PRESS                                0x20000124   Data           4  key_it.o(.data)
    CNT_KEY2                                 0x20000128   Data           4  key_it.o(.data)
    STATE_KEY2                               0x2000012c   Data           4  key_it.o(.data)
    KEY2PRESS                                0x20000130   Data           4  key_it.o(.data)
    CNT_KEY3                                 0x20000134   Data           4  key_it.o(.data)
    STATE_KEY3                               0x20000138   Data           4  key_it.o(.data)
    KEY3PRESS                                0x2000013c   Data           4  key_it.o(.data)
    TransferError                            0x2000014a   Data           1  tfcard_sdio.o(.data)
    TransferEnd                              0x2000014b   Data           1  tfcard_sdio.o(.data)
    tempbuff                                 0x2000014c   Data           4  tfcard_sdio.o(.data)
    FLASH_SECTOR_COUNT                       0x20000150   Data           2  diskio.o(.data)
    am_data                                  0x20000178   Data        1608  main.o(.bss)
    am_data_high                             0x200007c0   Data       16008  main.o(.bss)
    ADF4351                                  0x20004648   Data          72  adf4351.o(.bss)
    TS_BUFFER                                0x20004690   Data        4096  w25qxx.o(.bss)
    inmenbase                                0x20005690   Data       81920  malloc.o(.bss)
    inmemmapbase                             0x20019690   Data        5120  malloc.o(.bss)
    SDIO_InitStructure                       0x2001aa90   Data          24  tfcard_sdio.o(.bss)
    SDIO_CmdInitStructure                    0x2001aaa8   Data          20  tfcard_sdio.o(.bss)
    SDIO_DataInitStructure                   0x2001aabc   Data          24  tfcard_sdio.o(.bss)
    SDCardInfo                               0x2001aaf8   Data          88  tfcard_sdio.o(.bss)
    SDIO_DATA_BUFFER                         0x2001ab50   Data         512  tfcard_sdio.o(.bss)
    hzfont_info                              0x2001ad50   Data          33  updatefont.o(.bss)
    __libspace_start                         0x2001ad74   Data          96  libspace.o(.bss)
    __temporary_stack_top$libspace           0x2001add4   Data           0  libspace.o(.bss)
    exmen2base                               0x68000000   Data       819200  malloc.o(.ARM.__AT_0x68000000)
    exmemmapbase                             0x680c8000   Data       51200  malloc.o(.ARM.__AT_0x680C8000)



==============================================================================

Memory Map of the image

  Image Entry point : 0x08000189

  Load Region LR_IROM1 (Base: 0x08000000, Size: 0x00012e6c, Max: 0x00100000, ABSOLUTE, COMPRESSED[0x00012d58])

    Execution Region ER_IROM1 (Exec base: 0x08000000, Load base: 0x08000000, Size: 0x00012cf8, Max: 0x00100000, ABSOLUTE)

    Exec Addr    Load Addr    Size         Type   Attr      Idx    E Section Name        Object

    0x08000000   0x08000000   0x00000188   Data   RO          236    RESET               startup_stm32f40_41xxx.o
    0x08000188   0x08000188   0x00000008   Code   RO         1190  * !!!main             c_w.l(__main.o)
    0x08000190   0x08000190   0x00000034   Code   RO         1558    !!!scatter          c_w.l(__scatter.o)
    0x080001c4   0x080001c4   0x0000005a   Code   RO         1556    !!dczerorl2         c_w.l(__dczerorl2.o)
    0x0800021e   0x0800021e   0x00000002   PAD
    0x08000220   0x08000220   0x0000001c   Code   RO         1560    !!handler_zi        c_w.l(__scatter_zi.o)
    0x0800023c   0x0800023c   0x00000000   Code   RO         1181    .ARM.Collect$$_printf_percent$$00000000  c_w.l(_printf_percent.o)
    0x0800023c   0x0800023c   0x00000006   Code   RO         1180    .ARM.Collect$$_printf_percent$$00000003  c_w.l(_printf_f.o)
    0x08000242   0x08000242   0x00000006   Code   RO         1179    .ARM.Collect$$_printf_percent$$00000009  c_w.l(_printf_d.o)
    0x08000248   0x08000248   0x00000004   Code   RO         1267    .ARM.Collect$$_printf_percent$$00000017  c_w.l(_printf_percent_end.o)
    0x0800024c   0x0800024c   0x00000002   Code   RO         1419    .ARM.Collect$$libinit$$00000000  c_w.l(libinit.o)
    0x0800024e   0x0800024e   0x00000004   Code   RO         1420    .ARM.Collect$$libinit$$00000001  c_w.l(libinit2.o)
    0x08000252   0x08000252   0x00000000   Code   RO         1423    .ARM.Collect$$libinit$$00000004  c_w.l(libinit2.o)
    0x08000252   0x08000252   0x00000000   Code   RO         1426    .ARM.Collect$$libinit$$0000000A  c_w.l(libinit2.o)
    0x08000252   0x08000252   0x00000000   Code   RO         1428    .ARM.Collect$$libinit$$0000000C  c_w.l(libinit2.o)
    0x08000252   0x08000252   0x00000000   Code   RO         1430    .ARM.Collect$$libinit$$0000000E  c_w.l(libinit2.o)
    0x08000252   0x08000252   0x00000006   Code   RO         1431    .ARM.Collect$$libinit$$0000000F  c_w.l(libinit2.o)
    0x08000258   0x08000258   0x00000000   Code   RO         1433    .ARM.Collect$$libinit$$00000011  c_w.l(libinit2.o)
    0x08000258   0x08000258   0x00000000   Code   RO         1435    .ARM.Collect$$libinit$$00000013  c_w.l(libinit2.o)
    0x08000258   0x08000258   0x00000000   Code   RO         1437    .ARM.Collect$$libinit$$00000015  c_w.l(libinit2.o)
    0x08000258   0x08000258   0x0000000a   Code   RO         1438    .ARM.Collect$$libinit$$00000016  c_w.l(libinit2.o)
    0x08000262   0x08000262   0x00000000   Code   RO         1439    .ARM.Collect$$libinit$$00000017  c_w.l(libinit2.o)
    0x08000262   0x08000262   0x00000000   Code   RO         1441    .ARM.Collect$$libinit$$00000019  c_w.l(libinit2.o)
    0x08000262   0x08000262   0x00000000   Code   RO         1443    .ARM.Collect$$libinit$$0000001B  c_w.l(libinit2.o)
    0x08000262   0x08000262   0x00000000   Code   RO         1445    .ARM.Collect$$libinit$$0000001D  c_w.l(libinit2.o)
    0x08000262   0x08000262   0x00000000   Code   RO         1447    .ARM.Collect$$libinit$$0000001F  c_w.l(libinit2.o)
    0x08000262   0x08000262   0x00000000   Code   RO         1449    .ARM.Collect$$libinit$$00000021  c_w.l(libinit2.o)
    0x08000262   0x08000262   0x00000000   Code   RO         1451    .ARM.Collect$$libinit$$00000023  c_w.l(libinit2.o)
    0x08000262   0x08000262   0x00000000   Code   RO         1453    .ARM.Collect$$libinit$$00000025  c_w.l(libinit2.o)
    0x08000262   0x08000262   0x00000000   Code   RO         1457    .ARM.Collect$$libinit$$0000002C  c_w.l(libinit2.o)
    0x08000262   0x08000262   0x00000000   Code   RO         1459    .ARM.Collect$$libinit$$0000002E  c_w.l(libinit2.o)
    0x08000262   0x08000262   0x00000000   Code   RO         1461    .ARM.Collect$$libinit$$00000030  c_w.l(libinit2.o)
    0x08000262   0x08000262   0x00000000   Code   RO         1463    .ARM.Collect$$libinit$$00000032  c_w.l(libinit2.o)
    0x08000262   0x08000262   0x00000002   Code   RO         1464    .ARM.Collect$$libinit$$00000033  c_w.l(libinit2.o)
    0x08000264   0x08000264   0x00000002   Code   RO         1512    .ARM.Collect$$libshutdown$$00000000  c_w.l(libshutdown.o)
    0x08000266   0x08000266   0x00000000   Code   RO         1523    .ARM.Collect$$libshutdown$$00000002  c_w.l(libshutdown2.o)
    0x08000266   0x08000266   0x00000000   Code   RO         1525    .ARM.Collect$$libshutdown$$00000004  c_w.l(libshutdown2.o)
    0x08000266   0x08000266   0x00000000   Code   RO         1527    .ARM.Collect$$libshutdown$$00000006  c_w.l(libshutdown2.o)
    0x08000266   0x08000266   0x00000000   Code   RO         1530    .ARM.Collect$$libshutdown$$00000009  c_w.l(libshutdown2.o)
    0x08000266   0x08000266   0x00000000   Code   RO         1533    .ARM.Collect$$libshutdown$$0000000C  c_w.l(libshutdown2.o)
    0x08000266   0x08000266   0x00000000   Code   RO         1535    .ARM.Collect$$libshutdown$$0000000E  c_w.l(libshutdown2.o)
    0x08000266   0x08000266   0x00000000   Code   RO         1538    .ARM.Collect$$libshutdown$$00000011  c_w.l(libshutdown2.o)
    0x08000266   0x08000266   0x00000002   Code   RO         1539    .ARM.Collect$$libshutdown$$00000012  c_w.l(libshutdown2.o)
    0x08000268   0x08000268   0x00000000   Code   RO         1254    .ARM.Collect$$rtentry$$00000000  c_w.l(__rtentry.o)
    0x08000268   0x08000268   0x00000000   Code   RO         1333    .ARM.Collect$$rtentry$$00000002  c_w.l(__rtentry2.o)
    0x08000268   0x08000268   0x00000006   Code   RO         1345    .ARM.Collect$$rtentry$$00000004  c_w.l(__rtentry4.o)
    0x0800026e   0x0800026e   0x00000000   Code   RO         1335    .ARM.Collect$$rtentry$$00000009  c_w.l(__rtentry2.o)
    0x0800026e   0x0800026e   0x00000004   Code   RO         1336    .ARM.Collect$$rtentry$$0000000A  c_w.l(__rtentry2.o)
    0x08000272   0x08000272   0x00000000   Code   RO         1338    .ARM.Collect$$rtentry$$0000000C  c_w.l(__rtentry2.o)
    0x08000272   0x08000272   0x00000008   Code   RO         1339    .ARM.Collect$$rtentry$$0000000D  c_w.l(__rtentry2.o)
    0x0800027a   0x0800027a   0x00000002   Code   RO         1467    .ARM.Collect$$rtexit$$00000000  c_w.l(rtexit.o)
    0x0800027c   0x0800027c   0x00000000   Code   RO         1480    .ARM.Collect$$rtexit$$00000002  c_w.l(rtexit2.o)
    0x0800027c   0x0800027c   0x00000004   Code   RO         1481    .ARM.Collect$$rtexit$$00000003  c_w.l(rtexit2.o)
    0x08000280   0x08000280   0x00000006   Code   RO         1482    .ARM.Collect$$rtexit$$00000004  c_w.l(rtexit2.o)
    0x08000286   0x08000286   0x00000002   PAD
    0x08000288   0x08000288   0x00000010   Code   RO          932    .emb_text           sys.o
    0x08000298   0x08000298   0x000004e4   Code   RO            3    .text               main.o
    0x0800077c   0x0800077c   0x0000001a   Code   RO          213    .text               stm32f4xx_it.o
    0x08000796   0x08000796   0x00000002   PAD
    0x08000798   0x08000798   0x00000040   Code   RO          237    .text               startup_stm32f40_41xxx.o
    0x080007d8   0x080007d8   0x00000210   Code   RO          243    .text               system_stm32f4xx.o
    0x080009e8   0x080009e8   0x00000058   Code   RO          269    .text               led.o
    0x08000a40   0x08000a40   0x00000e94   Code   RO          289    .text               lcd.o
    0x080018d4   0x080018d4   0x0000062c   Code   RO          319    .text               adf4351.o
    0x08001f00   0x08001f00   0x00000100   Code   RO          345    .text               pe4302.o
    0x08002000   0x08002000   0x00000754   Code   RO          365    .text               keyboard.o
    0x08002754   0x08002754   0x000000a8   Code   RO          395    .text               adc.o
    0x080027fc   0x080027fc   0x00000432   Code   RO          415    .text               w25qxx.o
    0x08002c2e   0x08002c2e   0x00000002   PAD
    0x08002c30   0x08002c30   0x0000021c   Code   RO          445    .text               malloc.o
    0x08002e4c   0x08002e4c   0x00000134   Code   RO          472    .text               spi.o
    0x08002f80   0x08002f80   0x00001418   Code   RO          492    .text               operation.o
    0x08004398   0x08004398   0x00000138   Code   RO          512    .text               timer.o
    0x080044d0   0x080044d0   0x000004f8   Code   RO          543    .text               key_it.o
    0x080049c8   0x080049c8   0x000001e4   Code   RO          569    .text               exti.o
    0x08004bac   0x08004bac   0x00001d68   Code   RO          590    .text               tfcard_sdio.o
    0x08006914   0x08006914   0x000001d0   Code   RO          620    .text               diskio.o
    0x08006ae4   0x08006ae4   0x000000cc   Code   RO          646    .text               cc936.o
    0x08006bb0   0x08006bb0   0x00003296   Code   RO          665    .text               ff.o
    0x08009e46   0x08009e46   0x00000002   PAD
    0x08009e48   0x08009e48   0x000000e0   Code   RO          685    .text               misc.o
    0x08009f28   0x08009f28   0x00000294   Code   RO          705    .text               stm32f4xx_gpio.o
    0x0800a1bc   0x0800a1bc   0x0000065c   Code   RO          725    .text               stm32f4xx_rcc.o
    0x0800a818   0x0800a818   0x000005c8   Code   RO          747    .text               stm32f4xx_fsmc.o
    0x0800ade0   0x0800ade0   0x00000464   Code   RO          770    .text               stm32f4xx_adc.o
    0x0800b244   0x0800b244   0x00000480   Code   RO          790    .text               stm32f4xx_spi.o
    0x0800b6c4   0x0800b6c4   0x000003a8   Code   RO          810    .text               stm32f4xx_dma.o
    0x0800ba6c   0x0800ba6c   0x000001dc   Code   RO          830    .text               stm32f4xx_sdio.o
    0x0800bc48   0x0800bc48   0x00000110   Code   RO          850    .text               stm32f4xx_exti.o
    0x0800bd58   0x0800bd58   0x00000094   Code   RO          870    .text               stm32f4xx_syscfg.o
    0x0800bdec   0x0800bdec   0x00000ca2   Code   RO          890    .text               stm32f4xx_tim.o
    0x0800ca8e   0x0800ca8e   0x00000002   PAD
    0x0800ca90   0x0800ca90   0x000000fc   Code   RO          910    .text               delay.o
    0x0800cb8c   0x0800cb8c   0x00000694   Code   RO          956    .text               HanZiUse.lib(updatefont.o)
    0x0800d220   0x0800d220   0x00000284   Code   RO         1122    .text               HanZiUse.lib(showhz.o)
    0x0800d4a4   0x0800d4a4   0x00000048   Code   RO         1149    .text               c_w.l(llsdiv.o)
    0x0800d4ec   0x0800d4ec   0x00000028   Code   RO         1153    .text               c_w.l(noretval__2sprintf.o)
    0x0800d514   0x0800d514   0x00000078   Code   RO         1157    .text               c_w.l(_printf_dec.o)
    0x0800d58c   0x0800d58c   0x0000010e   Code   RO         1167    .text               c_w.l(__printf_wp.o)
    0x0800d69a   0x0800d69a   0x00000048   Code   RO         1182    .text               c_w.l(strcpy.o)
    0x0800d6e2   0x0800d6e2   0x0000003e   Code   RO         1184    .text               c_w.l(strlen.o)
    0x0800d720   0x0800d720   0x0000008a   Code   RO         1186    .text               c_w.l(rt_memcpy_v6.o)
    0x0800d7aa   0x0800d7aa   0x00000006   Code   RO         1188    .text               c_w.l(heapauxi.o)
    0x0800d7b0   0x0800d7b0   0x000000ee   Code   RO         1255    .text               c_w.l(lludivv7m.o)
    0x0800d89e   0x0800d89e   0x00000016   Code   RO         1257    .text               c_w.l(_rserrno.o)
    0x0800d8b4   0x0800d8b4   0x000000b2   Code   RO         1259    .text               c_w.l(_printf_intcommon.o)
    0x0800d966   0x0800d966   0x0000041e   Code   RO         1261    .text               c_w.l(_printf_fp_dec.o)
    0x0800dd84   0x0800dd84   0x00000030   Code   RO         1263    .text               c_w.l(_printf_char_common.o)
    0x0800ddb4   0x0800ddb4   0x0000000a   Code   RO         1265    .text               c_w.l(_sputc.o)
    0x0800ddbe   0x0800ddbe   0x00000064   Code   RO         1268    .text               c_w.l(rt_memcpy_w.o)
    0x0800de22   0x0800de22   0x00000002   PAD
    0x0800de24   0x0800de24   0x00000008   Code   RO         1354    .text               c_w.l(rt_locale_intlibspace.o)
    0x0800de2c   0x0800de2c   0x00000008   Code   RO         1359    .text               c_w.l(rt_errno_addr_intlibspace.o)
    0x0800de34   0x0800de34   0x0000008a   Code   RO         1361    .text               c_w.l(lludiv10.o)
    0x0800debe   0x0800debe   0x00000002   PAD
    0x0800dec0   0x0800dec0   0x00000080   Code   RO         1363    .text               c_w.l(_printf_fp_infnan.o)
    0x0800df40   0x0800df40   0x000000e4   Code   RO         1367    .text               c_w.l(bigflt0.o)
    0x0800e024   0x0800e024   0x00000008   Code   RO         1403    .text               c_w.l(libspace.o)
    0x0800e02c   0x0800e02c   0x0000004a   Code   RO         1406    .text               c_w.l(sys_stackheap_outer.o)
    0x0800e076   0x0800e076   0x00000012   Code   RO         1410    .text               c_w.l(exit.o)
    0x0800e088   0x0800e088   0x00000080   Code   RO         1412    .text               c_w.l(strcmpv7m.o)
    0x0800e108   0x0800e108   0x0000000c   Code   RO         1498    .text               c_w.l(sys_exit.o)
    0x0800e114   0x0800e114   0x00000002   Code   RO         1515    .text               c_w.l(use_no_semi.o)
    0x0800e116   0x0800e116   0x00000000   Code   RO         1517    .text               c_w.l(indicate_semi.o)
    0x0800e116   0x0800e116   0x0000003e   Code   RO         1370    CL$$btod_d2e        c_w.l(btod.o)
    0x0800e154   0x0800e154   0x00000046   Code   RO         1372    CL$$btod_d2e_denorm_low  c_w.l(btod.o)
    0x0800e19a   0x0800e19a   0x00000060   Code   RO         1371    CL$$btod_d2e_norm_op1  c_w.l(btod.o)
    0x0800e1fa   0x0800e1fa   0x00000338   Code   RO         1380    CL$$btod_div_common  c_w.l(btod.o)
    0x0800e532   0x0800e532   0x000000dc   Code   RO         1377    CL$$btod_e2e        c_w.l(btod.o)
    0x0800e60e   0x0800e60e   0x0000002a   Code   RO         1374    CL$$btod_ediv       c_w.l(btod.o)
    0x0800e638   0x0800e638   0x0000002a   Code   RO         1373    CL$$btod_emul       c_w.l(btod.o)
    0x0800e662   0x0800e662   0x00000244   Code   RO         1379    CL$$btod_mult_common  c_w.l(btod.o)
    0x0800e8a6   0x0800e8a6   0x00000030   Code   RO         1301    i.__ARM_fpclassify  m_wm.l(fpclassify.o)
    0x0800e8d6   0x0800e8d6   0x00000002   PAD
    0x0800e8d8   0x0800e8d8   0x000003c4   Code   RO         1303    i.__hardfp_log      m_wm.l(log.o)
    0x0800ec9c   0x0800ec9c   0x00000004   PAD
    0x0800eca0   0x0800eca0   0x00000130   Code   RO         1228    i.__hardfp_log10    m_wm.l(log10.o)
    0x0800edd0   0x0800edd0   0x00000c50   Code   RO         1240    i.__hardfp_pow      m_wm.l(pow.o)
    0x0800fa20   0x0800fa20   0x000000f8   Code   RO         1317    i.__kernel_poly     m_wm.l(poly.o)
    0x0800fb18   0x0800fb18   0x00000030   Code   RO         1281    i.__mathlib_dbl_divzero  m_wm.l(dunder.o)
    0x0800fb48   0x0800fb48   0x00000014   Code   RO         1282    i.__mathlib_dbl_infnan  m_wm.l(dunder.o)
    0x0800fb5c   0x0800fb5c   0x00000014   Code   RO         1283    i.__mathlib_dbl_infnan2  m_wm.l(dunder.o)
    0x0800fb70   0x0800fb70   0x00000020   Code   RO         1284    i.__mathlib_dbl_invalid  m_wm.l(dunder.o)
    0x0800fb90   0x0800fb90   0x00000020   Code   RO         1285    i.__mathlib_dbl_overflow  m_wm.l(dunder.o)
    0x0800fbb0   0x0800fbb0   0x00000020   Code   RO         1287    i.__mathlib_dbl_underflow  m_wm.l(dunder.o)
    0x0800fbd0   0x0800fbd0   0x0000000e   Code   RO         1169    i._is_digit         c_w.l(__printf_wp.o)
    0x0800fbde   0x0800fbde   0x00000018   Code   RO         1297    i.fabs              m_wm.l(fabs.o)
    0x0800fbf6   0x0800fbf6   0x00000010   Code   RO         1305    i.log               m_wm.l(log.o)
    0x0800fc06   0x0800fc06   0x0000006e   Code   RO         1322    i.sqrt              m_wm.l(sqrt.o)
    0x0800fc74   0x0800fc74   0x0000002c   Code   RO         1393    locale$$code        c_w.l(lc_numeric_c.o)
    0x0800fca0   0x0800fca0   0x00000018   Code   RO         1270    x$fpl$basic         fz_wm.l(basic.o)
    0x0800fcb8   0x0800fcb8   0x00000150   Code   RO         1192    x$fpl$dadd          fz_wm.l(daddsub_clz.o)
    0x0800fe08   0x0800fe08   0x00000010   Code   RO         1395    x$fpl$dcheck1       fz_wm.l(dcheck1.o)
    0x0800fe18   0x0800fe18   0x00000018   Code   RO         1272    x$fpl$dcmpinf       fz_wm.l(dcmpi.o)
    0x0800fe30   0x0800fe30   0x000002b0   Code   RO         1199    x$fpl$ddiv          fz_wm.l(ddiv.o)
    0x080100e0   0x080100e0   0x00000078   Code   RO         1397    x$fpl$deqf          fz_wm.l(deqf.o)
    0x08010158   0x08010158   0x0000005e   Code   RO         1202    x$fpl$dfix          fz_wm.l(dfix.o)
    0x080101b6   0x080101b6   0x00000002   PAD
    0x080101b8   0x080101b8   0x0000005a   Code   RO         1206    x$fpl$dfixu         fz_wm.l(dfixu.o)
    0x08010212   0x08010212   0x0000002e   Code   RO         1211    x$fpl$dflt          fz_wm.l(dflt_clz.o)
    0x08010240   0x08010240   0x000000a2   Code   RO         1216    x$fpl$dfltll        fz_wm.l(dfltll_clz.o)
    0x080102e2   0x080102e2   0x00000026   Code   RO         1210    x$fpl$dfltu         fz_wm.l(dflt_clz.o)
    0x08010308   0x08010308   0x00000078   Code   RO         1220    x$fpl$dleqf         fz_wm.l(dleqf.o)
    0x08010380   0x08010380   0x00000154   Code   RO         1222    x$fpl$dmul          fz_wm.l(dmul.o)
    0x080104d4   0x080104d4   0x0000009c   Code   RO         1274    x$fpl$dnaninf       fz_wm.l(dnaninf.o)
    0x08010570   0x08010570   0x0000000c   Code   RO         1276    x$fpl$dretinf       fz_wm.l(dretinf.o)
    0x0801057c   0x0801057c   0x0000006c   Code   RO         1224    x$fpl$drleqf        fz_wm.l(drleqf.o)
    0x080105e8   0x080105e8   0x00000016   Code   RO         1193    x$fpl$drsb          fz_wm.l(daddsub_clz.o)
    0x080105fe   0x080105fe   0x00000002   PAD
    0x08010600   0x08010600   0x00000198   Code   RO         1399    x$fpl$dsqrt         fz_wm.l(dsqrt_umaal.o)
    0x08010798   0x08010798   0x000001d4   Code   RO         1194    x$fpl$dsub          fz_wm.l(daddsub_clz.o)
    0x0801096c   0x0801096c   0x0000000a   Code   RO         1475    x$fpl$fpinit        fz_wm.l(fpinit.o)
    0x08010976   0x08010976   0x00000004   Code   RO         1226    x$fpl$printf1       fz_wm.l(printf1.o)
    0x0801097a   0x0801097a   0x00000064   Code   RO         1465    x$fpl$retnan        fz_wm.l(retnan.o)
    0x080109de   0x080109de   0x0000005c   Code   RO         1278    x$fpl$scalbn        fz_wm.l(scalbn.o)
    0x08010a3a   0x08010a3a   0x00000030   Code   RO         1477    x$fpl$trapveneer    fz_wm.l(trapv.o)
    0x08010a6a   0x08010a6a   0x00000000   Code   RO         1280    x$fpl$usenofp       fz_wm.l(usenofp.o)
    0x08010a6a   0x08010a6a   0x00001c34   Data   RO          290    .constdata          lcd.o
    0x0801269e   0x0801269e   0x00000002   PAD
    0x080126a0   0x080126a0   0x00000018   Data   RO          449    .constdata          malloc.o
    0x080126b8   0x080126b8   0x000003c0   Data   RO          647    .constdata          cc936.o
    0x08012a78   0x08012a78   0x0000003a   Data   RO          666    .constdata          ff.o
    0x08012ab2   0x08012ab2   0x00000002   PAD
    0x08012ab4   0x08012ab4   0x0000001c   Data   RO          748    .constdata          stm32f4xx_fsmc.o
    0x08012ad0   0x08012ad0   0x00000010   Data   RO          958    .constdata          HanZiUse.lib(updatefont.o)
    0x08012ae0   0x08012ae0   0x00000088   Data   RO         1243    .constdata          m_wm.l(pow.o)
    0x08012b68   0x08012b68   0x00000038   Data   RO         1306    .constdata          m_wm.l(log.o)
    0x08012ba0   0x08012ba0   0x00000008   Data   RO         1319    .constdata          m_wm.l(qnan.o)
    0x08012ba8   0x08012ba8   0x00000094   Data   RO         1368    .constdata          c_w.l(bigflt0.o)
    0x08012c3c   0x08012c3c   0x0000007f   Data   RO          959    .conststring        HanZiUse.lib(updatefont.o)
    0x08012cbb   0x08012cbb   0x00000001   PAD
    0x08012cbc   0x08012cbc   0x00000020   Data   RO         1554    Region$$Table       anon$$obj.o
    0x08012cdc   0x08012cdc   0x0000001c   Data   RO         1392    locale$$data        c_w.l(lc_numeric_c.o)


    Execution Region RW_IRAM1 (Exec base: 0x20000000, Load base: 0x08012cf8, Size: 0x0001b3d8, Max: 0x00020000, ABSOLUTE, COMPRESSED[0x00000060])

    Exec Addr    Load Addr    Size         Type   Attr      Idx    E Section Name        Object

    0x20000000   COMPRESSED   0x00000088   Data   RW            5    .data               main.o
    0x20000088   COMPRESSED   0x00000014   Data   RW          244    .data               system_stm32f4xx.o
    0x2000009c   COMPRESSED   0x00000012   Data   RW          291    .data               lcd.o
    0x200000ae   COMPRESSED   0x00000002   PAD
    0x200000b0   COMPRESSED   0x00000028   Data   RW          366    .data               keyboard.o
    0x200000d8   COMPRESSED   0x00000002   Data   RW          417    .data               w25qxx.o
    0x200000da   COMPRESSED   0x00000002   PAD
    0x200000dc   COMPRESSED   0x00000012   Data   RW          450    .data               malloc.o
    0x200000ee   COMPRESSED   0x00000002   PAD
    0x200000f0   COMPRESSED   0x00000014   Data   RW          513    .data               timer.o
    0x20000104   COMPRESSED   0x0000003c   Data   RW          544    .data               key_it.o
    0x20000140   COMPRESSED   0x00000010   Data   RW          592    .data               tfcard_sdio.o
    0x20000150   COMPRESSED   0x00000002   Data   RW          621    .data               diskio.o
    0x20000152   COMPRESSED   0x00000002   PAD
    0x20000154   COMPRESSED   0x0000000a   Data   RW          667    .data               ff.o
    0x2000015e   COMPRESSED   0x00000010   Data   RW          726    .data               stm32f4xx_rcc.o
    0x2000016e   COMPRESSED   0x00000004   Data   RW          911    .data               delay.o
    0x20000172   COMPRESSED   0x00000006   PAD
    0x20000178        -       0x000044d0   Zero   RW            4    .bss                main.o
    0x20004648        -       0x00000048   Zero   RW          320    .bss                adf4351.o
    0x20004690        -       0x00001000   Zero   RW          416    .bss                w25qxx.o
    0x20005690        -       0x00015400   Zero   RW          448    .bss                malloc.o
    0x2001aa90        -       0x000002c0   Zero   RW          591    .bss                tfcard_sdio.o
    0x2001ad50        -       0x00000021   Zero   RW          957    .bss                HanZiUse.lib(updatefont.o)
    0x2001ad71   COMPRESSED   0x00000003   PAD
    0x2001ad74        -       0x00000060   Zero   RW         1404    .bss                c_w.l(libspace.o)
    0x2001add4   COMPRESSED   0x00000004   PAD
    0x2001add8        -       0x00000200   Zero   RW          235    HEAP                startup_stm32f40_41xxx.o
    0x2001afd8        -       0x00000400   Zero   RW          234    STACK               startup_stm32f40_41xxx.o



  Load Region LR$$.ARM.__AT_0x68000000 (Base: 0x68000000, Size: 0x00000000, Max: 0x000c8000, ABSOLUTE)

    Execution Region ER$$.ARM.__AT_0x68000000 (Exec base: 0x68000000, Load base: 0x68000000, Size: 0x000c8000, Max: 0x000c8000, ABSOLUTE, UNINIT)

    Exec Addr    Load Addr    Size         Type   Attr      Idx    E Section Name        Object

    0x68000000        -       0x000c8000   Zero   RW          446    .ARM.__AT_0x68000000  malloc.o



  Load Region LR$$.ARM.__AT_0x680C8000 (Base: 0x680c8000, Size: 0x00000000, Max: 0x0000c800, ABSOLUTE)

    Execution Region ER$$.ARM.__AT_0x680C8000 (Exec base: 0x680c8000, Load base: 0x680c8000, Size: 0x0000c800, Max: 0x0000c800, ABSOLUTE, UNINIT)

    Exec Addr    Load Addr    Size         Type   Attr      Idx    E Section Name        Object

    0x680c8000        -       0x0000c800   Zero   RW          447    .ARM.__AT_0x680C8000  malloc.o


==============================================================================

Image component sizes


      Code (inc. data)   RO Data    RW Data    ZI Data      Debug   Object Name

       168         10          0          0          0        808   adc.o
      1580        126          0          0         72       6058   adf4351.o
       204         12        960          0          0       1681   cc936.o
       252         10          0          4          0       1441   delay.o
       464          8          0          2          0       4418   diskio.o
       484         66          0          0          0       1211   exti.o
     12950        138         58         10          0      35738   ff.o
      1272        130          0         60          0       2555   key_it.o
      1876         86          0         40          0       6637   keyboard.o
      3732        154       7220         18          0      11421   lcd.o
        88          8          0          0          0        539   led.o
      1252        222          0        136      17616     346302   main.o
       540         26         24         18     957440       4218   malloc.o
       224         20          0          0          0       1869   misc.o
      5144       1152          0          0          0       6039   operation.o
       256         26          0          0          0        886   pe4302.o
       308         10          0          0          0       1173   spi.o
        64         26        392          0       1536        864   startup_stm32f40_41xxx.o
      1124         24          0          0          0      10738   stm32f4xx_adc.o
       936         32          0          0          0       6445   stm32f4xx_dma.o
       272         10          0          0          0       2335   stm32f4xx_exti.o
      1480         18         28          0          0       5714   stm32f4xx_fsmc.o
       660         44          0          0          0       4209   stm32f4xx_gpio.o
        26          0          0          0          0       1242   stm32f4xx_it.o
      1628         52          0         16          0      13100   stm32f4xx_rcc.o
       476         16          0          0          0       7472   stm32f4xx_sdio.o
      1152         36          0          0          0       6957   stm32f4xx_spi.o
       148         12          0          0          0       1865   stm32f4xx_syscfg.o
      3234         60          0          0          0      23064   stm32f4xx_tim.o
        16          0          0          0          0        492   sys.o
       528         46          0         20          0       1903   system_stm32f4xx.o
      7528        286          0         16        704      17515   tfcard_sdio.o
       312         14          0         20          0       1631   timer.o
      1074         22          0          2       4096       4657   w25qxx.o

    ----------------------------------------------------------------------
     51460       2902       8718        372     981468     543197   Object Totals
         0          0         32          0          0          0   (incl. Generated)
         8          0          4         10          4          0   (incl. Padding)

    ----------------------------------------------------------------------

      Code (inc. data)   RO Data    RW Data    ZI Data      Debug   Library Member Name

       644         16          0          0          0       2785   showhz.o
      1684        312        143          0         33      11884   updatefont.o
        90          0          0          0          0          0   __dczerorl2.o
         8          0          0          0          0         68   __main.o
       284          0          0          0          0        156   __printf_wp.o
         0          0          0          0          0          0   __rtentry.o
        12          0          0          0          0          0   __rtentry2.o
         6          0          0          0          0          0   __rtentry4.o
        52          8          0          0          0          0   __scatter.o
        28          0          0          0          0          0   __scatter_zi.o
        48          6          0          0          0         96   _printf_char_common.o
         6          0          0          0          0          0   _printf_d.o
       120         16          0          0          0         92   _printf_dec.o
         6          0          0          0          0          0   _printf_f.o
      1054          0          0          0          0        216   _printf_fp_dec.o
       128         16          0          0          0         84   _printf_fp_infnan.o
       178          0          0          0          0         88   _printf_intcommon.o
         0          0          0          0          0          0   _printf_percent.o
         4          0          0          0          0          0   _printf_percent_end.o
        22          0          0          0          0        100   _rserrno.o
        10          0          0          0          0         68   _sputc.o
       228          4        148          0          0         96   bigflt0.o
      1936        128          0          0          0        672   btod.o
        18          0          0          0          0         80   exit.o
         6          0          0          0          0        152   heapauxi.o
         0          0          0          0          0          0   indicate_semi.o
        44         10         28          0          0         76   lc_numeric_c.o
         2          0          0          0          0          0   libinit.o
        22          0          0          0          0          0   libinit2.o
         2          0          0          0          0          0   libshutdown.o
         2          0          0          0          0          0   libshutdown2.o
         8          4          0          0         96         68   libspace.o
        72          0          0          0          0         76   llsdiv.o
       138          0          0          0          0         80   lludiv10.o
       238          0          0          0          0        100   lludivv7m.o
        40          6          0          0          0         84   noretval__2sprintf.o
         8          4          0          0          0         68   rt_errno_addr_intlibspace.o
         8          4          0          0          0         68   rt_locale_intlibspace.o
       138          0          0          0          0         68   rt_memcpy_v6.o
       100          0          0          0          0         80   rt_memcpy_w.o
         2          0          0          0          0          0   rtexit.o
        10          0          0          0          0          0   rtexit2.o
       128          0          0          0          0         68   strcmpv7m.o
        72          0          0          0          0         80   strcpy.o
        62          0          0          0          0         76   strlen.o
        12          4          0          0          0         68   sys_exit.o
        74          0          0          0          0         80   sys_stackheap_outer.o
         2          0          0          0          0         68   use_no_semi.o
        24          0          0          0          0        164   basic.o
       826         16          0          0          0        492   daddsub_clz.o
        16          4          0          0          0        116   dcheck1.o
        24          0          0          0          0        116   dcmpi.o
       688        140          0          0          0        256   ddiv.o
       120          4          0          0          0        140   deqf.o
        94          4          0          0          0        140   dfix.o
        90          4          0          0          0        140   dfixu.o
        84          0          0          0          0        232   dflt_clz.o
       162          0          0          0          0        132   dfltll_clz.o
       120          4          0          0          0        140   dleqf.o
       340         12          0          0          0        152   dmul.o
       156          4          0          0          0        140   dnaninf.o
        12          0          0          0          0        116   dretinf.o
       108          0          0          0          0        128   drleqf.o
       408         56          0          0          0        168   dsqrt_umaal.o
        10          0          0          0          0        116   fpinit.o
         4          0          0          0          0        116   printf1.o
       100          0          0          0          0        116   retnan.o
        92          0          0          0          0        116   scalbn.o
        48          0          0          0          0        116   trapv.o
         0          0          0          0          0          0   usenofp.o
       184         44          0          0          0        744   dunder.o
        24          0          0          0          0        124   fabs.o
        48          0          0          0          0        124   fpclassify.o
       980         92         56          0          0        440   log.o
       304         44          0          0          0        200   log10.o
       248          0          0          0          0        152   poly.o
      3152        296        136          0          0        352   pow.o
         0          0          8          0          0          0   qnan.o
       110          0          0          0          0        148   sqrt.o

    ----------------------------------------------------------------------
     16350       1266        520          0        136      23481   Library Totals
        18          4          1          0          7          0   (incl. Padding)

    ----------------------------------------------------------------------

      Code (inc. data)   RO Data    RW Data    ZI Data      Debug   Library Name

      2328        328        143          0         33      14669   HanZiUse.lib
      5428        210        176          0         96       3176   c_w.l
      3526        248          0          0          0       3352   fz_wm.l
      5050        476        200          0          0       2284   m_wm.l

    ----------------------------------------------------------------------
     16350       1266        520          0        136      23481   Library Totals

    ----------------------------------------------------------------------

==============================================================================


      Code (inc. data)   RO Data    RW Data    ZI Data      Debug   

     67810       4168       9238        372     981604     553610   Grand Totals
     67810       4168       9238         96     981604     553610   ELF Image Totals (compressed)
     67810       4168       9238         96          0          0   ROM Totals

==============================================================================

    Total RO  Size (Code + RO Data)                77048 (  75.24kB)
    Total RW  Size (RW Data + ZI Data)            981976 ( 958.96kB)
    Total ROM Size (Code + RO Data + RW Data)      77144 (  75.34kB)

==============================================================================

